Archive member included to satisfy reference by file (symbol)

/opt/st/stm32cubeide_2.0.0/plugins/com.st.stm32cube.ide.mcu.externaltools.gnu-tools-for-stm32.13.3.rel1.linux64_1.0.100.202509120712/tools/bin/../lib/gcc/arm-none-eabi/13.3.1/../../../../arm-none-eabi/lib/thumb/v7e-m+fp/hard/libc_nano.a(libc_a-exit.o)
                              /opt/st/stm32cubeide_2.0.0/plugins/com.st.stm32cube.ide.mcu.externaltools.gnu-tools-for-stm32.13.3.rel1.linux64_1.0.100.202509120712/tools/bin/../lib/gcc/arm-none-eabi/13.3.1/../../../../arm-none-eabi/lib/thumb/v7e-m+fp/hard/crt0.o (exit)
/opt/st/stm32cubeide_2.0.0/plugins/com.st.stm32cube.ide.mcu.externaltools.gnu-tools-for-stm32.13.3.rel1.linux64_1.0.100.202509120712/tools/bin/../lib/gcc/arm-none-eabi/13.3.1/../../../../arm-none-eabi/lib/thumb/v7e-m+fp/hard/libc_nano.a(libc_a-findfp.o)
                              /opt/st/stm32cubeide_2.0.0/plugins/com.st.stm32cube.ide.mcu.externaltools.gnu-tools-for-stm32.13.3.rel1.linux64_1.0.100.202509120712/tools/bin/../lib/gcc/arm-none-eabi/13.3.1/../../../../arm-none-eabi/lib/thumb/v7e-m+fp/hard/libc_nano.a(libc_a-exit.o) (__stdio_exit_handler)
/opt/st/stm32cubeide_2.0.0/plugins/com.st.stm32cube.ide.mcu.externaltools.gnu-tools-for-stm32.13.3.rel1.linux64_1.0.100.202509120712/tools/bin/../lib/gcc/arm-none-eabi/13.3.1/../../../../arm-none-eabi/lib/thumb/v7e-m+fp/hard/libc_nano.a(libc_a-fwalk.o)
                              /opt/st/stm32cubeide_2.0.0/plugins/com.st.stm32cube.ide.mcu.externaltools.gnu-tools-for-stm32.13.3.rel1.linux64_1.0.100.202509120712/tools/bin/../lib/gcc/arm-none-eabi/13.3.1/../../../../arm-none-eabi/lib/thumb/v7e-m+fp/hard/libc_nano.a(libc_a-findfp.o) (_fwalk_sglue)
/opt/st/stm32cubeide_2.0.0/plugins/com.st.stm32cube.ide.mcu.externaltools.gnu-tools-for-stm32.13.3.rel1.linux64_1.0.100.202509120712/tools/bin/../lib/gcc/arm-none-eabi/13.3.1/../../../../arm-none-eabi/lib/thumb/v7e-m+fp/hard/libc_nano.a(libc_a-printf.o)
                              ./debug_app/Src/i2c_scanner.o (printf)
/opt/st/stm32cubeide_2.0.0/plugins/com.st.stm32cube.ide.mcu.externaltools.gnu-tools-for-stm32.13.3.rel1.linux64_1.0.100.202509120712/tools/bin/../lib/gcc/arm-none-eabi/13.3.1/../../../../arm-none-eabi/lib/thumb/v7e-m+fp/hard/libc_nano.a(libc_a-snprintf.o)
                              ./app/Src/mpu6050.o (snprintf)
/opt/st/stm32cubeide_2.0.0/plugins/com.st.stm32cube.ide.mcu.externaltools.gnu-tools-for-stm32.13.3.rel1.linux64_1.0.100.202509120712/tools/bin/../lib/gcc/arm-none-eabi/13.3.1/../../../../arm-none-eabi/lib/thumb/v7e-m+fp/hard/libc_nano.a(libc_a-stdio.o)
                              /opt/st/stm32cubeide_2.0.0/plugins/com.st.stm32cube.ide.mcu.externaltools.gnu-tools-for-stm32.13.3.rel1.linux64_1.0.100.202509120712/tools/bin/../lib/gcc/arm-none-eabi/13.3.1/../../../../arm-none-eabi/lib/thumb/v7e-m+fp/hard/libc_nano.a(libc_a-findfp.o) (__sread)
/opt/st/stm32cubeide_2.0.0/plugins/com.st.stm32cube.ide.mcu.externaltools.gnu-tools-for-stm32.13.3.rel1.linux64_1.0.100.202509120712/tools/bin/../lib/gcc/arm-none-eabi/13.3.1/../../../../arm-none-eabi/lib/thumb/v7e-m+fp/hard/libc_nano.a(libc_a-memset.o)
                              /opt/st/stm32cubeide_2.0.0/plugins/com.st.stm32cube.ide.mcu.externaltools.gnu-tools-for-stm32.13.3.rel1.linux64_1.0.100.202509120712/tools/bin/../lib/gcc/arm-none-eabi/13.3.1/../../../../arm-none-eabi/lib/thumb/v7e-m+fp/hard/crt0.o (memset)
/opt/st/stm32cubeide_2.0.0/plugins/com.st.stm32cube.ide.mcu.externaltools.gnu-tools-for-stm32.13.3.rel1.linux64_1.0.100.202509120712/tools/bin/../lib/gcc/arm-none-eabi/13.3.1/../../../../arm-none-eabi/lib/thumb/v7e-m+fp/hard/libc_nano.a(libc_a-closer.o)
                              /opt/st/stm32cubeide_2.0.0/plugins/com.st.stm32cube.ide.mcu.externaltools.gnu-tools-for-stm32.13.3.rel1.linux64_1.0.100.202509120712/tools/bin/../lib/gcc/arm-none-eabi/13.3.1/../../../../arm-none-eabi/lib/thumb/v7e-m+fp/hard/libc_nano.a(libc_a-stdio.o) (_close_r)
/opt/st/stm32cubeide_2.0.0/plugins/com.st.stm32cube.ide.mcu.externaltools.gnu-tools-for-stm32.13.3.rel1.linux64_1.0.100.202509120712/tools/bin/../lib/gcc/arm-none-eabi/13.3.1/../../../../arm-none-eabi/lib/thumb/v7e-m+fp/hard/libc_nano.a(libc_a-reent.o)
                              /opt/st/stm32cubeide_2.0.0/plugins/com.st.stm32cube.ide.mcu.externaltools.gnu-tools-for-stm32.13.3.rel1.linux64_1.0.100.202509120712/tools/bin/../lib/gcc/arm-none-eabi/13.3.1/../../../../arm-none-eabi/lib/thumb/v7e-m+fp/hard/libc_nano.a(libc_a-closer.o) (errno)
/opt/st/stm32cubeide_2.0.0/plugins/com.st.stm32cube.ide.mcu.externaltools.gnu-tools-for-stm32.13.3.rel1.linux64_1.0.100.202509120712/tools/bin/../lib/gcc/arm-none-eabi/13.3.1/../../../../arm-none-eabi/lib/thumb/v7e-m+fp/hard/libc_nano.a(libc_a-impure.o)
[...]
Memory Configuration

Name             Origin             Length             Attributes
RAM              0x20000000         0x00020000         xrw
FLASH            0x08000000         0x00080000         xr
*default*        0x00000000         0xffffffff

Linker script and memory map

LOAD /opt/st/stm32cubeide_2.0.0/plugins/com.st.stm32cube.ide.mcu.externaltools.gnu-tools-for-stm32.13.3.rel1.linux64_1.0.100.202509120712/tools/bin/../lib/gcc/arm-none-eabi/13.3.1/thumb/v7e-m+fp/hard/crti.o
LOAD /opt/st/stm32cubeide_2.0.0/plugins/com.st.stm32cube.ide.mcu.externaltools.gnu-tools-for-stm32.13.3.rel1.linux64_1.0.100.202509120712/tools/bin/../lib/gcc/arm-none-eabi/13.3.1/thumb/v7e-m+fp/hard/crtbegin.o
LOAD /opt/st/stm32cubeide_2.0.0/plugins/com.st.stm32cube.ide.mcu.externaltools.gnu-tools-for-stm32.13.3.rel1.linux64_1.0.100.202509120712/tools/bin/../lib/gcc/arm-none-eabi/13.3.1/../../../../arm-none-eabi/lib/thumb/v7e-m+fp/hard/crt0.o
LOAD ./Src/main.o
LOAD ./Src/syscalls.o
LOAD ./Src/sysmem.o
LOAD ./Src/system_stm32f4xx.o
LOAD ./Startup/startup_stm32f446retx.o
LOAD ./app/Src/mpu6050.o
LOAD ./debug_app/Src/i2c_scanner.o
LOAD ./drivers/Src/buzz_gpio.o
LOAD ./drivers/Src/buzz_i2c.o
LOAD ./drivers/Src/buzz_rcc.o
LOAD ./drivers/Src/buzz_systick.o
LOAD ./drivers/Src/buzz_usart.o
START GROUP
LOAD /opt/st/stm32cubeide_2.0.0/plugins/com.st.stm32cube.ide.mcu.externaltools.gnu-tools-for-stm32.13.3.rel1.linux64_1.0.100.202509120712/tools/bin/../lib/gcc/arm-none-eabi/13.3.1/../../../../arm-none-eabi/lib/thumb/v7e-m+fp/hard/libc_nano.a
LOAD /opt/st/stm32cubeide_2.0.0/plugins/com.st.stm32cube.ide.mcu.externaltools.gnu-tools-for-stm32.13.3.rel1.linux64_1.0.100.202509120712/tools/bin/../lib/gcc/arm-none-eabi/13.3.1/../../../../arm-none-eabi/lib/thumb/v7e-m+fp/hard/libm.a
END GROUP
START GROUP
LOAD /opt/st/stm32cubeide_2.0.0/plugins/com.st.stm32cube.ide.mcu.externaltools.gnu-tools-for-stm32.13.3.rel1.linux64_1.0.100.202509120712/tools/bin/../lib/gcc/arm-none-eabi/13.3.1/thumb/v7e-m+fp/hard/libgcc.a
LOAD /opt/st/stm32cubeide_2.0.0/plugins/com.st.stm32cube.ide.mcu.externaltools.gnu-tools-for-stm32.13.3.rel1.linux64_1.0.100.202509120712/tools/bin/../lib/gcc/arm-none-eabi/13.3.1/../../../../arm-none-eabi/lib/thumb/v7e-m+fp/hard/libc_nano.a
END GROUP
START GROUP
LOAD /opt/st/stm32cubeide_2.0.0/plugins/com.st.stm32cube.ide.mcu.externaltools.gnu-tools-for-stm32.13.3.rel1.linux64_1.0.100.202509120712/tools/bin/../lib/gcc/arm-none-eabi/13.3.1/thumb/v7e-m+fp/hard/libgcc.a
LOAD /opt/st/stm32cubeide_2.0.0/plugins/com.st.stm32cube.ide.mcu.externaltools.gnu-tools-for-stm32.13.3.rel1.linux64_1.0.100.202509120712/tools/bin/../lib/gcc/arm-none-eabi/13.3.1/../../../../arm-none-eabi/lib/thumb/v7e-m+fp/hard/libc_nano.a
LOAD /opt/st/stm32cubeide_2.0.0/plugins/com.st.stm32cube.ide.mcu.externaltools.gnu-tools-for-stm32.13.3.rel1.linux64_1.0.100.202509120712/tools/bin/../lib/gcc/arm-none-eabi/13.3.1/../../../../arm-none-eabi/lib/thumb/v7e-m+fp/hard/libnosys.a
END GROUP
START GROUP
LOAD /opt/st/stm32cubeide_2.0.0/plugins/com.st.stm32cube.ide.mcu.externaltools.gnu-tools-for-stm32.13.3.rel1.linux64_1.0.100.202509120712/tools/bin/../lib/gcc/arm-none-eabi/13.3.1/thumb/v7e-m+fp/hard/libgcc.a
LOAD /opt/st/stm32cubeide_2.0.0/plugins/com.st.stm32cube.ide.mcu.externaltools.gnu-tools-for-stm32.13.3.rel1.linux64_1.0.100.202509120712/tools/bin/../lib/gcc/arm-none-eabi/13.3.1/../../../../arm-none-eabi/lib/thumb/v7e-m+fp/hard/libc_nano.a
LOAD /opt/st/stm32cubeide_2.0.0/plugins/com.st.stm32cube.ide.mcu.externaltools.gnu-tools-for-stm32.13.3.rel1.linux64_1.0.100.202509120712/tools/bin/../lib/gcc/arm-none-eabi/13.3.1/../../../../arm-none-eabi/lib/thumb/v7e-m+fp/hard/libnosys.a
END GROUP
LOAD /opt/st/stm32cubeide_2.0.0/plugins/com.st.stm32cube.ide.mcu.externaltools.gnu-tools-for-stm32.13.3.rel1.linux64_1.0.100.202509120712/tools/bin/../lib/gcc/arm-none-eabi/13.3.1/thumb/v7e-m+fp/hard/crtend.o
LOAD /opt/st/stm32cubeide_2.0.0/plugins/com.st.stm32cube.ide.mcu.externaltools.gnu-tools-for-stm32.13.3.rel1.linux64_1.0.100.202509120712/tools/bin/../lib/gcc/arm-none-eabi/13.3.1/thumb/v7e-m+fp/hard/crtn.o
                0x20020000                        _estack = (ORIGIN (RAM) + LENGTH (RAM))
                0x00000200                        _Min_Heap_Size = 0x200
                0x00000400                        _Min_Stack_Size = 0x400

.isr_vector     0x08000000      0x1c4
                0x08000000                        . = ALIGN (0x4)
 *(.isr_vector)
 .isr_vector    0x08000000      0x1c4 ./Startup/startup_stm32f446retx.o
                0x08000000                g_pfnVectors
                0x080001c4                        . = ALIGN (0x4)

.text           0x080001d0     0x1eb8
                0x080001d0                        . = ALIGN (0x4)
 *(.text)
 .text          0x080001d0       0x40 /opt/st/stm32cubeide_2.0.0/plugins/com.st.stm32cube.ide.mcu.externaltools.gnu-tools-for-stm32.13.3.rel1.linux64_1.0.100.202509120712/tools/bin/../lib/gcc/arm-none-eabi/13.3.1/thumb/v7e-m+fp/hard/crtbegin.o
 .text          0x08000210       0xa0 /opt/st/stm32cubeide_2.0.0/plugins/com.st.stm32cube.ide.mcu.externaltools.gnu-tools-for-stm32.13.3.rel1.linux64_1.0.100.202509120712/tools/bin/../lib/gcc/arm-none-eabi/13.3.1/../../../../arm-none-eabi/lib/thumb/v7e-m+fp/hard/libc_nano.a(libc_a-memchr.o)
                0x08000210                memchr
 *(.text*)
 .text.main     0x080002b0      0x15c ./Src/main.o
                0x080002b0                main
 .text._sbrk    0x0800040c       0x6c ./Src/sysmem.o
                0x0800040c                _sbrk
 .text.SystemInit
                0x08000478        0xe ./Src/system_stm32f4xx.o
                0x08000478                SystemInit
 *fill*         0x08000486        0x2 
 .text.Reset_Handler
                0x08000488       0x50 ./Startup/startup_stm32f446retx.o
                0x08000488                Reset_Handler
 .text.Default_Handler
                0x080004d8        0x2 ./Startup/startup_stm32f446retx.o
                0x080004d8                RTC_Alarm_IRQHandler
                0x080004d8                EXTI2_IRQHandler
                0x080004d8                TIM8_CC_IRQHandler
                0x080004d8                SPDIF_Rx_IRQHandler
                0x080004d8                DebugMon_Handler
                0x080004d8                SPI4_IRQHandler
                0x080004d8                TIM1_CC_IRQHandler
                0x080004d8                QuadSPI_IRQHandler
                0x080004d8                DMA2_Stream5_IRQHandler
                0x080004d8                HardFault_Handler
                0x080004d8                DMA1_Stream5_IRQHandler
                0x080004d8                PVD_IRQHandler
                0x080004d8                SDIO_IRQHandler
                0x080004d8                TAMP_STAMP_IRQHandler
                0x080004d8                PendSV_Handler
                0x080004d8                NMI_Handler
                0x080004d8                CAN2_RX1_IRQHandler
                0x080004d8                EXTI3_IRQHandler
                0x080004d8                TIM8_TRG_COM_TIM14_IRQHandler
                0x080004d8                TIM1_UP_TIM10_IRQHandler
                0x080004d8                FMPI2C1_error_IRQHandler
                0x080004d8                TIM8_UP_TIM13_IRQHandler
                0x080004d8                I2C3_ER_IRQHandler
                0x080004d8                EXTI0_IRQHandler
                0x080004d8                I2C2_EV_IRQHandler
                0x080004d8                DMA1_Stream2_IRQHandler
                0x080004d8                CAN1_RX0_IRQHandler
                0x080004d8                OTG_HS_WKUP_IRQHandler
                0x080004d8                UsageFault_Handler
                0x080004d8                CAN2_SCE_IRQHandler
                0x080004d8                DMA2_Stream2_IRQHandler
                0x080004d8                SPI1_IRQHandler
                0x080004d8                TIM6_DAC_IRQHandler
                0x080004d8                TIM1_BRK_TIM9_IRQHandler
                0x080004d8                DCMI_IRQHandler
                0x080004d8                CAN2_RX0_IRQHandler
                0x080004d8                DMA2_Stream3_IRQHandler
                0x080004d8                FMPI2C1_IRQHandler
                0x080004d8                SAI2_IRQHandler
                0x080004d8                USART6_IRQHandler
                0x080004d8                USART3_IRQHandler
                0x080004d8                CAN1_RX1_IRQHandler
                0x080004d8                UART5_IRQHandler
                0x080004d8                DMA2_Stream0_IRQHandler
                0x080004d8                TIM4_IRQHandler
                0x080004d8                I2C1_EV_IRQHandler
                0x080004d8                HDMI_CEC_IRQHandler
                0x080004d8                DMA1_Stream6_IRQHandler
                0x080004d8                DMA1_Stream1_IRQHandler
                0x080004d8                UART4_IRQHandler
                0x080004d8                TIM3_IRQHandler
                0x080004d8                RCC_IRQHandler
                0x080004d8                TIM8_BRK_TIM12_IRQHandler
                0x080004d8                Default_Handler
                0x080004d8                EXTI15_10_IRQHandler
                0x080004d8                ADC_IRQHandler
                0x080004d8                DMA1_Stream7_IRQHandler
                0x080004d8                TIM7_IRQHandler
                0x080004d8                CAN2_TX_IRQHandler
                0x080004d8                TIM5_IRQHandler
                0x080004d8                DMA2_Stream7_IRQHandler
                0x080004d8                I2C3_EV_IRQHandler
                0x080004d8                EXTI9_5_IRQHandler
                0x080004d8                RTC_WKUP_IRQHandler
                0x080004d8                SPI2_IRQHandler
                0x080004d8                OTG_HS_EP1_IN_IRQHandler
                0x080004d8                MemManage_Handler
                0x080004d8                DMA1_Stream0_IRQHandler
                0x080004d8                CAN1_TX_IRQHandler
                0x080004d8                SVC_Handler
                0x080004d8                EXTI4_IRQHandler
                0x080004d8                OTG_HS_EP1_OUT_IRQHandler
                0x080004d8                WWDG_IRQHandler
                0x080004d8                TIM2_IRQHandler
                0x080004d8                OTG_FS_WKUP_IRQHandler
                0x080004d8                TIM1_TRG_COM_TIM11_IRQHandler
                0x080004d8                OTG_HS_IRQHandler
                0x080004d8                EXTI1_IRQHandler
                0x080004d8                USART2_IRQHandler
                0x080004d8                I2C2_ER_IRQHandler
                0x080004d8                DMA2_Stream1_IRQHandler
                0x080004d8                CAN1_SCE_IRQHandler
                0x080004d8                FLASH_IRQHandler
                0x080004d8                DMA2_Stream4_IRQHandler
                0x080004d8                BusFault_Handler
                0x080004d8                USART1_IRQHandler
                0x080004d8                OTG_FS_IRQHandler
                0x080004d8                SPI3_IRQHandler
                0x080004d8                DMA1_Stream4_IRQHandler
                0x080004d8                I2C1_ER_IRQHandler
                0x080004d8                FMC_IRQHandler
                0x080004d8                DMA2_Stream6_IRQHandler
                0x080004d8                SAI1_IRQHandler
                0x080004d8                DMA1_Stream3_IRQHandler
 .text.MPU6050_Init
                0x080004da       0x92 ./app/Src/mpu6050.o
                0x080004da                MPU6050_Init
 .text.MPU6050_ReadRawData
                0x0800056c       0xc6 ./app/Src/mpu6050.o
                0x0800056c                MPU6050_ReadRawData
 *fill*         0x08000632        0x2 
 .text.MPU6050_SendPacket
                0x08000634       0xf8 ./app/Src/mpu6050.o
                0x08000634                MPU6050_SendPacket
 .text.GPIO_PeriClockControl
                0x0800072c      0x1a0 ./drivers/Src/buzz_gpio.o
                0x0800072c                GPIO_PeriClockControl
 .text.GPIO_Init
                0x080008cc      0x354 ./drivers/Src/buzz_gpio.o
                0x080008cc                GPIO_Init
 .text.GPIO_WriteToOutputPin
                0x08000c20       0x4a ./drivers/Src/buzz_gpio.o
                0x08000c20                GPIO_WriteToOutputPin
 *fill*         0x08000c6a        0x2 
 .text.I2C_PeriClockControl
                0x08000c6c       0xb0 ./drivers/Src/buzz_i2c.o
                0x08000c6c                I2C_PeriClockControl
 .text.I2C_Init
                0x08000d1c      0x17c ./drivers/Src/buzz_i2c.o
                0x08000d1c                I2C_Init
 .text.I2C_PeripheralControl
                0x08000e98       0x44 ./drivers/Src/buzz_i2c.o
                0x08000e98                I2C_PeripheralControl
 .text.I2C_GenerateStartCondition
                0x08000edc       0x20 ./drivers/Src/buzz_i2c.o
                0x08000edc                I2C_GenerateStartCondition
 .text.I2C_GenerateStopCondition
                0x08000efc       0x20 ./drivers/Src/buzz_i2c.o
                0x08000efc                I2C_GenerateStopCondition
 .text.I2C_MasterSendData
                0x08000f1c      0x10e ./drivers/Src/buzz_i2c.o
                0x08000f1c                I2C_MasterSendData
 .text.I2C_MasterReceiveData
                0x0800102a      0x14a ./drivers/Src/buzz_i2c.o
                0x0800102a                I2C_MasterReceiveData
 .text.RCC_GetPCLK1Value
                0x08001174       0xb0 ./drivers/Src/buzz_rcc.o
                0x08001174                RCC_GetPCLK1Value
 .text.RCC_GetPCLK2Value
                0x08001224       0xa0 ./drivers/Src/buzz_rcc.o
                0x08001224                RCC_GetPCLK2Value
 .text.RCC_GetPLLOutputClock
                0x080012c4       0x10 ./drivers/Src/buzz_rcc.o
                0x080012c4                RCC_GetPLLOutputClock
 .text.SysTick_Init
                0x080012d4       0x48 ./drivers/Src/buzz_systick.o
                0x080012d4                SysTick_Init
 .text.SysTick_Handler
                0x0800131c       0x1c ./drivers/Src/buzz_systick.o
                0x0800131c                SysTick_Handler
 .text.GetTick  0x08001338       0x18 ./drivers/Src/buzz_systick.o
                0x08001338                GetTick
 .text.USART_SetBaudData
                0x08001350       0xe4 ./drivers/Src/buzz_usart.o
                0x08001350                USART_SetBaudData
 .text.USART_Init
                0x08001434      0x10e ./drivers/Src/buzz_usart.o
                0x08001434                USART_Init
 .text.USART_PeripheralControl
                0x08001542       0x38 ./drivers/Src/buzz_usart.o
                0x08001542                USART_PeripheralControl
 *fill*         0x0800157a        0x2 
 .text.USART_PeriClockControl
                0x0800157c       0xbc ./drivers/Src/buzz_usart.o
                0x0800157c                USART_PeriClockControl
 .text.USART_GetFlagStatus
                0x08001638       0x2a ./drivers/Src/buzz_usart.o
                0x08001638                USART_GetFlagStatus
 .text.USART_SendData
                0x08001662       0xb6 ./drivers/Src/buzz_usart.o
                0x08001662                USART_SendData
 .text.snprintf
                0x08001718       0x6c /opt/st/stm32cubeide_2.0.0/plugins/com.st.stm32cube.ide.mcu.externaltools.gnu-tools-for-stm32.13.3.rel1.linux64_1.0.100.202509120712/tools/bin/../lib/gcc/arm-none-eabi/13.3.1/../../../../arm-none-eabi/lib/thumb/v7e-m+fp/hard/libc_nano.a(libc_a-snprintf.o)
                0x08001718                snprintf
                0x08001718                sniprintf
 .text.__errno  0x08001784        0xc /opt/st/stm32cubeide_2.0.0/plugins/com.st.stm32cube.ide.mcu.externaltools.gnu-tools-for-stm32.13.3.rel1.linux64_1.0.100.202509120712/tools/bin/../lib/gcc/arm-none-eabi/13.3.1/../../../../arm-none-eabi/lib/thumb/v7e-m+fp/hard/libc_nano.a(libc_a-errno.o)
                0x08001784                __errno
 .text.__libc_init_array
                0x08001790       0x48 /opt/st/stm32cubeide_2.0.0/plugins/com.st.stm32cube.ide.mcu.externaltools.gnu-tools-for-stm32.13.3.rel1.linux64_1.0.100.202509120712/tools/bin/../lib/gcc/arm-none-eabi/13.3.1/../../../../arm-none-eabi/lib/thumb/v7e-m+fp/hard/libc_nano.a(libc_a-init.o)
                0x08001790                __libc_init_array
 .text.__retarget_lock_acquire_recursive
                0x080017d8        0x2 /opt/st/stm32cubeide_2.0.0/plugins/com.st.stm32cube.ide.mcu.externaltools.gnu-tools-for-stm32.13.3.rel1.linux64_1.0.100.202509120712/tools/bin/../lib/gcc/arm-none-eabi/13.3.1/../../../../arm-none-eabi/lib/thumb/v7e-m+fp/hard/libc_nano.a(libc_a-lock.o)
                0x080017d8                __retarget_lock_acquire_recursive
 .text.__retarget_lock_release_recursive
                0x080017da        0x2 /opt/st/stm32cubeide_2.0.0/plugins/com.st.stm32cube.ide.mcu.externaltools.gnu-tools-for-stm32.13.3.rel1.linux64_1.0.100.202509120712/tools/bin/../lib/gcc/arm-none-eabi/13.3.1/../../../../arm-none-eabi/lib/thumb/v7e-m+fp/hard/libc_nano.a(libc_a-lock.o)
                0x080017da                __retarget_lock_release_recursive
 .text._free_r  0x080017dc       0x94 /opt/st/stm32cubeide_2.0.0/plugins/com.st.stm32cube.ide.mcu.externaltools.gnu-tools-for-stm32.13.3.rel1.linux64_1.0.100.202509120712/tools/bin/../lib/gcc/arm-none-eabi/13.3.1/../../../../arm-none-eabi/lib/thumb/v7e-m+fp/hard/libc_nano.a(libc_a-freer.o)
                0x080017dc                _free_r
 .text.sbrk_aligned
                0x08001870       0x44 /opt/st/stm32cubeide_2.0.0/plugins/com.st.stm32cube.ide.mcu.externaltools.gnu-tools-for-stm32.13.3.rel1.linux64_1.0.100.202509120712/tools/bin/../lib/gcc/arm-none-eabi/13.3.1/../../../../arm-none-eabi/lib/thumb/v7e-m+fp/hard/libc_nano.a(libc_a-mallocr.o)
 .text._malloc_r
                0x080018b4      0x100 /opt/st/stm32cubeide_2.0.0/plugins/com.st.stm32cube.ide.mcu.externaltools.gnu-tools-for-stm32.13.3.rel1.linux64_1.0.100.202509120712/tools/bin/../lib/gcc/arm-none-eabi/13.3.1/../../../../arm-none-eabi/lib/thumb/v7e-m+fp/hard/libc_nano.a(libc_a-mallocr.o)
                0x080018b4                _malloc_r
 .text.__malloc_lock
                0x080019b4        0xc /opt/st/stm32cubeide_2.0.0/plugins/com.st.stm32cube.ide.mcu.externaltools.gnu-tools-for-stm32.13.3.rel1.linux64_1.0.100.202509120712/tools/bin/../lib/gcc/arm-none-eabi/13.3.1/../../../../arm-none-eabi/lib/thumb/v7e-m+fp/hard/libc_nano.a(libc_a-mlock.o)
                0x080019b4                __malloc_lock
 .text.__malloc_unlock
                0x080019c0        0xc /opt/st/stm32cubeide_2.0.0/plugins/com.st.stm32cube.ide.mcu.externaltools.gnu-tools-for-stm32.13.3.rel1.linux64_1.0.100.202509120712/tools/bin/../lib/gcc/arm-none-eabi/13.3.1/../../../../arm-none-eabi/lib/thumb/v7e-m+fp/hard/libc_nano.a(libc_a-mlock.o)
                0x080019c0                __malloc_unlock
 .text.__ssputs_r
                0x080019cc       0xb6 /opt/st/stm32cubeide_2.0.0/plugins/com.st.stm32cube.ide.mcu.externaltools.gnu-tools-for-stm32.13.3.rel1.linux64_1.0.100.202509120712/tools/bin/../lib/gcc/arm-none-eabi/13.3.1/../../../../arm-none-eabi/lib/thumb/v7e-m+fp/hard/libc_nano.a(libc_a-nano-svfprintf.o)
                0x080019cc                __ssputs_r
 *fill*         0x08001a82        0x2 
 .text._svfprintf_r
                0x08001a84      0x1f8 /opt/st/stm32cubeide_2.0.0/plugins/com.st.stm32cube.ide.mcu.externaltools.gnu-tools-for-stm32.13.3.rel1.linux64_1.0.100.202509120712/tools/bin/../lib/gcc/arm-none-eabi/13.3.1/../../../../arm-none-eabi/lib/thumb/v7e-m+fp/hard/libc_nano.a(libc_a-nano-svfprintf.o)
                0x08001a84                _svfprintf_r
                0x08001a84                _svfiprintf_r
 .text._printf_common
                0x08001c7c       0xda /opt/st/stm32cubeide_2.0.0/plugins/com.st.stm32cube.ide.mcu.externaltools.gnu-tools-for-stm32.13.3.rel1.linux64_1.0.100.202509120712/tools/bin/../lib/gcc/arm-none-eabi/13.3.1/../../../../arm-none-eabi/lib/thumb/v7e-m+fp/hard/libc_nano.a(libc_a-nano-vfprintf_i.o)
                0x08001c7c                _printf_common
 *fill*         0x08001d56        0x2 
 .text._printf_i
                0x08001d58      0x23c /opt/st/stm32cubeide_2.0.0/plugins/com.st.stm32cube.ide.mcu.externaltools.gnu-tools-for-stm32.13.3.rel1.linux64_1.0.100.202509120712/tools/bin/../lib/gcc/arm-none-eabi/13.3.1/../../../../arm-none-eabi/lib/thumb/v7e-m+fp/hard/libc_nano.a(libc_a-nano-vfprintf_i.o)
                0x08001d58                _printf_i
 .text.memmove  0x08001f94       0x34 /opt/st/stm32cubeide_2.0.0/plugins/com.st.stm32cube.ide.mcu.externaltools.gnu-tools-for-stm32.13.3.rel1.linux64_1.0.100.202509120712/tools/bin/../lib/gcc/arm-none-eabi/13.3.1/../../../../arm-none-eabi/lib/thumb/v7e-m+fp/hard/libc_nano.a(libc_a-memmove.o)
                0x08001f94                memmove
 .text._sbrk_r  0x08001fc8       0x20 /opt/st/stm32cubeide_2.0.0/plugins/com.st.stm32cube.ide.mcu.externaltools.gnu-tools-for-stm32.13.3.rel1.linux64_1.0.100.202509120712/tools/bin/../lib/gcc/arm-none-eabi/13.3.1/../../../../arm-none-eabi/lib/thumb/v7e-m+fp/hard/libc_nano.a(libc_a-sbrkr.o)
                0x08001fc8                _sbrk_r
 .text.memcpy   0x08001fe8       0x1c /opt/st/stm32cubeide_2.0.0/plugins/com.st.stm32cube.ide.mcu.externaltools.gnu-tools-for-stm32.13.3.rel1.linux64_1.0.100.202509120712/tools/bin/../lib/gcc/arm-none-eabi/13.3.1/../../../../arm-none-eabi/lib/thumb/v7e-m+fp/hard/libc_nano.a(libc_a-memcpy-stub.o)
                0x08001fe8                memcpy
 .text._realloc_r
                0x08002004       0x5c /opt/st/stm32cubeide_2.0.0/plugins/com.st.stm32cube.ide.mcu.externaltools.gnu-tools-for-stm32.13.3.rel1.linux64_1.0.100.202509120712/tools/bin/../lib/gcc/arm-none-eabi/13.3.1/../../../../arm-none-eabi/lib/thumb/v7e-m+fp/hard/libc_nano.a(libc_a-reallocr.o)
                0x08002004                _realloc_r
 .text._malloc_usable_size_r
                0x08002060       0x10 /opt/st/stm32cubeide_2.0.0/plugins/com.st.stm32cube.ide.mcu.externaltools.gnu-tools-for-stm32.13.3.rel1.linux64_1.0.100.202509120712/tools/bin/../lib/gcc/arm-none-eabi/13.3.1/../../../../arm-none-eabi/lib/thumb/v7e-m+fp/hard/libc_nano.a(libc_a-msizer.o)
                0x08002060                _malloc_usable_size_r
 *(.glue_7)
 .glue_7        0x08002070        0x0 linker stubs
 *(.glue_7t)
 .glue_7t       0x08002070        0x0 linker stubs
 *(.eh_frame)
 .eh_frame      0x08002070        0x0 /opt/st/stm32cubeide_2.0.0/plugins/com.st.stm32cube.ide.mcu.externaltools.gnu-tools-for-stm32.13.3.rel1.linux64_1.0.100.202509120712/tools/bin/../lib/gcc/arm-none-eabi/13.3.1/thumb/v7e-m+fp/hard/crtbegin.o
 *(.init)
 .init          0x08002070        0x4 /opt/st/stm32cubeide_2.0.0/plugins/com.st.stm32cube.ide.mcu.externaltools.gnu-tools-for-stm32.13.3.rel1.linux64_1.0.100.202509120712/tools/bin/../lib/gcc/arm-none-eabi/13.3.1/thumb/v7e-m+fp/hard/crti.o
                0x08002070                _init
 .init          0x08002074        0x8 /opt/st/stm32cubeide_2.0.0/plugins/com.st.stm32cube.ide.mcu.externaltools.gnu-tools-for-stm32.13.3.rel1.linux64_1.0.100.202509120712/tools/bin/../lib/gcc/arm-none-eabi/13.3.1/thumb/v7e-m+fp/hard/crtn.o
 *(.fini)
 .fini          0x0800207c        0x4 /opt/st/stm32cubeide_2.0.0/plugins/com.st.stm32cube.ide.mcu.externaltools.gnu-tools-for-stm32.13.3.rel1.linux64_1.0.100.202509120712/tools/bin/../lib/gcc/arm-none-eabi/13.3.1/thumb/v7e-m+fp/hard/crti.o
                0x0800207c                _fini
 .fini          0x08002080        0x8 /opt/st/stm32cubeide_2.0.0/plugins/com.st.stm32cube.ide.mcu.externaltools.gnu-tools-for-stm32.13.3.rel1.linux64_1.0.100.202509120712/tools/bin/../lib/gcc/arm-none-eabi/13.3.1/thumb/v7e-m+fp/hard/crtn.o
                0x08002088                        . = ALIGN (0x4)
                0x08002088                        _etext = .

.vfp11_veneer   0x08002088        0x0
 .vfp11_veneer  0x08002088        0x0 linker stubs

.v4_bx          0x08002088        0x0
 .v4_bx         0x08002088        0x0 linker stubs

.iplt           0x08002088        0x0
 .iplt          0x08002088        0x0 /opt/st/stm32cubeide_2.0.0/plugins/com.st.stm32cube.ide.mcu.externaltools.gnu-tools-for-stm32.13.3.rel1.linux64_1.0.100.202509120712/tools/bin/../lib/gcc/arm-none-eabi/13.3.1/thumb/v7e-m+fp/hard/crtbegin.o

.rodata         0x08002088       0x78
                0x08002088                        . = ALIGN (0x4)
 *(.rodata)
 .rodata        0x08002088       0x2b ./app/Src/mpu6050.o
 *(.rodata*)
 *fill*         0x080020b3        0x1 
 .rodata.AHB_PreScaler
                0x080020b4       0x10 ./drivers/Src/buzz_rcc.o
 .rodata.APB1_PreScaler
                0x080020c4        0x4 ./drivers/Src/buzz_rcc.o
 .rodata.APB2_PreScaler
                0x080020c8        0x4 ./drivers/Src/buzz_rcc.o
 .rodata._svfprintf_r.str1.1
                0x080020cc       0x33 /opt/st/stm32cubeide_2.0.0/plugins/com.st.stm32cube.ide.mcu.externaltools.gnu-tools-for-stm32.13.3.rel1.linux64_1.0.100.202509120712/tools/bin/../lib/gcc/arm-none-eabi/13.3.1/../../../../arm-none-eabi/lib/thumb/v7e-m+fp/hard/libc_nano.a(libc_a-nano-svfprintf.o)
                                 0x11 (size before relaxing)
 .rodata._printf_i.str1.1
                0x080020ff        0x0 /opt/st/stm32cubeide_2.0.0/plugins/com.st.stm32cube.ide.mcu.externaltools.gnu-tools-for-stm32.13.3.rel1.linux64_1.0.100.202509120712/tools/bin/../lib/gcc/arm-none-eabi/13.3.1/../../../../arm-none-eabi/lib/thumb/v7e-m+fp/hard/libc_nano.a(libc_a-nano-vfprintf_i.o)
                                 0x22 (size before relaxing)
                0x08002100                        . = ALIGN (0x4)
 *fill*         0x080020ff        0x1 

.ARM.extab      0x08002100        0x0
                0x08002100                        . = ALIGN (0x4)
 *(.ARM.extab* .gnu.linkonce.armextab.*)
                0x08002100                        . = ALIGN (0x4)

.ARM            0x08002100        0x8
                0x08002100                        . = ALIGN (0x4)
                0x08002100                        __exidx_start = .
 *(.ARM.exidx*)
 .ARM.exidx     0x08002100        0x8 /opt/st/stm32cubeide_2.0.0/plugins/com.st.stm32cube.ide.mcu.externaltools.gnu-tools-for-stm32.13.3.rel1.linux64_1.0.100.202509120712/tools/bin/../lib/gcc/arm-none-eabi/13.3.1/../../../../arm-none-eabi/lib/thumb/v7e-m+fp/hard/libc_nano.a(libc_a-memchr.o)
                0x08002108                        __exidx_end = .
                0x08002108                        . = ALIGN (0x4)

.preinit_array  0x08002108        0x0
                0x08002108                        . = ALIGN (0x4)
                0x08002108                        PROVIDE (__preinit_array_start = .)
 *(.preinit_array*)
                0x08002108                        PROVIDE (__preinit_array_end = .)
                0x08002108                        . = ALIGN (0x4)

.init_array     0x08002108        0x4
                0x08002108                        . = ALIGN (0x4)
                0x08002108                        PROVIDE (__init_array_start = .)
 *(SORT_BY_NAME(.init_array.*))
 *(.init_array*)
 .init_array    0x08002108        0x4 /opt/st/stm32cubeide_2.0.0/plugins/com.st.stm32cube.ide.mcu.externaltools.gnu-tools-for-stm32.13.3.rel1.linux64_1.0.100.202509120712/tools/bin/../lib/gcc/arm-none-eabi/13.3.1/thumb/v7e-m+fp/hard/crtbegin.o
                0x0800210c                        PROVIDE (__init_array_end = .)
                0x0800210c                        . = ALIGN (0x4)

.fini_array     0x0800210c        0x4
                0x0800210c                        . = ALIGN (0x4)
                [!provide]                        PROVIDE (__fini_array_start = .)
 *(SORT_BY_NAME(.fini_array.*))
 *(.fini_array*)
 .fini_array    0x0800210c        0x4 /opt/st/stm32cubeide_2.0.0/plugins/com.st.stm32cube.ide.mcu.externaltools.gnu-tools-for-stm32.13.3.rel1.linux64_1.0.100.202509120712/tools/bin/../lib/gcc/arm-none-eabi/13.3.1/thumb/v7e-m+fp/hard/crtbegin.o
                [!provide]                        PROVIDE (__fini_array_end = .)
                0x08002110                        . = ALIGN (0x4)
                0x08002110                        _sidata = LOADADDR (.data)

.rel.dyn        0x08002110        0x0
 .rel.iplt      0x08002110        0x0 /opt/st/stm32cubeide_2.0.0/plugins/com.st.stm32cube.ide.mcu.externaltools.gnu-tools-for-stm32.13.3.rel1.linux64_1.0.100.202509120712/tools/bin/../lib/gcc/arm-none-eabi/13.3.1/thumb/v7e-m+fp/hard/crtbegin.o

.data           0x20000000       0x54 load address 0x08002110
                0x20000000                        . = ALIGN (0x4)
                0x20000000                        _sdata = .
 *(.data)
 *(.data*)
 .data.SystemCoreClock
                0x20000000        0x4 ./Src/system_stm32f4xx.o
                0x20000000                SystemCoreClock
 .data._impure_ptr
                0x20000004        0x4 /opt/st/stm32cubeide_2.0.0/plugins/com.st.stm32cube.ide.mcu.externaltools.gnu-tools-for-stm32.13.3.rel1.linux64_1.0.100.202509120712/tools/bin/../lib/gcc/arm-none-eabi/13.3.1/../../../../arm-none-eabi/lib/thumb/v7e-m+fp/hard/libc_nano.a(libc_a-impure.o)
                0x20000004                _impure_ptr
 .data._impure_data
                0x20000008       0x4c /opt/st/stm32cubeide_2.0.0/plugins/com.st.stm32cube.ide.mcu.externaltools.gnu-tools-for-stm32.13.3.rel1.linux64_1.0.100.202509120712/tools/bin/../lib/gcc/arm-none-eabi/13.3.1/../../../../arm-none-eabi/lib/thumb/v7e-m+fp/hard/libc_nano.a(libc_a-impure.o)
                0x20000008                _impure_data
 *(.RamFunc)
 *(.RamFunc*)
                0x20000054                        . = ALIGN (0x4)
                0x20000054                        _edata = .

.igot.plt       0x20000054        0x0 load address 0x08002164
 .igot.plt      0x20000054        0x0 /opt/st/stm32cubeide_2.0.0/plugins/com.st.stm32cube.ide.mcu.externaltools.gnu-tools-for-stm32.13.3.rel1.linux64_1.0.100.202509120712/tools/bin/../lib/gcc/arm-none-eabi/13.3.1/thumb/v7e-m+fp/hard/crtbegin.o
                0x20000054                        . = ALIGN (0x4)

.bss            0x20000054      0x16c load address 0x08002164
                0x20000054                        _sbss = .
                0x20000054                        __bss_start__ = _sbss
 *(.bss)
 .bss           0x20000054       0x1c /opt/st/stm32cubeide_2.0.0/plugins/com.st.stm32cube.ide.mcu.externaltools.gnu-tools-for-stm32.13.3.rel1.linux64_1.0.100.202509120712/tools/bin/../lib/gcc/arm-none-eabi/13.3.1/thumb/v7e-m+fp/hard/crtbegin.o
 *(.bss*)
 .bss.__sbrk_heap_end
                0x20000070        0x4 ./Src/sysmem.o
 .bss.uwTick    0x20000074        0x4 ./drivers/Src/buzz_systick.o
 .bss.__sf      0x20000078      0x138 /opt/st/stm32cubeide_2.0.0/plugins/com.st.stm32cube.ide.mcu.externaltools.gnu-tools-for-stm32.13.3.rel1.linux64_1.0.100.202509120712/tools/bin/../lib/gcc/arm-none-eabi/13.3.1/../../../../arm-none-eabi/lib/thumb/v7e-m+fp/hard/libc_nano.a(libc_a-findfp.o)
                0x20000078                __sf
 .bss.errno     0x200001b0        0x4 /opt/st/stm32cubeide_2.0.0/plugins/com.st.stm32cube.ide.mcu.externaltools.gnu-tools-for-stm32.13.3.rel1.linux64_1.0.100.202509120712/tools/bin/../lib/gcc/arm-none-eabi/13.3.1/../../../../arm-none-eabi/lib/thumb/v7e-m+fp/hard/libc_nano.a(libc_a-reent.o)
                0x200001b0                errno
 .bss.__lock___malloc_recursive_mutex
                0x200001b4        0x1 /opt/st/stm32cubeide_2.0.0/plugins/com.st.stm32cube.ide.mcu.externaltools.gnu-tools-for-stm32.13.3.rel1.linux64_1.0.100.202509120712/tools/bin/../lib/gcc/arm-none-eabi/13.3.1/../../../../arm-none-eabi/lib/thumb/v7e-m+fp/hard/libc_nano.a(libc_a-lock.o)
                0x200001b4                __lock___malloc_recursive_mutex
 *fill*         0x200001b5        0x3 
 .bss.__malloc_sbrk_start
                0x200001b8        0x4 /opt/st/stm32cubeide_2.0.0/plugins/com.st.stm32cube.ide.mcu.externaltools.gnu-tools-for-stm32.13.3.rel1.linux64_1.0.100.202509120712/tools/bin/../lib/gcc/arm-none-eabi/13.3.1/../../../../arm-none-eabi/lib/thumb/v7e-m+fp/hard/libc_nano.a(libc_a-mallocr.o)
                0x200001b8                __malloc_sbrk_start
 .bss.__malloc_free_list
                0x200001bc        0x4 /opt/st/stm32cubeide_2.0.0/plugins/com.st.stm32cube.ide.mcu.externaltools.gnu-tools-for-stm32.13.3.rel1.linux64_1.0.100.202509120712/tools/bin/../lib/gcc/arm-none-eabi/13.3.1/../../../../arm-none-eabi/lib/thumb/v7e-m+fp/hard/libc_nano.a(libc_a-mallocr.o)
                0x200001bc                __malloc_free_list
 *(COMMON)
                0x200001c0                        . = ALIGN (0x4)
                0x200001c0                        _ebss = .
                0x200001c0                        __bss_end__ = _ebss

._user_heap_stack
                0x200001c0      0x600 load address 0x08002164
                0x200001c0                        . = ALIGN (0x8)
                [!provide]                        PROVIDE (end = .)
                0x200001c0                        PROVIDE (_end = .)
                0x200003c0                        . = (. + _Min_Heap_Size)
 *fill*         0x200001c0      0x200 
                0x200007c0                        . = (. + _Min_Stack_Size)
 *fill*         0x200003c0      0x400 
                0x200007c0                        . = ALIGN (0x8)

/DISCARD/
 libc.a(*)
 libm.a(*)
 libgcc.a(*)

.ARM.attributes
                0x00000000       0x30
 *(.ARM.attributes)
 .ARM.attributes
                0x00000000       0x22 /opt/st/stm32cubeide_2.0.0/plugins/com.st.stm32cube.ide.mcu.externaltools.gnu-tools-for-stm32.13.3.rel1.linux64_1.0.100.202509120712/tools/bin/../lib/gcc/arm-none-eabi/13.3.1/thumb/v7e-m+fp/hard/crti.o
 .ARM.attributes
                0x00000022       0x34 /opt/st/stm32cubeide_2.0.0/plugins/com.st.stm32cube.ide.mcu.externaltools.gnu-tools-for-stm32.13.3.rel1.linux64_1.0.100.202509120712/tools/bin/../lib/gcc/arm-none-eabi/13.3.1/thumb/v7e-m+fp/hard/crtbegin.o
 .ARM.attributes
                0x00000056       0x34 ./Src/main.o
 .ARM.attributes
                0x0000008a       0x34 ./Src/sysmem.o
 .ARM.attributes
                0x000000be       0x34 ./Src/system_stm32f4xx.o
 .ARM.attributes
                0x000000f2       0x21 ./Startup/startup_stm32f446retx.o
 .ARM.attributes
                0x00000113       0x34 ./app/Src/mpu6050.o
 .ARM.attributes
                0x00000147       0x34 ./drivers/Src/buzz_gpio.o
 .ARM.attributes
                0x0000017b       0x34 ./drivers/Src/buzz_i2c.o
 .ARM.attributes
                0x000001af       0x34 ./drivers/Src/buzz_rcc.o
 .ARM.attributes
                0x000001e3       0x34 ./drivers/Src/buzz_systick.o
 .ARM.attributes
                0x00000217       0x34 ./drivers/Src/buzz_usart.o
 .ARM.attributes
                0x0000024b       0x34 /opt/st/stm32cubeide_2.0.0/plugins/com.st.stm32cube.ide.mcu.externaltools.gnu-tools-for-stm32.13.3.rel1.linux64_1.0.100.202509120712/tools/bin/../lib/gcc/arm-none-eabi/13.3.1/../../../../arm-none-eabi/lib/thumb/v7e-m+fp/hard/libc_nano.a(libc_a-findfp.o)
 .ARM.attributes
                0x0000027f       0x34 /opt/st/stm32cubeide_2.0.0/plugins/com.st.stm32cube.ide.mcu.externaltools.gnu-tools-for-stm32.13.3.rel1.linux64_1.0.100.202509120712/tools/bin/../lib/gcc/arm-none-eabi/13.3.1/../../../../arm-none-eabi/lib/thumb/v7e-m+fp/hard/libc_nano.a(libc_a-snprintf.o)
 .ARM.attributes
                0x000002b3       0x34 /opt/st/stm32cubeide_2.0.0/plugins/com.st.stm32cube.ide.mcu.externaltools.gnu-tools-for-stm32.13.3.rel1.linux64_1.0.100.202509120712/tools/bin/../lib/gcc/arm-none-eabi/13.3.1/../../../../arm-none-eabi/lib/thumb/v7e-m+fp/hard/libc_nano.a(libc_a-reent.o)
 .ARM.attributes
                0x000002e7       0x34 /opt/st/stm32cubeide_2.0.0/plugins/com.st.stm32cube.ide.mcu.externaltools.gnu-tools-for-stm32.13.3.rel1.linux64_1.0.100.202509120712/tools/bin/../lib/gcc/arm-none-eabi/13.3.1/../../../../arm-none-eabi/lib/thumb/v7e-m+fp/hard/libc_nano.a(libc_a-impure.o)
 .ARM.attributes
                0x0000031b       0x34 /opt/st/stm32cubeide_2.0.0/plugins/com.st.stm32cube.ide.mcu.externaltools.gnu-tools-for-stm32.13.3.rel1.linux64_1.0.100.202509120712/tools/bin/../lib/gcc/arm-none-eabi/13.3.1/../../../../arm-none-eabi/lib/thumb/v7e-m+fp/hard/libc_nano.a(libc_a-errno.o)
 .ARM.attributes
                0x0000034f       0x34 /opt/st/stm32cubeide_2.0.0/plugins/com.st.stm32cube.ide.mcu.externaltools.gnu-tools-for-stm32.13.3.rel1.linux64_1.0.100.202509120712/tools/bin/../lib/gcc/arm-none-eabi/13.3.1/../../../../arm-none-eabi/lib/thumb/v7e-m+fp/hard/libc_nano.a(libc_a-init.o)
 .ARM.attributes
                0x00000383       0x34 /opt/st/stm32cubeide_2.0.0/plugins/com.st.stm32cube.ide.mcu.externaltools.gnu-tools-for-stm32.13.3.rel1.linux64_1.0.100.202509120712/tools/bin/../lib/gcc/arm-none-eabi/13.3.1/../../../../arm-none-eabi/lib/thumb/v7e-m+fp/hard/libc_nano.a(libc_a-lock.o)
 .ARM.attributes
                0x000003b7       0x34 /opt/st/stm32cubeide_2.0.0/plugins/com.st.stm32cube.ide.mcu.externaltools.gnu-tools-for-stm32.13.3.rel1.linux64_1.0.100.202509120712/tools/bin/../lib/gcc/arm-none-eabi/13.3.1/../../../../arm-none-eabi/lib/thumb/v7e-m+fp/hard/libc_nano.a(libc_a-freer.o)
 .ARM.attributes
                0x000003eb       0x34 /opt/st/stm32cubeide_2.0.0/plugins/com.st.stm32cube.ide.mcu.externaltools.gnu-tools-for-stm32.13.3.rel1.linux64_1.0.100.202509120712/tools/bin/../lib/gcc/arm-none-eabi/13.3.1/../../../../arm-none-eabi/lib/thumb/v7e-m+fp/hard/libc_nano.a(libc_a-mallocr.o)
 .ARM.attributes
                0x0000041f       0x34 /opt/st/stm32cubeide_2.0.0/plugins/com.st.stm32cube.ide.mcu.externaltools.gnu-tools-for-stm32.13.3.rel1.linux64_1.0.100.202509120712/tools/bin/../lib/gcc/arm-none-eabi/13.3.1/../../../../arm-none-eabi/lib/thumb/v7e-m+fp/hard/libc_nano.a(libc_a-mlock.o)
 .ARM.attributes
                0x00000453       0x34 /opt/st/stm32cubeide_2.0.0/plugins/com.st.stm32cube.ide.mcu.externaltools.gnu-tools-for-stm32.13.3.rel1.linux64_1.0.100.202509120712/tools/bin/../lib/gcc/arm-none-eabi/13.3.1/../../../../arm-none-eabi/lib/thumb/v7e-m+fp/hard/libc_nano.a(libc_a-nano-svfprintf.o)
 .ARM.attributes
                0x00000487       0x34 /opt/st/stm32cubeide_2.0.0/plugins/com.st.stm32cube.ide.mcu.externaltools.gnu-tools-for-stm32.13.3.rel1.linux64_1.0.100.202509120712/tools/bin/../lib/gcc/arm-none-eabi/13.3.1/../../../../arm-none-eabi/lib/thumb/v7e-m+fp/hard/libc_nano.a(libc_a-nano-vfprintf_i.o)
 .ARM.attributes
                0x000004bb       0x34 /opt/st/stm32cubeide_2.0.0/plugins/com.st.stm32cube.ide.mcu.externaltools.gnu-tools-for-stm32.13.3.rel1.linux64_1.0.100.202509120712/tools/bin/../lib/gcc/arm-none-eabi/13.3.1/../../../../arm-none-eabi/lib/thumb/v7e-m+fp/hard/libc_nano.a(libc_a-memmove.o)
 .ARM.attributes
                0x000004ef       0x34 /opt/st/stm32cubeide_2.0.0/plugins/com.st.stm32cube.ide.mcu.externaltools.gnu-tools-for-stm32.13.3.rel1.linux64_1.0.100.202509120712/tools/bin/../lib/gcc/arm-none-eabi/13.3.1/../../../../arm-none-eabi/lib/thumb/v7e-m+fp/hard/libc_nano.a(libc_a-sbrkr.o)
 .ARM.attributes
                0x00000523       0x1c /opt/st/stm32cubeide_2.0.0/plugins/com.st.stm32cube.ide.mcu.externaltools.gnu-tools-for-stm32.13.3.rel1.linux64_1.0.100.202509120712/tools/bin/../lib/gcc/arm-none-eabi/13.3.1/../../../../arm-none-eabi/lib/thumb/v7e-m+fp/hard/libc_nano.a(libc_a-memchr.o)
 .ARM.attributes
                0x0000053f       0x34 /opt/st/stm32cubeide_2.0.0/plugins/com.st.stm32cube.ide.mcu.externaltools.gnu-tools-for-stm32.13.3.rel1.linux64_1.0.100.202509120712/tools/bin/../lib/gcc/arm-none-eabi/13.3.1/../../../../arm-none-eabi/lib/thumb/v7e-m+fp/hard/libc_nano.a(libc_a-memcpy-stub.o)
 .ARM.attributes
                0x00000573       0x34 /opt/st/stm32cubeide_2.0.0/plugins/com.st.stm32cube.ide.mcu.externaltools.gnu-tools-for-stm32.13.3.rel1.linux64_1.0.100.202509120712/tools/bin/../lib/gcc/arm-none-eabi/13.3.1/../../../../arm-none-eabi/lib/thumb/v7e-m+fp/hard/libc_nano.a(libc_a-reallocr.o)
 .ARM.attributes
                0x000005a7       0x34 /opt/st/stm32cubeide_2.0.0/plugins/com.st.stm32cube.ide.mcu.externaltools.gnu-tools-for-stm32.13.3.rel1.linux64_1.0.100.202509120712/tools/bin/../lib/gcc/arm-none-eabi/13.3.1/../../../../arm-none-eabi/lib/thumb/v7e-m+fp/hard/libc_nano.a(libc_a-msizer.o)
 .ARM.attributes
                0x000005db       0x22 /opt/st/stm32cubeide_2.0.0/plugins/com.st.stm32cube.ide.mcu.externaltools.gnu-tools-for-stm32.13.3.rel1.linux64_1.0.100.202509120712/tools/bin/../lib/gcc/arm-none-eabi/13.3.1/thumb/v7e-m+fp/hard/crtn.o
OUTPUT(Buzz_Rover.elf elf32-littlearm)
LOAD linker stubs
LOAD /opt/st/stm32cubeide_2.0.0/plugins/com.st.stm32cube.ide.mcu.externaltools.gnu-tools-for-stm32.13.3.rel1.linux64_1.0.100.202509120712/tools/bin/../lib/gcc/arm-none-eabi/13.3.1/../../../../arm-none-eabi/lib/thumb/v7e-m+fp/hard/libc.a
LOAD /opt/st/stm32cubeide_2.0.0/plugins/com.st.stm32cube.ide.mcu.externaltools.gnu-tools-for-stm32.13.3.rel1.linux64_1.0.100.202509120712/tools/bin/../lib/gcc/arm-none-eabi/13.3.1/../../../../arm-none-eabi/lib/thumb/v7e-m+fp/hard/libm.a
LOAD /opt/st/stm32cubeide_2.0.0/plugins/com.st.stm32cube.ide.mcu.externaltools.gnu-tools-for-stm32.13.3.rel1.linux64_1.0.100.202509120712/tools/bin/../lib/gcc/arm-none-eabi/13.3.1/thumb/v7e-m+fp/hard/libgcc.a

.debug_info     0x00000000     0x3133
 .debug_info    0x00000000      0x7fd ./Src/main.o
 .debug_info    0x000007fd      0x168 ./Src/sysmem.o
 .debug_info    0x00000965       0xbb ./Src/system_stm32f4xx.o
 .debug_info    0x00000a20       0x30 ./Startup/startup_stm32f446retx.o
 .debug_info    0x00000a50      0x769 ./app/Src/mpu6050.o
 .debug_info    0x000011b9      0x8ba ./drivers/Src/buzz_gpio.o
 .debug_info    0x00001a73      0x939 ./drivers/Src/buzz_i2c.o
 .debug_info    0x000023ac      0x3b6 ./drivers/Src/buzz_rcc.o
 .debug_info    0x00002762      0x114 ./drivers/Src/buzz_systick.o
 .debug_info    0x00002876      0x8bd ./drivers/Src/buzz_usart.o

.debug_abbrev   0x00000000      0xb8e
 .debug_abbrev  0x00000000      0x121 ./Src/main.o
 .debug_abbrev  0x00000121       0xbc ./Src/sysmem.o
 .debug_abbrev  0x000001dd       0x69 ./Src/system_stm32f4xx.o
 .debug_abbrev  0x00000246       0x24 ./Startup/startup_stm32f446retx.o
 .debug_abbrev  0x0000026a      0x184 ./app/Src/mpu6050.o
 .debug_abbrev  0x000003ee      0x14f ./drivers/Src/buzz_gpio.o
 .debug_abbrev  0x0000053d      0x26a ./drivers/Src/buzz_i2c.o
 .debug_abbrev  0x000007a7      0x106 ./drivers/Src/buzz_rcc.o
 .debug_abbrev  0x000008ad       0xc9 ./drivers/Src/buzz_systick.o
 .debug_abbrev  0x00000976      0x218 ./drivers/Src/buzz_usart.o

.debug_aranges  0x00000000      0x2f0
 .debug_aranges
                0x00000000       0x20 ./Src/main.o
 .debug_aranges
                0x00000020       0x20 ./Src/sysmem.o
 .debug_aranges
                0x00000040       0x28 ./Src/system_stm32f4xx.o
 .debug_aranges
                0x00000068       0x28 ./Startup/startup_stm32f446retx.o
 .debug_aranges
                0x00000090       0x40 ./app/Src/mpu6050.o
 .debug_aranges
                0x000000d0       0x70 ./drivers/Src/buzz_gpio.o
 .debug_aranges
                0x00000140       0xc0 ./drivers/Src/buzz_i2c.o
 .debug_aranges
                0x00000200       0x30 ./drivers/Src/buzz_rcc.o
 .debug_aranges
                0x00000230       0x38 ./drivers/Src/buzz_systick.o
 .debug_aranges
                0x00000268       0x88 ./drivers/Src/buzz_usart.o

.debug_rnglists
                0x00000000      0x22a
 .debug_rnglists
                0x00000000       0x14 ./Src/main.o
 .debug_rnglists
                0x00000014       0x13 ./Src/sysmem.o
 .debug_rnglists
                0x00000027       0x19 ./Src/system_stm32f4xx.o
 .debug_rnglists
                0x00000040       0x19 ./Startup/startup_stm32f446retx.o
 .debug_rnglists
                0x00000059       0x2e ./app/Src/mpu6050.o
 .debug_rnglists
                0x00000087       0x53 ./drivers/Src/buzz_gpio.o
 .debug_rnglists
                0x000000da       0xa2 ./drivers/Src/buzz_i2c.o
 .debug_rnglists
                0x0000017c       0x21 ./drivers/Src/buzz_rcc.o
 .debug_rnglists
                0x0000019d       0x25 ./drivers/Src/buzz_systick.o
 .debug_rnglists
                0x000001c2       0x68 ./drivers/Src/buzz_usart.o

.debug_macro    0x00000000     0x2ded
 .debug_macro   0x00000000      0x1a5 ./Src/main.o
 .debug_macro   0x000001a5      0xae4 ./Src/main.o
 .debug_macro   0x00000c89       0x22 ./Src/main.o
 .debug_macro   0x00000cab       0x8e ./Src/main.o
 .debug_macro   0x00000d39       0x51 ./Src/main.o
 .debug_macro   0x00000d8a      0x103 ./Src/main.o
 .debug_macro   0x00000e8d       0x6a ./Src/main.o
 .debug_macro   0x00000ef7      0x1df ./Src/main.o
 .debug_macro   0x000010d6       0x61 ./Src/main.o
 .debug_macro   0x00001137       0x2a ./Src/main.o
 .debug_macro   0x00001161       0x43 ./Src/main.o
 .debug_macro   0x000011a4       0x34 ./Src/main.o
 .debug_macro   0x000011d8       0x16 ./Src/main.o
 .debug_macro   0x000011ee       0x9e ./Src/main.o
 .debug_macro   0x0000128c      0x370 ./Src/main.o
 .debug_macro   0x000015fc      0x112 ./Src/main.o
 .debug_macro   0x0000170e       0x10 ./Src/main.o
 .debug_macro   0x0000171e       0x16 ./Src/main.o
 .debug_macro   0x00001734       0x4a ./Src/main.o
 .debug_macro   0x0000177e       0x34 ./Src/main.o
 .debug_macro   0x000017b2       0x10 ./Src/main.o
 .debug_macro   0x000017c2       0x58 ./Src/main.o
 .debug_macro   0x0000181a       0x8e ./Src/main.o
 .debug_macro   0x000018a8       0x1c ./Src/main.o
 .debug_macro   0x000018c4      0x185 ./Src/main.o
 .debug_macro   0x00001a49       0x16 ./Src/main.o
 .debug_macro   0x00001a5f       0x16 ./Src/main.o
 .debug_macro   0x00001a75      0x146 ./Src/main.o
 .debug_macro   0x00001bbb       0x9a ./Src/main.o
 .debug_macro   0x00001c55       0x16 ./Src/main.o
 .debug_macro   0x00001c6b      0x148 ./Src/main.o
 .debug_macro   0x00001db3      0x166 ./Src/main.o
 .debug_macro   0x00001f19      0x1b4 ./Src/main.o
 .debug_macro   0x000020cd       0x3a ./Src/main.o
 .debug_macro   0x00002107      0x100 ./Src/main.o
 .debug_macro   0x00002207       0x8e ./Src/main.o
 .debug_macro   0x00002295       0x58 ./Src/main.o
 .debug_macro   0x000022ed      0x112 ./Src/sysmem.o
 .debug_macro   0x000023ff      0x23c ./Src/sysmem.o
 .debug_macro   0x0000263b       0x63 ./Src/system_stm32f4xx.o
 .debug_macro   0x0000269e      0x19a ./app/Src/mpu6050.o
 .debug_macro   0x00002838       0x94 ./app/Src/mpu6050.o
 .debug_macro   0x000028cc       0xfa ./app/Src/mpu6050.o
 .debug_macro   0x000029c6       0x52 ./app/Src/mpu6050.o
 .debug_macro   0x00002a18       0xa0 ./drivers/Src/buzz_gpio.o
 .debug_macro   0x00002ab8       0xb8 ./drivers/Src/buzz_i2c.o
 .debug_macro   0x00002b70       0xa0 ./drivers/Src/buzz_rcc.o
 .debug_macro   0x00002c10       0x72 ./drivers/Src/buzz_systick.o
 .debug_macro   0x00002c82       0x34 ./drivers/Src/buzz_systick.o
 .debug_macro   0x00002cb6       0xaf ./drivers/Src/buzz_usart.o
 .debug_macro   0x00002d65       0x88 ./drivers/Src/buzz_usart.o

.debug_line     0x00000000     0x3fd7
 .debug_line    0x00000000      0x6b7 ./Src/main.o
 .debug_line    0x000006b7      0x4bd ./Src/sysmem.o
 .debug_line    0x00000b74      0x366 ./Src/system_stm32f4xx.o
 .debug_line    0x00000eda       0x7b ./Startup/startup_stm32f446retx.o
 .debug_line    0x00000f55      0x76c ./app/Src/mpu6050.o
 .debug_line    0x000016c1      0x930 ./drivers/Src/buzz_gpio.o
 .debug_line    0x00001ff1      0xd56 ./drivers/Src/buzz_i2c.o
 .debug_line    0x00002d47      0x52a ./drivers/Src/buzz_rcc.o
 .debug_line    0x00003271      0x42d ./drivers/Src/buzz_systick.o
 .debug_line    0x0000369e      0x939 ./drivers/Src/buzz_usart.o

.debug_str      0x00000000     0xabb0
 .debug_str     0x00000000     0xabb0 ./Src/main.o
                               0xa02b (size before relaxing)
 .debug_str     0x0000abb0        0x0 ./Src/sysmem.o
                               0x7792 (size before relaxing)
 .debug_str     0x0000abb0        0x0 ./Src/system_stm32f4xx.o
                               0x3df2 (size before relaxing)
 .debug_str     0x0000abb0        0x0 ./Startup/startup_stm32f446retx.o
                                 0x81 (size before relaxing)
 .debug_str     0x0000abb0        0x0 ./app/Src/mpu6050.o
                               0x9c30 (size before relaxing)
 .debug_str     0x0000abb0        0x0 ./drivers/Src/buzz_gpio.o
                               0x5ccf (size before relaxing)
 .debug_str     0x0000abb0        0x0 ./drivers/Src/buzz_i2c.o
                               0x61c4 (size before relaxing)
 .debug_str     0x0000abb0        0x0 ./drivers/Src/buzz_rcc.o
                               0x58b9 (size before relaxing)
 .debug_str     0x0000abb0        0x0 ./drivers/Src/buzz_systick.o
                               0x3f57 (size before relaxing)
 .debug_str     0x0000abb0        0x0 ./drivers/Src/buzz_usart.o
                               0x5e75 (size before relaxing)

.comment        0x00000000       0x43
 .comment       0x00000000       0x43 ./Src/main.o
                                 0x44 (size before relaxing)
 .comment       0x00000043        0x0 ./Src/sysmem.o
                                 0x44 (size before relaxing)
 .comment       0x00000043        0x0 ./Src/system_stm32f4xx.o
                                 0x44 (size before relaxing)
 .comment       0x00000043        0x0 ./app/Src/mpu6050.o
                                 0x44 (size before relaxing)
 .comment       0x00000043        0x0 ./drivers/Src/buzz_gpio.o
                                 0x44 (size before relaxing)
 .comment       0x00000043        0x0 ./drivers/Src/buzz_i2c.o
                                 0x44 (size before relaxing)
 .comment       0x00000043        0x0 ./drivers/Src/buzz_rcc.o
                                 0x44 (size before relaxing)
 .comment       0x00000043        0x0 ./drivers/Src/buzz_systick.o
                                 0x44 (size before relaxing)
 .comment       0x00000043        0x0 ./drivers/Src/buzz_usart.o
                                 0x44 (size before relaxing)

.debug_frame    0x00000000      0xf34
 .debug_frame   0x00000000       0x30 ./Src/main.o
 .debug_frame   0x00000030       0x34 ./Src/sysmem.o
 .debug_frame   0x00000064       0x50 ./Src/system_stm32f4xx.o
 .debug_frame   0x000000b4       0xd8 ./app/Src/mpu6050.o
 .debug_frame   0x0000018c      0x1c8 ./drivers/Src/buzz_gpio.o
 .debug_frame   0x00000354      0x330 ./drivers/Src/buzz_i2c.o
 .debug_frame   0x00000684       0x7c ./drivers/Src/buzz_rcc.o
 .debug_frame   0x00000700       0x94 ./drivers/Src/buzz_systick.o
 .debug_frame   0x00000794      0x22c ./drivers/Src/buzz_usart.o
 .debug_frame   0x000009c0      0x144 /opt/st/stm32cubeide_2.0.0/plugins/com.st.stm32cube.ide.mcu.externaltools.gnu-tools-for-stm32.13.3.rel1.linux64_1.0.100.202509120712/tools/bin/../lib/gcc/arm-none-eabi/13.3.1/../../../../arm-none-eabi/lib/thumb/v7e-m+fp/hard/libc_nano.a(libc_a-findfp.o)
 .debug_frame   0x00000b04       0x7c /opt/st/stm32cubeide_2.0.0/plugins/com.st.stm32cube.ide.mcu.externaltools.gnu-tools-for-stm32.13.3.rel1.linux64_1.0.100.202509120712/tools/bin/../lib/gcc/arm-none-eabi/13.3.1/../../../../arm-none-eabi/lib/thumb/v7e-m+fp/hard/libc_nano.a(libc_a-snprintf.o)
 .debug_frame   0x00000b80       0x38 /opt/st/stm32cubeide_2.0.0/plugins/com.st.stm32cube.ide.mcu.externaltools.gnu-tools-for-stm32.13.3.rel1.linux64_1.0.100.202509120712/tools/bin/../lib/gcc/arm-none-eabi/13.3.1/../../../../arm-none-eabi/lib/thumb/v7e-m+fp/hard/libc_nano.a(libc_a-reent.o)
 .debug_frame   0x00000bb8       0x20 /opt/st/stm32cubeide_2.0.0/plugins/com.st.stm32cube.ide.mcu.externaltools.gnu-tools-for-stm32.13.3.rel1.linux64_1.0.100.202509120712/tools/bin/../lib/gcc/arm-none-eabi/13.3.1/../../../../arm-none-eabi/lib/thumb/v7e-m+fp/hard/libc_nano.a(libc_a-errno.o)
 .debug_frame   0x00000bd8       0x2c /opt/st/stm32cubeide_2.0.0/plugins/com.st.stm32cube.ide.mcu.externaltools.gnu-tools-for-stm32.13.3.rel1.linux64_1.0.100.202509120712/tools/bin/../lib/gcc/arm-none-eabi/13.3.1/../../../../arm-none-eabi/lib/thumb/v7e-m+fp/hard/libc_nano.a(libc_a-init.o)
 .debug_frame   0x00000c04       0xb0 /opt/st/stm32cubeide_2.0.0/plugins/com.st.stm32cube.ide.mcu.externaltools.gnu-tools-for-stm32.13.3.rel1.linux64_1.0.100.202509120712/tools/bin/../lib/gcc/arm-none-eabi/13.3.1/../../../../arm-none-eabi/lib/thumb/v7e-m+fp/hard/libc_nano.a(libc_a-lock.o)
 .debug_frame   0x00000cb4       0x38 /opt/st/stm32cubeide_2.0.0/plugins/com.st.stm32cube.ide.mcu.externaltools.gnu-tools-for-stm32.13.3.rel1.linux64_1.0.100.202509120712/tools/bin/../lib/gcc/arm-none-eabi/13.3.1/../../../../arm-none-eabi/lib/thumb/v7e-m+fp/hard/libc_nano.a(libc_a-freer.o)
 .debug_frame   0x00000cec       0x50 /opt/st/stm32cubeide_2.0.0/plugins/com.st.stm32cube.ide.mcu.externaltools.gnu-tools-for-stm32.13.3.rel1.linux64_1.0.100.202509120712/tools/bin/../lib/gcc/arm-none-eabi/13.3.1/../../../../arm-none-eabi/lib/thumb/v7e-m+fp/hard/libc_nano.a(libc_a-mallocr.o)
 .debug_frame   0x00000d3c       0x30 /opt/st/stm32cubeide_2.0.0/plugins/com.st.stm32cube.ide.mcu.externaltools.gnu-tools-for-stm32.13.3.rel1.linux64_1.0.100.202509120712/tools/bin/../lib/gcc/arm-none-eabi/13.3.1/../../../../arm-none-eabi/lib/thumb/v7e-m+fp/hard/libc_nano.a(libc_a-mlock.o)
 .debug_frame   0x00000d6c       0x90 /opt/st/stm32cubeide_2.0.0/plugins/com.st.stm32cube.ide.mcu.externaltools.gnu-tools-for-stm32.13.3.rel1.linux64_1.0.100.202509120712/tools/bin/../lib/gcc/arm-none-eabi/13.3.1/../../../../arm-none-eabi/lib/thumb/v7e-m+fp/hard/libc_nano.a(libc_a-nano-svfprintf.o)
 .debug_frame   0x00000dfc       0x60 /opt/st/stm32cubeide_2.0.0/plugins/com.st.stm32cube.ide.mcu.externaltools.gnu-tools-for-stm32.13.3.rel1.linux64_1.0.100.202509120712/tools/bin/../lib/gcc/arm-none-eabi/13.3.1/../../../../arm-none-eabi/lib/thumb/v7e-m+fp/hard/libc_nano.a(libc_a-nano-vfprintf_i.o)
 .debug_frame   0x00000e5c       0x28 /opt/st/stm32cubeide_2.0.0/plugins/com.st.stm32cube.ide.mcu.externaltools.gnu-tools-for-stm32.13.3.rel1.linux64_1.0.100.202509120712/tools/bin/../lib/gcc/arm-none-eabi/13.3.1/../../../../arm-none-eabi/lib/thumb/v7e-m+fp/hard/libc_nano.a(libc_a-memmove.o)
 .debug_frame   0x00000e84       0x2c /opt/st/stm32cubeide_2.0.0/plugins/com.st.stm32cube.ide.mcu.externaltools.gnu-tools-for-stm32.13.3.rel1.linux64_1.0.100.202509120712/tools/bin/../lib/gcc/arm-none-eabi/13.3.1/../../../../arm-none-eabi/lib/thumb/v7e-m+fp/hard/libc_nano.a(libc_a-sbrkr.o)
 .debug_frame   0x00000eb0       0x28 /opt/st/stm32cubeide_2.0.0/plugins/com.st.stm32cube.ide.mcu.externaltools.gnu-tools-for-stm32.13.3.rel1.linux64_1.0.100.202509120712/tools/bin/../lib/gcc/arm-none-eabi/13.3.1/../../../../arm-none-eabi/lib/thumb/v7e-m+fp/hard/libc_nano.a(libc_a-memcpy-stub.o)
 .debug_frame   0x00000ed8       0x3c /opt/st/stm32cubeide_2.0.0/plugins/com.st.stm32cube.ide.mcu.externaltools.gnu-tools-for-stm32.13.3.rel1.linux64_1.0.100.202509120712/tools/bin/../lib/gcc/arm-none-eabi/13.3.1/../../../../arm-none-eabi/lib/thumb/v7e-m+fp/hard/libc_nano.a(libc_a-reallocr.o)
 .debug_frame   0x00000f14       0x20 /opt/st/stm32cubeide_2.0.0/plugins/com.st.stm32cube.ide.mcu.externaltools.gnu-tools-for-stm32.13.3.rel1.linux64_1.0.100.202509120712/tools/bin/../lib/gcc/arm-none-eabi/13.3.1/../../../../arm-none-eabi/lib/thumb/v7e-m+fp/hard/libc_nano.a(libc_a-msizer.o)

.debug_line_str
                0x00000000       0x65
 .debug_line_str
                0x00000000       0x65 ./Startup/startup_stm32f446retx.o
