10:44:25 **** Incremental Build of configuration Debug for project Buzz_Rover ****
make -j4 all 
arm-none-eabi-gcc "../drivers/Src/buzz_gpio.c" -mcpu=cortex-m4 -std=gnu11 -g3 -DDEBUG -DSTM32 -DSTM32F4 -DSTM32F446RETx -DNUCLEO_F446RE -c -I../Inc -I"/home/justjhst/바탕화면/self-balancing-robot/Buzz_Rover/bsp" -I"/home/justjhst/바탕화면/self-balancing-robot/Buzz_Rover/drivers/Inc" -I"/home/justjhst/바탕화면/self-balancing-robot/Buzz_Rover/app/Inc" -I"/home/justjhst/바탕화면/self-balancing-robot/Buzz_Rover/debug_app/Inc" -O0 -ffunction-sections -fdata-sections -Wall -fstack-usage -fcyclomatic-complexity -MMD -MP -MF"drivers/Src/buzz_gpio.d" -MT"drivers/Src/buzz_gpio.o" --specs=nano.specs -mfpu=fpv4-sp-d16 -mfloat-abi=hard -mthumb -o "drivers/Src/buzz_gpio.o"
arm-none-eabi-gcc "../drivers/Src/buzz_i2c.c" -mcpu=cortex-m4 -std=gnu11 -g3 -DDEBUG -DSTM32 -DSTM32F4 -DSTM32F446RETx -DNUCLEO_F446RE -c -I../Inc -I"/home/justjhst/바탕화면/self-balancing-robot/Buzz_Rover/bsp" -I"/home/justjhst/바탕화면/self-balancing-robot/Buzz_Rover/drivers/Inc" -I"/home/justjhst/바탕화면/self-balancing-robot/Buzz_Rover/app/Inc" -I"/home/justjhst/바탕화면/self-balancing-robot/Buzz_Rover/debug_app/Inc" -O0 -ffunction-sections -fdata-sections -Wall -fstack-usage -fcyclomatic-complexity -MMD -MP -MF"drivers/Src/buzz_i2c.d" -MT"drivers/Src/buzz_i2c.o" --specs=nano.specs -mfpu=fpv4-sp-d16 -mfloat-abi=hard -mthumb -o "drivers/Src/buzz_i2c.o"
arm-none-eabi-gcc "../drivers/Src/buzz_rcc.c" -mcpu=cortex-m4 -std=gnu11 -g3 -DDEBUG -DSTM32 -DSTM32F4 -DSTM32F446RETx -DNUCLEO_F446RE -c -I../Inc -I"/home/justjhst/바탕화면/self-balancing-robot/Buzz_Rover/bsp" -I"/home/justjhst/바탕화면/self-balancing-robot/Buzz_Rover/drivers/Inc" -I"/home/justjhst/바탕화면/self-balancing-robot/Buzz_Rover/app/Inc" -I"/home/justjhst/바탕화면/self-balancing-robot/Buzz_Rover/debug_app/Inc" -O0 -ffunction-sections -fdata-sections -Wall -fstack-usage -fcyclomatic-complexity -MMD -MP -MF"drivers/Src/buzz_rcc.d" -MT"drivers/Src/buzz_rcc.o" --specs=nano.specs -mfpu=fpv4-sp-d16 -mfloat-abi=hard -mthumb -o "drivers/Src/buzz_rcc.o"
arm-none-eabi-gcc "../drivers/Src/buzz_systick.c" -mcpu=cortex-m4 -std=gnu11 -g3 -DDEBUG -DSTM32 -DSTM32F4 -DSTM32F446RETx -DNUCLEO_F446RE -c -I../Inc -I"/home/justjhst/바탕화면/self-balancing-robot/Buzz_Rover/bsp" -I"/home/justjhst/바탕화면/self-balancing-robot/Buzz_Rover/drivers/Inc" -I"/home/justjhst/바탕화면/self-balancing-robot/Buzz_Rover/app/Inc" -I"/home/justjhst/바탕화면/self-balancing-robot/Buzz_Rover/debug_app/Inc" -O0 -ffunction-sections -fdata-sections -Wall -fstack-usage -fcyclomatic-complexity -MMD -MP -MF"drivers/Src/buzz_systick.d" -MT"drivers/Src/buzz_systick.o" --specs=nano.specs -mfpu=fpv4-sp-d16 -mfloat-abi=hard -mthumb -o "drivers/Src/buzz_systick.o"
arm-none-eabi-gcc "../drivers/Src/buzz_tim.c" -mcpu=cortex-m4 -std=gnu11 -g3 -DDEBUG -DSTM32 -DSTM32F4 -DSTM32F446RETx -DNUCLEO_F446RE -c -I../Inc -I"/home/justjhst/바탕화면/self-balancing-robot/Buzz_Rover/bsp" -I"/home/justjhst/바탕화면/self-balancing-robot/Buzz_Rover/drivers/Inc" -I"/home/justjhst/바탕화면/self-balancing-robot/Buzz_Rover/app/Inc" -I"/home/justjhst/바탕화면/self-balancing-robot/Buzz_Rover/debug_app/Inc" -O0 -ffunction-sections -fdata-sections -Wall -fstack-usage -fcyclomatic-complexity -MMD -MP -MF"drivers/Src/buzz_tim.d" -MT"drivers/Src/buzz_tim.o" --specs=nano.specs -mfpu=fpv4-sp-d16 -mfloat-abi=hard -mthumb -o "drivers/Src/buzz_tim.o"
arm-none-eabi-gcc "../drivers/Src/buzz_usart.c" -mcpu=cortex-m4 -std=gnu11 -g3 -DDEBUG -DSTM32 -DSTM32F4 -DSTM32F446RETx -DNUCLEO_F446RE -c -I../Inc -I"/home/justjhst/바탕화면/self-balancing-robot/Buzz_Rover/bsp" -I"/home/justjhst/바탕화면/self-balancing-robot/Buzz_Rover/drivers/Inc" -I"/home/justjhst/바탕화면/self-balancing-robot/Buzz_Rover/app/Inc" -I"/home/justjhst/바탕화면/self-balancing-robot/Buzz_Rover/debug_app/Inc" -O0 -ffunction-sections -fdata-sections -Wall -fstack-usage -fcyclomatic-complexity -MMD -MP -MF"drivers/Src/buzz_usart.d" -MT"drivers/Src/buzz_usart.o" --specs=nano.specs -mfpu=fpv4-sp-d16 -mfloat-abi=hard -mthumb -o "drivers/Src/buzz_usart.o"
arm-none-eabi-gcc -o "Buzz_Rover.elf" @"objects.list"   -mcpu=cortex-m4 -T"/home/justjhst/바탕화면/self-balancing-robot/Buzz_Rover/STM32F446RETX_FLASH.ld" --specs=nosys.specs -Wl,-Map="Buzz_Rover.map" -Wl,--gc-sections -static --specs=nano.specs -mfpu=fpv4-sp-d16 -mfloat-abi=hard -mthumb -Wl,--start-group -lc -lm -Wl,--end-group
Finished building target: Buzz_Rover.elf
 
arm-none-eabi-size  Buzz_Rover.elf 
arm-none-eabi-objdump -h -S Buzz_Rover.elf  > "Buzz_Rover.list"
   text	   data	    bss	    dec	    hex	filename
   8452	     84	   1900	  10436	   28c4	Buzz_Rover.elf
Finished building: default.size.stdout
 
Finished building: Buzz_Rover.list
 

10:44:25 Build Finished. 0 errors, 0 warnings. (took 379ms)

