01:34:54 **** Build of configuration Debug for project Buzz_Rover ****
make -j4 all 
arm-none-eabi-gcc -mcpu=cortex-m4 -g3 -DDEBUG -c -x assembler-with-cpp -MMD -MP -MF"Startup/startup_stm32f446retx.d" -MT"Startup/startup_stm32f446retx.o" --specs=nano.specs -mfpu=fpv4-sp-d16 -mfloat-abi=hard -mthumb -o "Startup/startup_stm32f446retx.o" "../Startup/startup_stm32f446retx.s"
arm-none-eabi-gcc "../Src/main.c" -mcpu=cortex-m4 -std=gnu11 -g3 -DDEBUG -DSTM32 -DSTM32F4 -DSTM32F446RETx -DNUCLEO_F446RE -c -I../Inc -I"/home/justjhst/바탕화면/self-balancing-robot/Buzz_Rover/bsp" -I"/home/justjhst/바탕화면/self-balancing-robot/Buzz_Rover/drivers/Inc" -I"/home/justjhst/바탕화면/self-balancing-robot/Buzz_Rover/app/Inc" -I"/home/justjhst/바탕화면/self-balancing-robot/Buzz_Rover/debug_app/Inc" -O0 -ffunction-sections -fdata-sections -Wall -fstack-usage -fcyclomatic-complexity -MMD -MP -MF"Src/main.d" -MT"Src/main.o" --specs=nano.specs -mfpu=fpv4-sp-d16 -mfloat-abi=hard -mthumb -o "Src/main.o"
arm-none-eabi-gcc "../Src/syscalls.c" -mcpu=cortex-m4 -std=gnu11 -g3 -DDEBUG -DSTM32 -DSTM32F4 -DSTM32F446RETx -DNUCLEO_F446RE -c -I../Inc -I"/home/justjhst/바탕화면/self-balancing-robot/Buzz_Rover/bsp" -I"/home/justjhst/바탕화면/self-balancing-robot/Buzz_Rover/drivers/Inc" -I"/home/justjhst/바탕화면/self-balancing-robot/Buzz_Rover/app/Inc" -I"/home/justjhst/바탕화면/self-balancing-robot/Buzz_Rover/debug_app/Inc" -O0 -ffunction-sections -fdata-sections -Wall -fstack-usage -fcyclomatic-complexity -MMD -MP -MF"Src/syscalls.d" -MT"Src/syscalls.o" --specs=nano.specs -mfpu=fpv4-sp-d16 -mfloat-abi=hard -mthumb -o "Src/syscalls.o"
arm-none-eabi-gcc "../Src/sysmem.c" -mcpu=cortex-m4 -std=gnu11 -g3 -DDEBUG -DSTM32 -DSTM32F4 -DSTM32F446RETx -DNUCLEO_F446RE -c -I../Inc -I"/home/justjhst/바탕화면/self-balancing-robot/Buzz_Rover/bsp" -I"/home/justjhst/바탕화면/self-balancing-robot/Buzz_Rover/drivers/Inc" -I"/home/justjhst/바탕화면/self-balancing-robot/Buzz_Rover/app/Inc" -I"/home/justjhst/바탕화면/self-balancing-robot/Buzz_Rover/debug_app/Inc" -O0 -ffunction-sections -fdata-sections -Wall -fstack-usage -fcyclomatic-complexity -MMD -MP -MF"Src/sysmem.d" -MT"Src/sysmem.o" --specs=nano.specs -mfpu=fpv4-sp-d16 -mfloat-abi=hard -mthumb -o "Src/sysmem.o"
../Src/main.c:22:4: warning: #warning "FPU is not initialized, but the project is compiling for an FPU. Please initialize the FPU before use." [-Wcpp]
   22 |   #warning "FPU is not initialized, but the project is compiling for an FPU. Please initialize the FPU before use."
      |    ^~~~~~~
arm-none-eabi-gcc -o "Buzz_Rover.elf" @"objects.list"   -mcpu=cortex-m4 -T"/home/justjhst/바탕화면/self-balancing-robot/Buzz_Rover/STM32F446RETX_FLASH.ld" --specs=nosys.specs -Wl,-Map="Buzz_Rover.map" -Wl,--gc-sections -static --specs=nano.specs -mfpu=fpv4-sp-d16 -mfloat-abi=hard -mthumb -Wl,--start-group -lc -lm -Wl,--end-group
Finished building target: Buzz_Rover.elf
 
arm-none-eabi-size  Buzz_Rover.elf 
arm-none-eabi-objdump -h -S Buzz_Rover.elf  > "Buzz_Rover.list"
   text	   data	    bss	    dec	    hex	filename
    712	      0	   1568	   2280	    8e8	Buzz_Rover.elf
Finished building: default.size.stdout
Finished building: Buzz_Rover.list
 
 
16:41:04 **** Incremental Build of configuration Debug for project Buzz_Rover ****
make -j4 all 
arm-none-eabi-size  Buzz_Rover.elf 
   text	   data	    bss	    dec	    hex	filename
    712	      0	   1568	   2280	    8e8	Buzz_Rover.elf
Finished building: default.size.stdout
 
16:46:55 **** Incremental Build of configuration Debug for project Buzz_Rover ****
make -j4 all 
arm-none-eabi-size  Buzz_Rover.elf 
   text	   data	    bss	    dec	    hex	filename
    712	      0	   1568	   2280	    8e8	Buzz_Rover.elf
Finished building: default.size.stdout
 
18:30:47 **** Incremental Build of configuration Debug for project Buzz_Rover ****
make -j4 all 
arm-none-eabi-size  Buzz_Rover.elf 
   text	   data	    bss	    dec	    hex	filename
    712	      0	   1568	   2280	    8e8	Buzz_Rover.elf
Finished building: default.size.stdout
 
18:55:06 **** Incremental Build of configuration Debug for project Buzz_Rover ****
make -j4 all 
arm-none-eabi-size  Buzz_Rover.elf 
   text	   data	    bss	    dec	    hex	filename
    712	      0	   1568	   2280	    8e8	Buzz_Rover.elf
Finished building: default.size.stdout
 
19:02:50 **** Incremental Build of configuration Debug for project Buzz_Rover ****
make -j4 all 
arm-none-eabi-size  Buzz_Rover.elf 
   text	   data	    bss	    dec	    hex	filename
    712	      0	   1568	   2280	    8e8	Buzz_Rover.elf
Finished building: default.size.stdout
 
19:05:26 **** Incremental Build of configuration Debug for project Buzz_Rover ****
make -j4 all 
arm-none-eabi-size  Buzz_Rover.elf 
   text	   data	    bss	    dec	    hex	filename
    712	      0	   1568	   2280	    8e8	Buzz_Rover.elf
Finished building: default.size.stdout
 
19:09:17 **** Incremental Build of configuration Debug for project Buzz_Rover ****
make -j4 all 
arm-none-eabi-gcc "../Src/main.c" -mcpu=cortex-m4 -std=gnu11 -g3 -DDEBUG -DSTM32 -DSTM32F4 -DSTM32F446RETx -DNUCLEO_F446RE -c -I../Inc -I"/home/justjhst/바탕화면/self-balancing-robot/Buzz_Rover/bsp" -I"/home/justjhst/바탕화면/self-balancing-robot/Buzz_Rover/drivers/Inc" -I"/home/justjhst/바탕화면/self-balancing-robot/Buzz_Rover/app/Inc" -I"/home/justjhst/바탕화면/self-balancing-robot/Buzz_Rover/debug_app/Inc" -O0 -ffunction-sections -fdata-sections -Wall -fstack-usage -fcyclomatic-complexity -MMD -MP -MF"Src/main.d" -MT"Src/main.o" --specs=nano.specs -mfpu=fpv4-sp-d16 -mfloat-abi=hard -mthumb -o "Src/main.o"
arm-none-eabi-gcc -o "Buzz_Rover.elf" @"objects.list"   -mcpu=cortex-m4 -T"/home/justjhst/바탕화면/self-balancing-robot/Buzz_Rover/STM32F446RETX_FLASH.ld" --specs=nosys.specs -Wl,-Map="Buzz_Rover.map" -Wl,--gc-sections -static --specs=nano.specs -mfpu=fpv4-sp-d16 -mfloat-abi=hard -mthumb -Wl,--start-group -lc -lm -Wl,--end-group
/opt/st/stm32cubeide_2.0.0/plugins/com.st.stm32cube.ide.mcu.externaltools.gnu-tools-for-stm32.13.3.rel1.linux64_1.0.100.202509120712/tools/bin/../lib/gcc/arm-none-eabi/13.3.1/../../../../arm-none-eabi/bin/ld: ./Src/main.o: in function `I2C1_ER_IRQHandler':
/home/justjhst/바탕화면/self-balancing-robot/Buzz_Rover/Debug/../Src/main.c:55:(.text.I2C1_ER_IRQHandler+0x6): undefined reference to `I2C_ER_IRQHandling'
/opt/st/stm32cubeide_2.0.0/plugins/com.st.stm32cube.ide.mcu.externaltools.gnu-tools-for-stm32.13.3.rel1.linux64_1.0.100.202509120712/tools/bin/../lib/gcc/arm-none-eabi/13.3.1/../../../../arm-none-eabi/bin/ld: ./Src/main.o: in function `main':
/home/justjhst/바탕화면/self-balancing-robot/Buzz_Rover/Debug/../Src/main.c:64:(.text.main+0x24): undefined reference to `SysTick_Init'
/opt/st/stm32cubeide_2.0.0/plugins/com.st.stm32cube.ide.mcu.externaltools.gnu-tools-for-stm32.13.3.rel1.linux64_1.0.100.202509120712/tools/bin/../lib/gcc/arm-none-eabi/13.3.1/../../../../arm-none-eabi/bin/ld: /home/justjhst/바탕화면/self-balancing-robot/Buzz_Rover/Debug/../Src/main.c:66:(.text.main+0x2c): undefined reference to `GPIO_PeriClockControl'
/opt/st/stm32cubeide_2.0.0/plugins/com.st.stm32cube.ide.mcu.externaltools.gnu-tools-for-stm32.13.3.rel1.linux64_1.0.100.202509120712/tools/bin/../lib/gcc/arm-none-eabi/13.3.1/../../../../arm-none-eabi/bin/ld: /home/justjhst/바탕화면/self-balancing-robot/Buzz_Rover/Debug/../Src/main.c:77:(.text.main+0x58): undefined reference to `GPIO_Init'
/opt/st/stm32cubeide_2.0.0/plugins/com.st.stm32cube.ide.mcu.externaltools.gnu-tools-for-stm32.13.3.rel1.linux64_1.0.100.202509120712/tools/bin/../lib/gcc/arm-none-eabi/13.3.1/../../../../arm-none-eabi/bin/ld: /home/justjhst/바탕화면/self-balancing-robot/Buzz_Rover/Debug/../Src/main.c:79:(.text.main+0x60): undefined reference to `GPIO_PeriClockControl'
/opt/st/stm32cubeide_2.0.0/plugins/com.st.stm32cube.ide.mcu.externaltools.gnu-tools-for-stm32.13.3.rel1.linux64_1.0.100.202509120712/tools/bin/../lib/gcc/arm-none-eabi/13.3.1/../../../../arm-none-eabi/bin/ld: /home/justjhst/바탕화면/self-balancing-robot/Buzz_Rover/Debug/../Src/main.c:90:(.text.main+0x92): undefined reference to `GPIO_Init'
/opt/st/stm32cubeide_2.0.0/plugins/com.st.stm32cube.ide.mcu.externaltools.gnu-tools-for-stm32.13.3.rel1.linux64_1.0.100.202509120712/tools/bin/../lib/gcc/arm-none-eabi/13.3.1/../../../../arm-none-eabi/bin/ld: /home/justjhst/바탕화면/self-balancing-robot/Buzz_Rover/Debug/../Src/main.c:93:(.text.main+0xa2): undefined reference to `GPIO_Init'
/opt/st/stm32cubeide_2.0.0/plugins/com.st.stm32cube.ide.mcu.externaltools.gnu-tools-for-stm32.13.3.rel1.linux64_1.0.100.202509120712/tools/bin/../lib/gcc/arm-none-eabi/13.3.1/../../../../arm-none-eabi/bin/ld: /home/justjhst/바탕화면/self-balancing-robot/Buzz_Rover/Debug/../Src/main.c:103:(.text.main+0xd4): undefined reference to `I2C_Init'
/opt/st/stm32cubeide_2.0.0/plugins/com.st.stm32cube.ide.mcu.externaltools.gnu-tools-for-stm32.13.3.rel1.linux64_1.0.100.202509120712/tools/bin/../lib/gcc/arm-none-eabi/13.3.1/../../../../arm-none-eabi/bin/ld: /home/justjhst/바탕화면/self-balancing-robot/Buzz_Rover/Debug/../Src/main.c:105:(.text.main+0xde): undefined reference to `GPIO_IRQConfig'
/opt/st/stm32cubeide_2.0.0/plugins/com.st.stm32cube.ide.mcu.externaltools.gnu-tools-for-stm32.13.3.rel1.linux64_1.0.100.202509120712/tools/bin/../lib/gcc/arm-none-eabi/13.3.1/../../../../arm-none-eabi/bin/ld: /home/justjhst/바탕화면/self-balancing-robot/Buzz_Rover/Debug/../Src/main.c:107:(.text.main+0xe6): undefined reference to `I2C_PeripheralControl'
/opt/st/stm32cubeide_2.0.0/plugins/com.st.stm32cube.ide.mcu.externaltools.gnu-tools-for-stm32.13.3.rel1.linux64_1.0.100.202509120712/tools/bin/../lib/gcc/arm-none-eabi/13.3.1/../../../../arm-none-eabi/bin/ld: /home/justjhst/바탕화면/self-balancing-robot/Buzz_Rover/Debug/../Src/main.c:109:(.text.main+0xec): undefined reference to `I2C_AddressScan'
collect2: error: ld returned 1 exit status
make: *** [makefile:63: Buzz_Rover.elf] Error 1
"make -j4 all" terminated with exit code 2. Build might be incomplete.
19:11:01 **** Incremental Build of configuration Debug for project Buzz_Rover ****
make -j4 all 
arm-none-eabi-gcc -o "Buzz_Rover.elf" @"objects.list"   -mcpu=cortex-m4 -T"/home/justjhst/바탕화면/self-balancing-robot/Buzz_Rover/STM32F446RETX_FLASH.ld" --specs=nosys.specs -Wl,-Map="Buzz_Rover.map" -Wl,--gc-sections -static --specs=nano.specs -mfpu=fpv4-sp-d16 -mfloat-abi=hard -mthumb -Wl,--start-group -lc -lm -Wl,--end-group
/opt/st/stm32cubeide_2.0.0/plugins/com.st.stm32cube.ide.mcu.externaltools.gnu-tools-for-stm32.13.3.rel1.linux64_1.0.100.202509120712/tools/bin/../lib/gcc/arm-none-eabi/13.3.1/../../../../arm-none-eabi/bin/ld: ./Src/main.o: in function `I2C1_ER_IRQHandler':
/home/justjhst/바탕화면/self-balancing-robot/Buzz_Rover/Debug/../Src/main.c:55:(.text.I2C1_ER_IRQHandler+0x6): undefined reference to `I2C_ER_IRQHandling'
/opt/st/stm32cubeide_2.0.0/plugins/com.st.stm32cube.ide.mcu.externaltools.gnu-tools-for-stm32.13.3.rel1.linux64_1.0.100.202509120712/tools/bin/../lib/gcc/arm-none-eabi/13.3.1/../../../../arm-none-eabi/bin/ld: ./Src/main.o: in function `main':
/home/justjhst/바탕화면/self-balancing-robot/Buzz_Rover/Debug/../Src/main.c:64:(.text.main+0x24): undefined reference to `SysTick_Init'
/opt/st/stm32cubeide_2.0.0/plugins/com.st.stm32cube.ide.mcu.externaltools.gnu-tools-for-stm32.13.3.rel1.linux64_1.0.100.202509120712/tools/bin/../lib/gcc/arm-none-eabi/13.3.1/../../../../arm-none-eabi/bin/ld: /home/justjhst/바탕화면/self-balancing-robot/Buzz_Rover/Debug/../Src/main.c:66:(.text.main+0x2c): undefined reference to `GPIO_PeriClockControl'
/opt/st/stm32cubeide_2.0.0/plugins/com.st.stm32cube.ide.mcu.externaltools.gnu-tools-for-stm32.13.3.rel1.linux64_1.0.100.202509120712/tools/bin/../lib/gcc/arm-none-eabi/13.3.1/../../../../arm-none-eabi/bin/ld: /home/justjhst/바탕화면/self-balancing-robot/Buzz_Rover/Debug/../Src/main.c:77:(.text.main+0x58): undefined reference to `GPIO_Init'
/opt/st/stm32cubeide_2.0.0/plugins/com.st.stm32cube.ide.mcu.externaltools.gnu-tools-for-stm32.13.3.rel1.linux64_1.0.100.202509120712/tools/bin/../lib/gcc/arm-none-eabi/13.3.1/../../../../arm-none-eabi/bin/ld: /home/justjhst/바탕화면/self-balancing-robot/Buzz_Rover/Debug/../Src/main.c:79:(.text.main+0x60): undefined reference to `GPIO_PeriClockControl'
/opt/st/stm32cubeide_2.0.0/plugins/com.st.stm32cube.ide.mcu.externaltools.gnu-tools-for-stm32.13.3.rel1.linux64_1.0.100.202509120712/tools/bin/../lib/gcc/arm-none-eabi/13.3.1/../../../../arm-none-eabi/bin/ld: /home/justjhst/바탕화면/self-balancing-robot/Buzz_Rover/Debug/../Src/main.c:90:(.text.main+0x92): undefined reference to `GPIO_Init'
/opt/st/stm32cubeide_2.0.0/plugins/com.st.stm32cube.ide.mcu.externaltools.gnu-tools-for-stm32.13.3.rel1.linux64_1.0.100.202509120712/tools/bin/../lib/gcc/arm-none-eabi/13.3.1/../../../../arm-none-eabi/bin/ld: /home/justjhst/바탕화면/self-balancing-robot/Buzz_Rover/Debug/../Src/main.c:93:(.text.main+0xa2): undefined reference to `GPIO_Init'
/opt/st/stm32cubeide_2.0.0/plugins/com.st.stm32cube.ide.mcu.externaltools.gnu-tools-for-stm32.13.3.rel1.linux64_1.0.100.202509120712/tools/bin/../lib/gcc/arm-none-eabi/13.3.1/../../../../arm-none-eabi/bin/ld: /home/justjhst/바탕화면/self-balancing-robot/Buzz_Rover/Debug/../Src/main.c:103:(.text.main+0xd4): undefined reference to `I2C_Init'
/opt/st/stm32cubeide_2.0.0/plugins/com.st.stm32cube.ide.mcu.externaltools.gnu-tools-for-stm32.13.3.rel1.linux64_1.0.100.202509120712/tools/bin/../lib/gcc/arm-none-eabi/13.3.1/../../../../arm-none-eabi/bin/ld: /home/justjhst/바탕화면/self-balancing-robot/Buzz_Rover/Debug/../Src/main.c:105:(.text.main+0xde): undefined reference to `GPIO_IRQConfig'
/opt/st/stm32cubeide_2.0.0/plugins/com.st.stm32cube.ide.mcu.externaltools.gnu-tools-for-stm32.13.3.rel1.linux64_1.0.100.202509120712/tools/bin/../lib/gcc/arm-none-eabi/13.3.1/../../../../arm-none-eabi/bin/ld: /home/justjhst/바탕화면/self-balancing-robot/Buzz_Rover/Debug/../Src/main.c:107:(.text.main+0xe6): undefined reference to `I2C_PeripheralControl'
/opt/st/stm32cubeide_2.0.0/plugins/com.st.stm32cube.ide.mcu.externaltools.gnu-tools-for-stm32.13.3.rel1.linux64_1.0.100.202509120712/tools/bin/../lib/gcc/arm-none-eabi/13.3.1/../../../../arm-none-eabi/bin/ld: /home/justjhst/바탕화면/self-balancing-robot/Buzz_Rover/Debug/../Src/main.c:109:(.text.main+0xec): undefined reference to `I2C_AddressScan'
collect2: error: ld returned 1 exit status
make: *** [makefile:63: Buzz_Rover.elf] Error 1
"make -j4 all" terminated with exit code 2. Build might be incomplete.
19:13:14 **** Incremental Build of configuration Debug for project Buzz_Rover ****
make -j4 all 
arm-none-eabi-gcc "../Src/main.c" -mcpu=cortex-m4 -std=gnu11 -g3 -DDEBUG -DSTM32 -DSTM32F4 -DSTM32F446RETx -DNUCLEO_F446RE -c -I../Inc -I"/home/justjhst/바탕화면/self-balancing-robot/Buzz_Rover/bsp" -I"/home/justjhst/바탕화면/self-balancing-robot/Buzz_Rover/drivers/Inc" -I"/home/justjhst/바탕화면/self-balancing-robot/Buzz_Rover/app/Inc" -I"/home/justjhst/바탕화면/self-balancing-robot/Buzz_Rover/debug_app/Inc" -O0 -ffunction-sections -fdata-sections -Wall -fstack-usage -fcyclomatic-complexity -MMD -MP -MF"Src/main.d" -MT"Src/main.o" --specs=nano.specs -mfpu=fpv4-sp-d16 -mfloat-abi=hard -mthumb -o "Src/main.o"
arm-none-eabi-gcc -o "Buzz_Rover.elf" @"objects.list"   -mcpu=cortex-m4 -T"/home/justjhst/바탕화면/self-balancing-robot/Buzz_Rover/STM32F446RETX_FLASH.ld" --specs=nosys.specs -Wl,-Map="Buzz_Rover.map" -Wl,--gc-sections -static --specs=nano.specs -mfpu=fpv4-sp-d16 -mfloat-abi=hard -mthumb -Wl,--start-group -lc -lm -Wl,--end-group
/opt/st/stm32cubeide_2.0.0/plugins/com.st.stm32cube.ide.mcu.externaltools.gnu-tools-for-stm32.13.3.rel1.linux64_1.0.100.202509120712/tools/bin/../lib/gcc/arm-none-eabi/13.3.1/../../../../arm-none-eabi/bin/ld: ./Src/main.o: in function `I2C1_ER_IRQHandler':
/home/justjhst/바탕화면/self-balancing-robot/Buzz_Rover/Debug/../Src/main.c:56:(.text.I2C1_ER_IRQHandler+0x6): undefined reference to `I2C_ER_IRQHandling'
/opt/st/stm32cubeide_2.0.0/plugins/com.st.stm32cube.ide.mcu.externaltools.gnu-tools-for-stm32.13.3.rel1.linux64_1.0.100.202509120712/tools/bin/../lib/gcc/arm-none-eabi/13.3.1/../../../../arm-none-eabi/bin/ld: ./Src/main.o: in function `main':
/home/justjhst/바탕화면/self-balancing-robot/Buzz_Rover/Debug/../Src/main.c:65:(.text.main+0x24): undefined reference to `SysTick_Init'
/opt/st/stm32cubeide_2.0.0/plugins/com.st.stm32cube.ide.mcu.externaltools.gnu-tools-for-stm32.13.3.rel1.linux64_1.0.100.202509120712/tools/bin/../lib/gcc/arm-none-eabi/13.3.1/../../../../arm-none-eabi/bin/ld: /home/justjhst/바탕화면/self-balancing-robot/Buzz_Rover/Debug/../Src/main.c:67:(.text.main+0x2c): undefined reference to `GPIO_PeriClockControl'
/opt/st/stm32cubeide_2.0.0/plugins/com.st.stm32cube.ide.mcu.externaltools.gnu-tools-for-stm32.13.3.rel1.linux64_1.0.100.202509120712/tools/bin/../lib/gcc/arm-none-eabi/13.3.1/../../../../arm-none-eabi/bin/ld: /home/justjhst/바탕화면/self-balancing-robot/Buzz_Rover/Debug/../Src/main.c:78:(.text.main+0x58): undefined reference to `GPIO_Init'
/opt/st/stm32cubeide_2.0.0/plugins/com.st.stm32cube.ide.mcu.externaltools.gnu-tools-for-stm32.13.3.rel1.linux64_1.0.100.202509120712/tools/bin/../lib/gcc/arm-none-eabi/13.3.1/../../../../arm-none-eabi/bin/ld: /home/justjhst/바탕화면/self-balancing-robot/Buzz_Rover/Debug/../Src/main.c:80:(.text.main+0x60): undefined reference to `GPIO_PeriClockControl'
/opt/st/stm32cubeide_2.0.0/plugins/com.st.stm32cube.ide.mcu.externaltools.gnu-tools-for-stm32.13.3.rel1.linux64_1.0.100.202509120712/tools/bin/../lib/gcc/arm-none-eabi/13.3.1/../../../../arm-none-eabi/bin/ld: /home/justjhst/바탕화면/self-balancing-robot/Buzz_Rover/Debug/../Src/main.c:91:(.text.main+0x92): undefined reference to `GPIO_Init'
/opt/st/stm32cubeide_2.0.0/plugins/com.st.stm32cube.ide.mcu.externaltools.gnu-tools-for-stm32.13.3.rel1.linux64_1.0.100.202509120712/tools/bin/../lib/gcc/arm-none-eabi/13.3.1/../../../../arm-none-eabi/bin/ld: /home/justjhst/바탕화면/self-balancing-robot/Buzz_Rover/Debug/../Src/main.c:94:(.text.main+0xa2): undefined reference to `GPIO_Init'
/opt/st/stm32cubeide_2.0.0/plugins/com.st.stm32cube.ide.mcu.externaltools.gnu-tools-for-stm32.13.3.rel1.linux64_1.0.100.202509120712/tools/bin/../lib/gcc/arm-none-eabi/13.3.1/../../../../arm-none-eabi/bin/ld: /home/justjhst/바탕화면/self-balancing-robot/Buzz_Rover/Debug/../Src/main.c:104:(.text.main+0xd4): undefined reference to `I2C_Init'
/opt/st/stm32cubeide_2.0.0/plugins/com.st.stm32cube.ide.mcu.externaltools.gnu-tools-for-stm32.13.3.rel1.linux64_1.0.100.202509120712/tools/bin/../lib/gcc/arm-none-eabi/13.3.1/../../../../arm-none-eabi/bin/ld: /home/justjhst/바탕화면/self-balancing-robot/Buzz_Rover/Debug/../Src/main.c:106:(.text.main+0xde): undefined reference to `GPIO_IRQConfig'
/opt/st/stm32cubeide_2.0.0/plugins/com.st.stm32cube.ide.mcu.externaltools.gnu-tools-for-stm32.13.3.rel1.linux64_1.0.100.202509120712/tools/bin/../lib/gcc/arm-none-eabi/13.3.1/../../../../arm-none-eabi/bin/ld: /home/justjhst/바탕화면/self-balancing-robot/Buzz_Rover/Debug/../Src/main.c:108:(.text.main+0xe6): undefined reference to `I2C_PeripheralControl'
/opt/st/stm32cubeide_2.0.0/plugins/com.st.stm32cube.ide.mcu.externaltools.gnu-tools-for-stm32.13.3.rel1.linux64_1.0.100.202509120712/tools/bin/../lib/gcc/arm-none-eabi/13.3.1/../../../../arm-none-eabi/bin/ld: /home/justjhst/바탕화면/self-balancing-robot/Buzz_Rover/Debug/../Src/main.c:110:(.text.main+0xec): undefined reference to `I2C_AddressScan'
collect2: error: ld returned 1 exit status
make: *** [makefile:63: Buzz_Rover.elf] Error 1
"make -j4 all" terminated with exit code 2. Build might be incomplete.
19:18:06 **** Clean-only build of configuration Debug for project Buzz_Rover ****
make -j4 clean 
rm -rf ./Startup/startup_stm32f446retx.d ./Startup/startup_stm32f446retx.o
rm -rf ./Src/main.cyclo ./Src/main.d ./Src/main.o ./Src/main.su ./Src/syscalls.cyclo ./Src/syscalls.d ./Src/syscalls.o ./Src/syscalls.su ./Src/sysmem.cyclo ./Src/sysmem.d ./Src/sysmem.o ./Src/sysmem.su
rm -rf Buzz_Rover.elf Buzz_Rover.list Buzz_Rover.map default.size.stdout
 
19:18:06 **** Incremental Build of configuration Debug for project Buzz_Rover ****
make -j4 all 
arm-none-eabi-gcc "../drivers/Src/buzz_gpio.c" -mcpu=cortex-m4 -std=gnu11 -g3 -DDEBUG -DSTM32 -DSTM32F4 -DSTM32F446RETx -DNUCLEO_F446RE -c -I../Inc -I"/home/justjhst/바탕화면/self-balancing-robot/Buzz_Rover/bsp" -I"/home/justjhst/바탕화면/self-balancing-robot/Buzz_Rover/drivers/Inc" -I"/home/justjhst/바탕화면/self-balancing-robot/Buzz_Rover/app/Inc" -I"/home/justjhst/바탕화면/self-balancing-robot/Buzz_Rover/debug_app/Inc" -O0 -ffunction-sections -fdata-sections -Wall -fstack-usage -fcyclomatic-complexity -MMD -MP -MF"drivers/Src/buzz_gpio.d" -MT"drivers/Src/buzz_gpio.o" --specs=nano.specs -mfpu=fpv4-sp-d16 -mfloat-abi=hard -mthumb -o "drivers/Src/buzz_gpio.o"
arm-none-eabi-gcc "../drivers/Src/buzz_i2c.c" -mcpu=cortex-m4 -std=gnu11 -g3 -DDEBUG -DSTM32 -DSTM32F4 -DSTM32F446RETx -DNUCLEO_F446RE -c -I../Inc -I"/home/justjhst/바탕화면/self-balancing-robot/Buzz_Rover/bsp" -I"/home/justjhst/바탕화면/self-balancing-robot/Buzz_Rover/drivers/Inc" -I"/home/justjhst/바탕화면/self-balancing-robot/Buzz_Rover/app/Inc" -I"/home/justjhst/바탕화면/self-balancing-robot/Buzz_Rover/debug_app/Inc" -O0 -ffunction-sections -fdata-sections -Wall -fstack-usage -fcyclomatic-complexity -MMD -MP -MF"drivers/Src/buzz_i2c.d" -MT"drivers/Src/buzz_i2c.o" --specs=nano.specs -mfpu=fpv4-sp-d16 -mfloat-abi=hard -mthumb -o "drivers/Src/buzz_i2c.o"
arm-none-eabi-gcc "../drivers/Src/buzz_rcc.c" -mcpu=cortex-m4 -std=gnu11 -g3 -DDEBUG -DSTM32 -DSTM32F4 -DSTM32F446RETx -DNUCLEO_F446RE -c -I../Inc -I"/home/justjhst/바탕화면/self-balancing-robot/Buzz_Rover/bsp" -I"/home/justjhst/바탕화면/self-balancing-robot/Buzz_Rover/drivers/Inc" -I"/home/justjhst/바탕화면/self-balancing-robot/Buzz_Rover/app/Inc" -I"/home/justjhst/바탕화면/self-balancing-robot/Buzz_Rover/debug_app/Inc" -O0 -ffunction-sections -fdata-sections -Wall -fstack-usage -fcyclomatic-complexity -MMD -MP -MF"drivers/Src/buzz_rcc.d" -MT"drivers/Src/buzz_rcc.o" --specs=nano.specs -mfpu=fpv4-sp-d16 -mfloat-abi=hard -mthumb -o "drivers/Src/buzz_rcc.o"
arm-none-eabi-gcc "../drivers/Src/buzz_systick.c" -mcpu=cortex-m4 -std=gnu11 -g3 -DDEBUG -DSTM32 -DSTM32F4 -DSTM32F446RETx -DNUCLEO_F446RE -c -I../Inc -I"/home/justjhst/바탕화면/self-balancing-robot/Buzz_Rover/bsp" -I"/home/justjhst/바탕화면/self-balancing-robot/Buzz_Rover/drivers/Inc" -I"/home/justjhst/바탕화면/self-balancing-robot/Buzz_Rover/app/Inc" -I"/home/justjhst/바탕화면/self-balancing-robot/Buzz_Rover/debug_app/Inc" -O0 -ffunction-sections -fdata-sections -Wall -fstack-usage -fcyclomatic-complexity -MMD -MP -MF"drivers/Src/buzz_systick.d" -MT"drivers/Src/buzz_systick.o" --specs=nano.specs -mfpu=fpv4-sp-d16 -mfloat-abi=hard -mthumb -o "drivers/Src/buzz_systick.o"
arm-none-eabi-gcc "../drivers/Src/buzz_usart.c" -mcpu=cortex-m4 -std=gnu11 -g3 -DDEBUG -DSTM32 -DSTM32F4 -DSTM32F446RETx -DNUCLEO_F446RE -c -I../Inc -I"/home/justjhst/바탕화면/self-balancing-robot/Buzz_Rover/bsp" -I"/home/justjhst/바탕화면/self-balancing-robot/Buzz_Rover/drivers/Inc" -I"/home/justjhst/바탕화면/self-balancing-robot/Buzz_Rover/app/Inc" -I"/home/justjhst/바탕화면/self-balancing-robot/Buzz_Rover/debug_app/Inc" -O0 -ffunction-sections -fdata-sections -Wall -fstack-usage -fcyclomatic-complexity -MMD -MP -MF"drivers/Src/buzz_usart.d" -MT"drivers/Src/buzz_usart.o" --specs=nano.specs -mfpu=fpv4-sp-d16 -mfloat-abi=hard -mthumb -o "drivers/Src/buzz_usart.o"
arm-none-eabi-gcc "../debug_app/Src/i2c_scanner.c" -mcpu=cortex-m4 -std=gnu11 -g3 -DDEBUG -DSTM32 -DSTM32F4 -DSTM32F446RETx -DNUCLEO_F446RE -c -I../Inc -I"/home/justjhst/바탕화면/self-balancing-robot/Buzz_Rover/bsp" -I"/home/justjhst/바탕화면/self-balancing-robot/Buzz_Rover/drivers/Inc" -I"/home/justjhst/바탕화면/self-balancing-robot/Buzz_Rover/app/Inc" -I"/home/justjhst/바탕화면/self-balancing-robot/Buzz_Rover/debug_app/Inc" -O0 -ffunction-sections -fdata-sections -Wall -fstack-usage -fcyclomatic-complexity -MMD -MP -MF"debug_app/Src/i2c_scanner.d" -MT"debug_app/Src/i2c_scanner.o" --specs=nano.specs -mfpu=fpv4-sp-d16 -mfloat-abi=hard -mthumb -o "debug_app/Src/i2c_scanner.o"
In file included from /home/justjhst/바탕화면/self-balancing-robot/Buzz_Rover/bsp/stm32f446xx.h:39,
                 from /home/justjhst/바탕화면/self-balancing-robot/Buzz_Rover/drivers/Inc/buzz_usart.h:4,
                 from ../drivers/Src/buzz_usart.c:1:
../drivers/Src/buzz_usart.c: In function 'USART_PeriClockControl':
/home/justjhst/바탕화면/self-balancing-robot/Buzz_Rover/bsp/stm32f446xx_usart.h:24:52: error: 'USART2_BASEADDR' undeclared (first use in this function); did you mean 'USART6_BASEADDR'?
   24 | #define USART2                  ((USART_RegMap_t*) USART2_BASEADDR)
      |                                                    ^~~~~~~~~~~~~~~
../drivers/Src/buzz_usart.c:143:38: note: in expansion of macro 'USART2'
  143 |                 }else if (pUSARTx == USART2)
      |                                      ^~~~~~
arm-none-eabi-gcc -mcpu=cortex-m4 -g3 -DDEBUG -c -x assembler-with-cpp -MMD -MP -MF"Startup/startup_stm32f446retx.d" -MT"Startup/startup_stm32f446retx.o" --specs=nano.specs -mfpu=fpv4-sp-d16 -mfloat-abi=hard -mthumb -o "Startup/startup_stm32f446retx.o" "../Startup/startup_stm32f446retx.s"
/home/justjhst/바탕화면/self-balancing-robot/Buzz_Rover/bsp/stm32f446xx_usart.h:24:52: note: each undeclared identifier is reported only once for each function it appears in
   24 | #define USART2                  ((USART_RegMap_t*) USART2_BASEADDR)
      |                                                    ^~~~~~~~~~~~~~~
../drivers/Src/buzz_usart.c:143:38: note: in expansion of macro 'USART2'
  143 |                 }else if (pUSARTx == USART2)
      |                                      ^~~~~~
make: *** [drivers/Src/subdir.mk:31: drivers/Src/buzz_usart.o] Error 1
make: *** Waiting for unfinished jobs....
"make -j4 all" terminated with exit code 2. Build might be incomplete.
19:23:26 **** Incremental Build of configuration Debug for project Buzz_Rover ****
make -j4 all 
arm-none-eabi-gcc "../drivers/Src/buzz_gpio.c" -mcpu=cortex-m4 -std=gnu11 -g3 -DDEBUG -DSTM32 -DSTM32F4 -DSTM32F446RETx -DNUCLEO_F446RE -c -I../Inc -I"/home/justjhst/바탕화면/self-balancing-robot/Buzz_Rover/bsp" -I"/home/justjhst/바탕화면/self-balancing-robot/Buzz_Rover/drivers/Inc" -I"/home/justjhst/바탕화면/self-balancing-robot/Buzz_Rover/app/Inc" -I"/home/justjhst/바탕화면/self-balancing-robot/Buzz_Rover/debug_app/Inc" -O0 -ffunction-sections -fdata-sections -Wall -fstack-usage -fcyclomatic-complexity -MMD -MP -MF"drivers/Src/buzz_gpio.d" -MT"drivers/Src/buzz_gpio.o" --specs=nano.specs -mfpu=fpv4-sp-d16 -mfloat-abi=hard -mthumb -o "drivers/Src/buzz_gpio.o"
arm-none-eabi-gcc "../drivers/Src/buzz_i2c.c" -mcpu=cortex-m4 -std=gnu11 -g3 -DDEBUG -DSTM32 -DSTM32F4 -DSTM32F446RETx -DNUCLEO_F446RE -c -I../Inc -I"/home/justjhst/바탕화면/self-balancing-robot/Buzz_Rover/bsp" -I"/home/justjhst/바탕화면/self-balancing-robot/Buzz_Rover/drivers/Inc" -I"/home/justjhst/바탕화면/self-balancing-robot/Buzz_Rover/app/Inc" -I"/home/justjhst/바탕화면/self-balancing-robot/Buzz_Rover/debug_app/Inc" -O0 -ffunction-sections -fdata-sections -Wall -fstack-usage -fcyclomatic-complexity -MMD -MP -MF"drivers/Src/buzz_i2c.d" -MT"drivers/Src/buzz_i2c.o" --specs=nano.specs -mfpu=fpv4-sp-d16 -mfloat-abi=hard -mthumb -o "drivers/Src/buzz_i2c.o"
arm-none-eabi-gcc "../drivers/Src/buzz_rcc.c" -mcpu=cortex-m4 -std=gnu11 -g3 -DDEBUG -DSTM32 -DSTM32F4 -DSTM32F446RETx -DNUCLEO_F446RE -c -I../Inc -I"/home/justjhst/바탕화면/self-balancing-robot/Buzz_Rover/bsp" -I"/home/justjhst/바탕화면/self-balancing-robot/Buzz_Rover/drivers/Inc" -I"/home/justjhst/바탕화면/self-balancing-robot/Buzz_Rover/app/Inc" -I"/home/justjhst/바탕화면/self-balancing-robot/Buzz_Rover/debug_app/Inc" -O0 -ffunction-sections -fdata-sections -Wall -fstack-usage -fcyclomatic-complexity -MMD -MP -MF"drivers/Src/buzz_rcc.d" -MT"drivers/Src/buzz_rcc.o" --specs=nano.specs -mfpu=fpv4-sp-d16 -mfloat-abi=hard -mthumb -o "drivers/Src/buzz_rcc.o"
arm-none-eabi-gcc "../drivers/Src/buzz_usart.c" -mcpu=cortex-m4 -std=gnu11 -g3 -DDEBUG -DSTM32 -DSTM32F4 -DSTM32F446RETx -DNUCLEO_F446RE -c -I../Inc -I"/home/justjhst/바탕화면/self-balancing-robot/Buzz_Rover/bsp" -I"/home/justjhst/바탕화면/self-balancing-robot/Buzz_Rover/drivers/Inc" -I"/home/justjhst/바탕화면/self-balancing-robot/Buzz_Rover/app/Inc" -I"/home/justjhst/바탕화면/self-balancing-robot/Buzz_Rover/debug_app/Inc" -O0 -ffunction-sections -fdata-sections -Wall -fstack-usage -fcyclomatic-complexity -MMD -MP -MF"drivers/Src/buzz_usart.d" -MT"drivers/Src/buzz_usart.o" --specs=nano.specs -mfpu=fpv4-sp-d16 -mfloat-abi=hard -mthumb -o "drivers/Src/buzz_usart.o"
arm-none-eabi-gcc "../debug_app/Src/i2c_scanner.c" -mcpu=cortex-m4 -std=gnu11 -g3 -DDEBUG -DSTM32 -DSTM32F4 -DSTM32F446RETx -DNUCLEO_F446RE -c -I../Inc -I"/home/justjhst/바탕화면/self-balancing-robot/Buzz_Rover/bsp" -I"/home/justjhst/바탕화면/self-balancing-robot/Buzz_Rover/drivers/Inc" -I"/home/justjhst/바탕화면/self-balancing-robot/Buzz_Rover/app/Inc" -I"/home/justjhst/바탕화면/self-balancing-robot/Buzz_Rover/debug_app/Inc" -O0 -ffunction-sections -fdata-sections -Wall -fstack-usage -fcyclomatic-complexity -MMD -MP -MF"debug_app/Src/i2c_scanner.d" -MT"debug_app/Src/i2c_scanner.o" --specs=nano.specs -mfpu=fpv4-sp-d16 -mfloat-abi=hard -mthumb -o "debug_app/Src/i2c_scanner.o"
In file included from /home/justjhst/바탕화면/self-balancing-robot/Buzz_Rover/bsp/stm32f446xx.h:39,
                 from /home/justjhst/바탕화면/self-balancing-robot/Buzz_Rover/drivers/Inc/buzz_usart.h:4,
                 from ../drivers/Src/buzz_usart.c:1:
../drivers/Src/buzz_usart.c: In function 'USART_PeriClockControl':
/home/justjhst/바탕화면/self-balancing-robot/Buzz_Rover/bsp/stm32f446xx_usart.h:25:52: error: 'USART2_BASEADDR' undeclared (first use in this function); did you mean 'USART6_BASEADDR'?
   25 | #define USART2                  ((USART_RegMap_t*) USART2_BASEADDR)
      |                                                    ^~~~~~~~~~~~~~~
../drivers/Src/buzz_usart.c:143:38: note: in expansion of macro 'USART2'
  143 |                 }else if (pUSARTx == USART2)
      |                                      ^~~~~~
/home/justjhst/바탕화면/self-balancing-robot/Buzz_Rover/bsp/stm32f446xx_usart.h:25:52: note: each undeclared identifier is reported only once for each function it appears in
   25 | #define USART2                  ((USART_RegMap_t*) USART2_BASEADDR)
      |                                                    ^~~~~~~~~~~~~~~
../drivers/Src/buzz_usart.c:143:38: note: in expansion of macro 'USART2'
  143 |                 }else if (pUSARTx == USART2)
      |                                      ^~~~~~
make: *** [drivers/Src/subdir.mk:31: drivers/Src/buzz_usart.o] Error 1
make: *** Waiting for unfinished jobs....
"make -j4 all" terminated with exit code 2. Build might be incomplete.
19:24:38 **** Incremental Build of configuration Debug for project Buzz_Rover ****
make -j4 all 
arm-none-eabi-gcc "../drivers/Src/buzz_gpio.c" -mcpu=cortex-m4 -std=gnu11 -g3 -DDEBUG -DSTM32 -DSTM32F4 -DSTM32F446RETx -DNUCLEO_F446RE -c -I../Inc -I"/home/justjhst/바탕화면/self-balancing-robot/Buzz_Rover/bsp" -I"/home/justjhst/바탕화면/self-balancing-robot/Buzz_Rover/drivers/Inc" -I"/home/justjhst/바탕화면/self-balancing-robot/Buzz_Rover/app/Inc" -I"/home/justjhst/바탕화면/self-balancing-robot/Buzz_Rover/debug_app/Inc" -O0 -ffunction-sections -fdata-sections -Wall -fstack-usage -fcyclomatic-complexity -MMD -MP -MF"drivers/Src/buzz_gpio.d" -MT"drivers/Src/buzz_gpio.o" --specs=nano.specs -mfpu=fpv4-sp-d16 -mfloat-abi=hard -mthumb -o "drivers/Src/buzz_gpio.o"
arm-none-eabi-gcc "../drivers/Src/buzz_i2c.c" -mcpu=cortex-m4 -std=gnu11 -g3 -DDEBUG -DSTM32 -DSTM32F4 -DSTM32F446RETx -DNUCLEO_F446RE -c -I../Inc -I"/home/justjhst/바탕화면/self-balancing-robot/Buzz_Rover/bsp" -I"/home/justjhst/바탕화면/self-balancing-robot/Buzz_Rover/drivers/Inc" -I"/home/justjhst/바탕화면/self-balancing-robot/Buzz_Rover/app/Inc" -I"/home/justjhst/바탕화면/self-balancing-robot/Buzz_Rover/debug_app/Inc" -O0 -ffunction-sections -fdata-sections -Wall -fstack-usage -fcyclomatic-complexity -MMD -MP -MF"drivers/Src/buzz_i2c.d" -MT"drivers/Src/buzz_i2c.o" --specs=nano.specs -mfpu=fpv4-sp-d16 -mfloat-abi=hard -mthumb -o "drivers/Src/buzz_i2c.o"
arm-none-eabi-gcc "../drivers/Src/buzz_rcc.c" -mcpu=cortex-m4 -std=gnu11 -g3 -DDEBUG -DSTM32 -DSTM32F4 -DSTM32F446RETx -DNUCLEO_F446RE -c -I../Inc -I"/home/justjhst/바탕화면/self-balancing-robot/Buzz_Rover/bsp" -I"/home/justjhst/바탕화면/self-balancing-robot/Buzz_Rover/drivers/Inc" -I"/home/justjhst/바탕화면/self-balancing-robot/Buzz_Rover/app/Inc" -I"/home/justjhst/바탕화면/self-balancing-robot/Buzz_Rover/debug_app/Inc" -O0 -ffunction-sections -fdata-sections -Wall -fstack-usage -fcyclomatic-complexity -MMD -MP -MF"drivers/Src/buzz_rcc.d" -MT"drivers/Src/buzz_rcc.o" --specs=nano.specs -mfpu=fpv4-sp-d16 -mfloat-abi=hard -mthumb -o "drivers/Src/buzz_rcc.o"
arm-none-eabi-gcc "../drivers/Src/buzz_usart.c" -mcpu=cortex-m4 -std=gnu11 -g3 -DDEBUG -DSTM32 -DSTM32F4 -DSTM32F446RETx -DNUCLEO_F446RE -c -I../Inc -I"/home/justjhst/바탕화면/self-balancing-robot/Buzz_Rover/bsp" -I"/home/justjhst/바탕화면/self-balancing-robot/Buzz_Rover/drivers/Inc" -I"/home/justjhst/바탕화면/self-balancing-robot/Buzz_Rover/app/Inc" -I"/home/justjhst/바탕화면/self-balancing-robot/Buzz_Rover/debug_app/Inc" -O0 -ffunction-sections -fdata-sections -Wall -fstack-usage -fcyclomatic-complexity -MMD -MP -MF"drivers/Src/buzz_usart.d" -MT"drivers/Src/buzz_usart.o" --specs=nano.specs -mfpu=fpv4-sp-d16 -mfloat-abi=hard -mthumb -o "drivers/Src/buzz_usart.o"
arm-none-eabi-gcc "../debug_app/Src/i2c_scanner.c" -mcpu=cortex-m4 -std=gnu11 -g3 -DDEBUG -DSTM32 -DSTM32F4 -DSTM32F446RETx -DNUCLEO_F446RE -c -I../Inc -I"/home/justjhst/바탕화면/self-balancing-robot/Buzz_Rover/bsp" -I"/home/justjhst/바탕화면/self-balancing-robot/Buzz_Rover/drivers/Inc" -I"/home/justjhst/바탕화면/self-balancing-robot/Buzz_Rover/app/Inc" -I"/home/justjhst/바탕화면/self-balancing-robot/Buzz_Rover/debug_app/Inc" -O0 -ffunction-sections -fdata-sections -Wall -fstack-usage -fcyclomatic-complexity -MMD -MP -MF"debug_app/Src/i2c_scanner.d" -MT"debug_app/Src/i2c_scanner.o" --specs=nano.specs -mfpu=fpv4-sp-d16 -mfloat-abi=hard -mthumb -o "debug_app/Src/i2c_scanner.o"
arm-none-eabi-gcc "../Src/main.c" -mcpu=cortex-m4 -std=gnu11 -g3 -DDEBUG -DSTM32 -DSTM32F4 -DSTM32F446RETx -DNUCLEO_F446RE -c -I../Inc -I"/home/justjhst/바탕화면/self-balancing-robot/Buzz_Rover/bsp" -I"/home/justjhst/바탕화면/self-balancing-robot/Buzz_Rover/drivers/Inc" -I"/home/justjhst/바탕화면/self-balancing-robot/Buzz_Rover/app/Inc" -I"/home/justjhst/바탕화면/self-balancing-robot/Buzz_Rover/debug_app/Inc" -O0 -ffunction-sections -fdata-sections -Wall -fstack-usage -fcyclomatic-complexity -MMD -MP -MF"Src/main.d" -MT"Src/main.o" --specs=nano.specs -mfpu=fpv4-sp-d16 -mfloat-abi=hard -mthumb -o "Src/main.o"
arm-none-eabi-gcc "../Src/syscalls.c" -mcpu=cortex-m4 -std=gnu11 -g3 -DDEBUG -DSTM32 -DSTM32F4 -DSTM32F446RETx -DNUCLEO_F446RE -c -I../Inc -I"/home/justjhst/바탕화면/self-balancing-robot/Buzz_Rover/bsp" -I"/home/justjhst/바탕화면/self-balancing-robot/Buzz_Rover/drivers/Inc" -I"/home/justjhst/바탕화면/self-balancing-robot/Buzz_Rover/app/Inc" -I"/home/justjhst/바탕화면/self-balancing-robot/Buzz_Rover/debug_app/Inc" -O0 -ffunction-sections -fdata-sections -Wall -fstack-usage -fcyclomatic-complexity -MMD -MP -MF"Src/syscalls.d" -MT"Src/syscalls.o" --specs=nano.specs -mfpu=fpv4-sp-d16 -mfloat-abi=hard -mthumb -o "Src/syscalls.o"
arm-none-eabi-gcc "../Src/sysmem.c" -mcpu=cortex-m4 -std=gnu11 -g3 -DDEBUG -DSTM32 -DSTM32F4 -DSTM32F446RETx -DNUCLEO_F446RE -c -I../Inc -I"/home/justjhst/바탕화면/self-balancing-robot/Buzz_Rover/bsp" -I"/home/justjhst/바탕화면/self-balancing-robot/Buzz_Rover/drivers/Inc" -I"/home/justjhst/바탕화면/self-balancing-robot/Buzz_Rover/app/Inc" -I"/home/justjhst/바탕화면/self-balancing-robot/Buzz_Rover/debug_app/Inc" -O0 -ffunction-sections -fdata-sections -Wall -fstack-usage -fcyclomatic-complexity -MMD -MP -MF"Src/sysmem.d" -MT"Src/sysmem.o" --specs=nano.specs -mfpu=fpv4-sp-d16 -mfloat-abi=hard -mthumb -o "Src/sysmem.o"
arm-none-eabi-gcc -o "Buzz_Rover.elf" @"objects.list"   -mcpu=cortex-m4 -T"/home/justjhst/바탕화면/self-balancing-robot/Buzz_Rover/STM32F446RETX_FLASH.ld" --specs=nosys.specs -Wl,-Map="Buzz_Rover.map" -Wl,--gc-sections -static --specs=nano.specs -mfpu=fpv4-sp-d16 -mfloat-abi=hard -mthumb -Wl,--start-group -lc -lm -Wl,--end-group
/opt/st/stm32cubeide_2.0.0/plugins/com.st.stm32cube.ide.mcu.externaltools.gnu-tools-for-stm32.13.3.rel1.linux64_1.0.100.202509120712/tools/bin/../lib/gcc/arm-none-eabi/13.3.1/../../../../arm-none-eabi/bin/ld: ./drivers/Src/buzz_systick.o: in function `SysTick_Init':
/home/justjhst/바탕화면/self-balancing-robot/Buzz_Rover/Debug/../drivers/Src/buzz_systick.c:14:(.text.SysTick_Init+0x38): undefined reference to `SystemCoreClock'
collect2: error: ld returned 1 exit status
make: *** [makefile:65: Buzz_Rover.elf] Error 1
"make -j4 all" terminated with exit code 2. Build might be incomplete.
19:27:39 **** Incremental Build of configuration Debug for project Buzz_Rover ****
make -j4 all 
arm-none-eabi-gcc "../drivers/Src/buzz_gpio.c" -mcpu=cortex-m4 -std=gnu11 -g3 -DDEBUG -DSTM32 -DSTM32F4 -DSTM32F446RETx -DNUCLEO_F446RE -c -I../Inc -I"/home/justjhst/바탕화면/self-balancing-robot/Buzz_Rover/bsp" -I"/home/justjhst/바탕화면/self-balancing-robot/Buzz_Rover/drivers/Inc" -I"/home/justjhst/바탕화면/self-balancing-robot/Buzz_Rover/app/Inc" -I"/home/justjhst/바탕화면/self-balancing-robot/Buzz_Rover/debug_app/Inc" -O0 -ffunction-sections -fdata-sections -Wall -fstack-usage -fcyclomatic-complexity -MMD -MP -MF"drivers/Src/buzz_gpio.d" -MT"drivers/Src/buzz_gpio.o" --specs=nano.specs -mfpu=fpv4-sp-d16 -mfloat-abi=hard -mthumb -o "drivers/Src/buzz_gpio.o"
arm-none-eabi-gcc "../drivers/Src/buzz_i2c.c" -mcpu=cortex-m4 -std=gnu11 -g3 -DDEBUG -DSTM32 -DSTM32F4 -DSTM32F446RETx -DNUCLEO_F446RE -c -I../Inc -I"/home/justjhst/바탕화면/self-balancing-robot/Buzz_Rover/bsp" -I"/home/justjhst/바탕화면/self-balancing-robot/Buzz_Rover/drivers/Inc" -I"/home/justjhst/바탕화면/self-balancing-robot/Buzz_Rover/app/Inc" -I"/home/justjhst/바탕화면/self-balancing-robot/Buzz_Rover/debug_app/Inc" -O0 -ffunction-sections -fdata-sections -Wall -fstack-usage -fcyclomatic-complexity -MMD -MP -MF"drivers/Src/buzz_i2c.d" -MT"drivers/Src/buzz_i2c.o" --specs=nano.specs -mfpu=fpv4-sp-d16 -mfloat-abi=hard -mthumb -o "drivers/Src/buzz_i2c.o"
arm-none-eabi-gcc "../drivers/Src/buzz_rcc.c" -mcpu=cortex-m4 -std=gnu11 -g3 -DDEBUG -DSTM32 -DSTM32F4 -DSTM32F446RETx -DNUCLEO_F446RE -c -I../Inc -I"/home/justjhst/바탕화면/self-balancing-robot/Buzz_Rover/bsp" -I"/home/justjhst/바탕화면/self-balancing-robot/Buzz_Rover/drivers/Inc" -I"/home/justjhst/바탕화면/self-balancing-robot/Buzz_Rover/app/Inc" -I"/home/justjhst/바탕화면/self-balancing-robot/Buzz_Rover/debug_app/Inc" -O0 -ffunction-sections -fdata-sections -Wall -fstack-usage -fcyclomatic-complexity -MMD -MP -MF"drivers/Src/buzz_rcc.d" -MT"drivers/Src/buzz_rcc.o" --specs=nano.specs -mfpu=fpv4-sp-d16 -mfloat-abi=hard -mthumb -o "drivers/Src/buzz_rcc.o"
arm-none-eabi-gcc "../drivers/Src/buzz_usart.c" -mcpu=cortex-m4 -std=gnu11 -g3 -DDEBUG -DSTM32 -DSTM32F4 -DSTM32F446RETx -DNUCLEO_F446RE -c -I../Inc -I"/home/justjhst/바탕화면/self-balancing-robot/Buzz_Rover/bsp" -I"/home/justjhst/바탕화면/self-balancing-robot/Buzz_Rover/drivers/Inc" -I"/home/justjhst/바탕화면/self-balancing-robot/Buzz_Rover/app/Inc" -I"/home/justjhst/바탕화면/self-balancing-robot/Buzz_Rover/debug_app/Inc" -O0 -ffunction-sections -fdata-sections -Wall -fstack-usage -fcyclomatic-complexity -MMD -MP -MF"drivers/Src/buzz_usart.d" -MT"drivers/Src/buzz_usart.o" --specs=nano.specs -mfpu=fpv4-sp-d16 -mfloat-abi=hard -mthumb -o "drivers/Src/buzz_usart.o"
arm-none-eabi-gcc "../debug_app/Src/i2c_scanner.c" -mcpu=cortex-m4 -std=gnu11 -g3 -DDEBUG -DSTM32 -DSTM32F4 -DSTM32F446RETx -DNUCLEO_F446RE -c -I../Inc -I"/home/justjhst/바탕화면/self-balancing-robot/Buzz_Rover/bsp" -I"/home/justjhst/바탕화면/self-balancing-robot/Buzz_Rover/drivers/Inc" -I"/home/justjhst/바탕화면/self-balancing-robot/Buzz_Rover/app/Inc" -I"/home/justjhst/바탕화면/self-balancing-robot/Buzz_Rover/debug_app/Inc" -O0 -ffunction-sections -fdata-sections -Wall -fstack-usage -fcyclomatic-complexity -MMD -MP -MF"debug_app/Src/i2c_scanner.d" -MT"debug_app/Src/i2c_scanner.o" --specs=nano.specs -mfpu=fpv4-sp-d16 -mfloat-abi=hard -mthumb -o "debug_app/Src/i2c_scanner.o"
arm-none-eabi-gcc "../Src/main.c" -mcpu=cortex-m4 -std=gnu11 -g3 -DDEBUG -DSTM32 -DSTM32F4 -DSTM32F446RETx -DNUCLEO_F446RE -c -I../Inc -I"/home/justjhst/바탕화면/self-balancing-robot/Buzz_Rover/bsp" -I"/home/justjhst/바탕화면/self-balancing-robot/Buzz_Rover/drivers/Inc" -I"/home/justjhst/바탕화면/self-balancing-robot/Buzz_Rover/app/Inc" -I"/home/justjhst/바탕화면/self-balancing-robot/Buzz_Rover/debug_app/Inc" -O0 -ffunction-sections -fdata-sections -Wall -fstack-usage -fcyclomatic-complexity -MMD -MP -MF"Src/main.d" -MT"Src/main.o" --specs=nano.specs -mfpu=fpv4-sp-d16 -mfloat-abi=hard -mthumb -o "Src/main.o"
arm-none-eabi-gcc -o "Buzz_Rover.elf" @"objects.list"   -mcpu=cortex-m4 -T"/home/justjhst/바탕화면/self-balancing-robot/Buzz_Rover/STM32F446RETX_FLASH.ld" --specs=nosys.specs -Wl,-Map="Buzz_Rover.map" -Wl,--gc-sections -static --specs=nano.specs -mfpu=fpv4-sp-d16 -mfloat-abi=hard -mthumb -Wl,--start-group -lc -lm -Wl,--end-group
/opt/st/stm32cubeide_2.0.0/plugins/com.st.stm32cube.ide.mcu.externaltools.gnu-tools-for-stm32.13.3.rel1.linux64_1.0.100.202509120712/tools/bin/../lib/gcc/arm-none-eabi/13.3.1/../../../../arm-none-eabi/bin/ld: ./drivers/Src/buzz_systick.o: in function `SysTick_Init':
/home/justjhst/바탕화면/self-balancing-robot/Buzz_Rover/Debug/../drivers/Src/buzz_systick.c:14:(.text.SysTick_Init+0x38): undefined reference to `SystemCoreClock'
collect2: error: ld returned 1 exit status
make: *** [makefile:65: Buzz_Rover.elf] Error 1
"make -j4 all" terminated with exit code 2. Build might be incomplete.
19:36:09 **** Incremental Build of configuration Debug for project Buzz_Rover ****
make -j4 all 
arm-none-eabi-gcc "../Src/main.c" -mcpu=cortex-m4 -std=gnu11 -g3 -DDEBUG -DSTM32 -DSTM32F4 -DSTM32F446RETx -DNUCLEO_F446RE -c -I../Inc -I"/home/justjhst/바탕화면/self-balancing-robot/Buzz_Rover/bsp" -I"/home/justjhst/바탕화면/self-balancing-robot/Buzz_Rover/drivers/Inc" -I"/home/justjhst/바탕화면/self-balancing-robot/Buzz_Rover/app/Inc" -I"/home/justjhst/바탕화면/self-balancing-robot/Buzz_Rover/debug_app/Inc" -O0 -ffunction-sections -fdata-sections -Wall -fstack-usage -fcyclomatic-complexity -MMD -MP -MF"Src/main.d" -MT"Src/main.o" --specs=nano.specs -mfpu=fpv4-sp-d16 -mfloat-abi=hard -mthumb -o "Src/main.o"
arm-none-eabi-gcc "../Src/syscalls.c" -mcpu=cortex-m4 -std=gnu11 -g3 -DDEBUG -DSTM32 -DSTM32F4 -DSTM32F446RETx -DNUCLEO_F446RE -c -I../Inc -I"/home/justjhst/바탕화면/self-balancing-robot/Buzz_Rover/bsp" -I"/home/justjhst/바탕화면/self-balancing-robot/Buzz_Rover/drivers/Inc" -I"/home/justjhst/바탕화면/self-balancing-robot/Buzz_Rover/app/Inc" -I"/home/justjhst/바탕화면/self-balancing-robot/Buzz_Rover/debug_app/Inc" -O0 -ffunction-sections -fdata-sections -Wall -fstack-usage -fcyclomatic-complexity -MMD -MP -MF"Src/syscalls.d" -MT"Src/syscalls.o" --specs=nano.specs -mfpu=fpv4-sp-d16 -mfloat-abi=hard -mthumb -o "Src/syscalls.o"
arm-none-eabi-gcc "../Src/sysmem.c" -mcpu=cortex-m4 -std=gnu11 -g3 -DDEBUG -DSTM32 -DSTM32F4 -DSTM32F446RETx -DNUCLEO_F446RE -c -I../Inc -I"/home/justjhst/바탕화면/self-balancing-robot/Buzz_Rover/bsp" -I"/home/justjhst/바탕화면/self-balancing-robot/Buzz_Rover/drivers/Inc" -I"/home/justjhst/바탕화면/self-balancing-robot/Buzz_Rover/app/Inc" -I"/home/justjhst/바탕화면/self-balancing-robot/Buzz_Rover/debug_app/Inc" -O0 -ffunction-sections -fdata-sections -Wall -fstack-usage -fcyclomatic-complexity -MMD -MP -MF"Src/sysmem.d" -MT"Src/sysmem.o" --specs=nano.specs -mfpu=fpv4-sp-d16 -mfloat-abi=hard -mthumb -o "Src/sysmem.o"
arm-none-eabi-gcc "../Src/system_stm32f4xx.c" -mcpu=cortex-m4 -std=gnu11 -g3 -DDEBUG -DSTM32 -DSTM32F4 -DSTM32F446RETx -DNUCLEO_F446RE -c -I../Inc -I"/home/justjhst/바탕화면/self-balancing-robot/Buzz_Rover/bsp" -I"/home/justjhst/바탕화면/self-balancing-robot/Buzz_Rover/drivers/Inc" -I"/home/justjhst/바탕화면/self-balancing-robot/Buzz_Rover/app/Inc" -I"/home/justjhst/바탕화면/self-balancing-robot/Buzz_Rover/debug_app/Inc" -O0 -ffunction-sections -fdata-sections -Wall -fstack-usage -fcyclomatic-complexity -MMD -MP -MF"Src/system_stm32f4xx.d" -MT"Src/system_stm32f4xx.o" --specs=nano.specs -mfpu=fpv4-sp-d16 -mfloat-abi=hard -mthumb -o "Src/system_stm32f4xx.o"
arm-none-eabi-gcc -o "Buzz_Rover.elf" @"objects.list"   -mcpu=cortex-m4 -T"/home/justjhst/바탕화면/self-balancing-robot/Buzz_Rover/STM32F446RETX_FLASH.ld" --specs=nosys.specs -Wl,-Map="Buzz_Rover.map" -Wl,--gc-sections -static --specs=nano.specs -mfpu=fpv4-sp-d16 -mfloat-abi=hard -mthumb -Wl,--start-group -lc -lm -Wl,--end-group
Finished building target: Buzz_Rover.elf
 
arm-none-eabi-size  Buzz_Rover.elf 
arm-none-eabi-objdump -h -S Buzz_Rover.elf  > "Buzz_Rover.list"
   text	   data	    bss	    dec	    hex	filename
   8244	    100	   1948	  10292	   2834	Buzz_Rover.elf
Finished building: default.size.stdout
 
Finished building: Buzz_Rover.list
 
19:36:37 **** Incremental Build of configuration Debug for project Buzz_Rover ****
make -j4 all 
arm-none-eabi-size  Buzz_Rover.elf 
   text	   data	    bss	    dec	    hex	filename
   8244	    100	   1948	  10292	   2834	Buzz_Rover.elf
Finished building: default.size.stdout
 
19:36:49 **** Incremental Build of configuration Debug for project Buzz_Rover ****
make -j4 all 
arm-none-eabi-size  Buzz_Rover.elf 
   text	   data	    bss	    dec	    hex	filename
   8244	    100	   1948	  10292	   2834	Buzz_Rover.elf
Finished building: default.size.stdout
 
19:39:25 **** Incremental Build of configuration Debug for project Buzz_Rover ****
make -j4 all 
arm-none-eabi-gcc "../Src/main.c" -mcpu=cortex-m4 -std=gnu11 -g3 -DDEBUG -DSTM32 -DSTM32F4 -DSTM32F446RETx -DNUCLEO_F446RE -c -I../Inc -I"/home/justjhst/바탕화면/self-balancing-robot/Buzz_Rover/bsp" -I"/home/justjhst/바탕화면/self-balancing-robot/Buzz_Rover/drivers/Inc" -I"/home/justjhst/바탕화면/self-balancing-robot/Buzz_Rover/app/Inc" -I"/home/justjhst/바탕화면/self-balancing-robot/Buzz_Rover/debug_app/Inc" -O0 -ffunction-sections -fdata-sections -Wall -fstack-usage -fcyclomatic-complexity -MMD -MP -MF"Src/main.d" -MT"Src/main.o" --specs=nano.specs -mfpu=fpv4-sp-d16 -mfloat-abi=hard -mthumb -o "Src/main.o"
arm-none-eabi-gcc -o "Buzz_Rover.elf" @"objects.list"   -mcpu=cortex-m4 -T"/home/justjhst/바탕화면/self-balancing-robot/Buzz_Rover/STM32F446RETX_FLASH.ld" --specs=nosys.specs -Wl,-Map="Buzz_Rover.map" -Wl,--gc-sections -static --specs=nano.specs -mfpu=fpv4-sp-d16 -mfloat-abi=hard -mthumb -Wl,--start-group -lc -lm -Wl,--end-group
Finished building target: Buzz_Rover.elf
 
arm-none-eabi-size  Buzz_Rover.elf 
arm-none-eabi-objdump -h -S Buzz_Rover.elf  > "Buzz_Rover.list"
   text	   data	    bss	    dec	    hex	filename
   9004	    100	   1948	  11052	   2b2c	Buzz_Rover.elf
Finished building: default.size.stdout
 
Finished building: Buzz_Rover.list
 
19:40:08 **** Incremental Build of configuration Debug for project Buzz_Rover ****
make -j4 all 
arm-none-eabi-gcc "../Src/syscalls.c" -mcpu=cortex-m4 -std=gnu11 -g3 -DDEBUG -DSTM32 -DSTM32F4 -DSTM32F446RETx -DNUCLEO_F446RE -c -I../Inc -I"/home/justjhst/바탕화면/self-balancing-robot/Buzz_Rover/bsp" -I"/home/justjhst/바탕화면/self-balancing-robot/Buzz_Rover/drivers/Inc" -I"/home/justjhst/바탕화면/self-balancing-robot/Buzz_Rover/app/Inc" -I"/home/justjhst/바탕화면/self-balancing-robot/Buzz_Rover/debug_app/Inc" -O0 -ffunction-sections -fdata-sections -Wall -fstack-usage -fcyclomatic-complexity -MMD -MP -MF"Src/syscalls.d" -MT"Src/syscalls.o" --specs=nano.specs -mfpu=fpv4-sp-d16 -mfloat-abi=hard -mthumb -o "Src/syscalls.o"
arm-none-eabi-gcc -o "Buzz_Rover.elf" @"objects.list"   -mcpu=cortex-m4 -T"/home/justjhst/바탕화면/self-balancing-robot/Buzz_Rover/STM32F446RETX_FLASH.ld" --specs=nosys.specs -Wl,-Map="Buzz_Rover.map" -Wl,--gc-sections -static --specs=nano.specs -mfpu=fpv4-sp-d16 -mfloat-abi=hard -mthumb -Wl,--start-group -lc -lm -Wl,--end-group
Finished building target: Buzz_Rover.elf
 
arm-none-eabi-size  Buzz_Rover.elf 
arm-none-eabi-objdump -h -S Buzz_Rover.elf  > "Buzz_Rover.list"
   text	   data	    bss	    dec	    hex	filename
   9084	    100	   1948	  11132	   2b7c	Buzz_Rover.elf
Finished building: default.size.stdout
 
Finished building: Buzz_Rover.list
 
19:40:10 **** Incremental Build of configuration Debug for project Buzz_Rover ****
make -j4 all 
arm-none-eabi-size  Buzz_Rover.elf 
   text	   data	    bss	    dec	    hex	filename
   9084	    100	   1948	  11132	   2b7c	Buzz_Rover.elf
Finished building: default.size.stdout
 
20:21:23 **** Incremental Build of configuration Debug for project Buzz_Rover ****
make -j4 all 
arm-none-eabi-size  Buzz_Rover.elf 
   text	   data	    bss	    dec	    hex	filename
   9084	    100	   1948	  11132	   2b7c	Buzz_Rover.elf
Finished building: default.size.stdout
 
22:42:04 **** Incremental Build of configuration Debug for project Buzz_Rover ****
make -j4 all 
arm-none-eabi-gcc "../drivers/Src/buzz_i2c.c" -mcpu=cortex-m4 -std=gnu11 -g3 -DDEBUG -DSTM32 -DSTM32F4 -DSTM32F446RETx -DNUCLEO_F446RE -c -I../Inc -I"/home/justjhst/바탕화면/self-balancing-robot/Buzz_Rover/bsp" -I"/home/justjhst/바탕화면/self-balancing-robot/Buzz_Rover/drivers/Inc" -I"/home/justjhst/바탕화면/self-balancing-robot/Buzz_Rover/app/Inc" -I"/home/justjhst/바탕화면/self-balancing-robot/Buzz_Rover/debug_app/Inc" -O0 -ffunction-sections -fdata-sections -Wall -fstack-usage -fcyclomatic-complexity -MMD -MP -MF"drivers/Src/buzz_i2c.d" -MT"drivers/Src/buzz_i2c.o" --specs=nano.specs -mfpu=fpv4-sp-d16 -mfloat-abi=hard -mthumb -o "drivers/Src/buzz_i2c.o"
arm-none-eabi-gcc "../debug_app/Src/i2c_scanner.c" -mcpu=cortex-m4 -std=gnu11 -g3 -DDEBUG -DSTM32 -DSTM32F4 -DSTM32F446RETx -DNUCLEO_F446RE -c -I../Inc -I"/home/justjhst/바탕화면/self-balancing-robot/Buzz_Rover/bsp" -I"/home/justjhst/바탕화면/self-balancing-robot/Buzz_Rover/drivers/Inc" -I"/home/justjhst/바탕화면/self-balancing-robot/Buzz_Rover/app/Inc" -I"/home/justjhst/바탕화면/self-balancing-robot/Buzz_Rover/debug_app/Inc" -O0 -ffunction-sections -fdata-sections -Wall -fstack-usage -fcyclomatic-complexity -MMD -MP -MF"debug_app/Src/i2c_scanner.d" -MT"debug_app/Src/i2c_scanner.o" --specs=nano.specs -mfpu=fpv4-sp-d16 -mfloat-abi=hard -mthumb -o "debug_app/Src/i2c_scanner.o"
arm-none-eabi-gcc "../Src/main.c" -mcpu=cortex-m4 -std=gnu11 -g3 -DDEBUG -DSTM32 -DSTM32F4 -DSTM32F446RETx -DNUCLEO_F446RE -c -I../Inc -I"/home/justjhst/바탕화면/self-balancing-robot/Buzz_Rover/bsp" -I"/home/justjhst/바탕화면/self-balancing-robot/Buzz_Rover/drivers/Inc" -I"/home/justjhst/바탕화면/self-balancing-robot/Buzz_Rover/app/Inc" -I"/home/justjhst/바탕화면/self-balancing-robot/Buzz_Rover/debug_app/Inc" -O0 -ffunction-sections -fdata-sections -Wall -fstack-usage -fcyclomatic-complexity -MMD -MP -MF"Src/main.d" -MT"Src/main.o" --specs=nano.specs -mfpu=fpv4-sp-d16 -mfloat-abi=hard -mthumb -o "Src/main.o"
In file included from ../drivers/Src/buzz_i2c.c:1:
/home/justjhst/바탕화면/self-balancing-robot/Buzz_Rover/drivers/Inc/buzz_i2c.h:100:23: error: unknown type name 'I2C_RegDef_t'; did you mean 'I2C_RegMap_t'?
  100 | void I2C_ManageAcking(I2C_RegDef_t *pI2Cx, uint8_t EnorDi);
      |                       ^~~~~~~~~~~~
      |                       I2C_RegMap_t
../drivers/Src/buzz_i2c.c:199:42: error: unknown type name 'I2C_RegDef_t'; did you mean 'I2C_RegMap_t'?
  199 | static void I2C_ExecuteAddressPhaseWrite(I2C_RegDef_t *pI2Cx, uint8_t SlaveAddr)
      |                                          ^~~~~~~~~~~~
      |                                          I2C_RegMap_t
../drivers/Src/buzz_i2c.c:206:41: error: unknown type name 'I2C_RegDef_t'; did you mean 'I2C_RegMap_t'?
  206 | static void I2C_ExecuteAddressPhaseRead(I2C_RegDef_t *pI2Cx, uint8_t SlaveAddr)
      |                                         ^~~~~~~~~~~~
      |                                         I2C_RegMap_t
../drivers/Src/buzz_i2c.c: In function 'I2C_ClearADDRFlag':
../drivers/Src/buzz_i2c.c:222:33: warning: implicit declaration of function 'I2C_ManageAcking' [-Wimplicit-function-declaration]
  222 |                                 I2C_ManageAcking(pI2CHandle->pI2Cx, I2C_ACK_DISABLE);
      |                                 ^~~~~~~~~~~~~~~~
../drivers/Src/buzz_i2c.c: At top level:
In file included from /home/justjhst/바탕화면/self-balancing-robot/Buzz_Rover/debug_app/Inc/i2c_scanner.h:4,
                 from ../debug_app/Src/i2c_scanner.c:4:
/home/justjhst/바탕화면/self-balancing-robot/Buzz_Rover/drivers/Inc/buzz_i2c.h:100:23: error: unknown type name 'I2C_RegDef_t'; did you mean 'I2C_RegMap_t'?
  100 | void I2C_ManageAcking(I2C_RegDef_t *pI2Cx, uint8_t EnorDi);
      |                       ^~~~~~~~~~~~
      |                       I2C_RegMap_t
../drivers/Src/buzz_i2c.c:242:23: error: unknown type name 'I2C_RegDef_t'; did you mean 'I2C_RegMap_t'?
  242 | void I2C_ManageAcking(I2C_RegDef_t *pI2Cx, uint8_t EnorDi)
      |                       ^~~~~~~~~~~~
      |                       I2C_RegMap_t
In file included from /home/justjhst/바탕화면/self-balancing-robot/Buzz_Rover/debug_app/Inc/i2c_scanner.h:4,
                 from ../Src/main.c:24:
/home/justjhst/바탕화면/self-balancing-robot/Buzz_Rover/drivers/Inc/buzz_i2c.h:100:23: error: unknown type name 'I2C_RegDef_t'; did you mean 'I2C_RegMap_t'?
  100 | void I2C_ManageAcking(I2C_RegDef_t *pI2Cx, uint8_t EnorDi);
      |                       ^~~~~~~~~~~~
      |                       I2C_RegMap_t
../drivers/Src/buzz_i2c.c: In function 'I2C_EV_IRQHandling':
../drivers/Src/buzz_i2c.c:350:25: warning: implicit declaration of function 'I2C_ExecuteAddressPhaseWrite' [-Wimplicit-function-declaration]
  350 |                         I2C_ExecuteAddressPhaseWrite(pI2CHandle->pI2Cx, pI2CHandle->DevAddr);
      |                         ^~~~~~~~~~~~~~~~~~~~~~~~~~~~
../drivers/Src/buzz_i2c.c:352:25: warning: implicit declaration of function 'I2C_ExecuteAddressPhaseRead' [-Wimplicit-function-declaration]
  352 |                         I2C_ExecuteAddressPhaseRead(pI2CHandle->pI2Cx, pI2CHandle->DevAddr);
      |                         ^~~~~~~~~~~~~~~~~~~~~~~~~~~
../drivers/Src/buzz_i2c.c:366:59: error: 'I2C_SR1_TxE' undeclared (first use in this function); did you mean 'I2C_SR1_TXE'?
  366 |                         if(pI2CHandle->pI2Cx->SR1 & (1 << I2C_SR1_TxE))
      |                                                           ^~~~~~~~~~~
      |                                                           I2C_SR1_TXE
../drivers/Src/buzz_i2c.c:366:59: note: each undeclared identifier is reported only once for each function it appears in
../drivers/Src/buzz_i2c.c:405:48: error: 'I2C_SR1_RxNE' undeclared (first use in this function); did you mean 'I2C_SR1_RXNE'?
  405 |         temp3 = pI2CHandle->pI2Cx->SR1 & (1 << I2C_SR1_RxNE);
      |                                                ^~~~~~~~~~~~
      |                                                I2C_SR1_RXNE
make: *** [debug_app/Src/subdir.mk:19: debug_app/Src/i2c_scanner.o] Error 1
make: *** Waiting for unfinished jobs....
make: *** [drivers/Src/subdir.mk:31: drivers/Src/buzz_i2c.o] Error 1
make: *** [Src/subdir.mk:28: Src/main.o] Error 1
"make -j4 all" terminated with exit code 2. Build might be incomplete.
22:43:13 **** Incremental Build of configuration Debug for project Buzz_Rover ****
make -j4 all 
arm-none-eabi-gcc "../drivers/Src/buzz_i2c.c" -mcpu=cortex-m4 -std=gnu11 -g3 -DDEBUG -DSTM32 -DSTM32F4 -DSTM32F446RETx -DNUCLEO_F446RE -c -I../Inc -I"/home/justjhst/바탕화면/self-balancing-robot/Buzz_Rover/bsp" -I"/home/justjhst/바탕화면/self-balancing-robot/Buzz_Rover/drivers/Inc" -I"/home/justjhst/바탕화면/self-balancing-robot/Buzz_Rover/app/Inc" -I"/home/justjhst/바탕화면/self-balancing-robot/Buzz_Rover/debug_app/Inc" -O0 -ffunction-sections -fdata-sections -Wall -fstack-usage -fcyclomatic-complexity -MMD -MP -MF"drivers/Src/buzz_i2c.d" -MT"drivers/Src/buzz_i2c.o" --specs=nano.specs -mfpu=fpv4-sp-d16 -mfloat-abi=hard -mthumb -o "drivers/Src/buzz_i2c.o"
arm-none-eabi-gcc "../debug_app/Src/i2c_scanner.c" -mcpu=cortex-m4 -std=gnu11 -g3 -DDEBUG -DSTM32 -DSTM32F4 -DSTM32F446RETx -DNUCLEO_F446RE -c -I../Inc -I"/home/justjhst/바탕화면/self-balancing-robot/Buzz_Rover/bsp" -I"/home/justjhst/바탕화면/self-balancing-robot/Buzz_Rover/drivers/Inc" -I"/home/justjhst/바탕화면/self-balancing-robot/Buzz_Rover/app/Inc" -I"/home/justjhst/바탕화면/self-balancing-robot/Buzz_Rover/debug_app/Inc" -O0 -ffunction-sections -fdata-sections -Wall -fstack-usage -fcyclomatic-complexity -MMD -MP -MF"debug_app/Src/i2c_scanner.d" -MT"debug_app/Src/i2c_scanner.o" --specs=nano.specs -mfpu=fpv4-sp-d16 -mfloat-abi=hard -mthumb -o "debug_app/Src/i2c_scanner.o"
arm-none-eabi-gcc "../Src/main.c" -mcpu=cortex-m4 -std=gnu11 -g3 -DDEBUG -DSTM32 -DSTM32F4 -DSTM32F446RETx -DNUCLEO_F446RE -c -I../Inc -I"/home/justjhst/바탕화면/self-balancing-robot/Buzz_Rover/bsp" -I"/home/justjhst/바탕화면/self-balancing-robot/Buzz_Rover/drivers/Inc" -I"/home/justjhst/바탕화면/self-balancing-robot/Buzz_Rover/app/Inc" -I"/home/justjhst/바탕화면/self-balancing-robot/Buzz_Rover/debug_app/Inc" -O0 -ffunction-sections -fdata-sections -Wall -fstack-usage -fcyclomatic-complexity -MMD -MP -MF"Src/main.d" -MT"Src/main.o" --specs=nano.specs -mfpu=fpv4-sp-d16 -mfloat-abi=hard -mthumb -o "Src/main.o"
In file included from ../drivers/Src/buzz_i2c.c:1:
/home/justjhst/바탕화면/self-balancing-robot/Buzz_Rover/drivers/Inc/buzz_i2c.h:100:23: error: unknown type name 'I2C_RegDef_t'; did you mean 'I2C_RegMap_t'?
  100 | void I2C_ManageAcking(I2C_RegDef_t *pI2Cx, uint8_t EnorDi);
      |                       ^~~~~~~~~~~~
      |                       I2C_RegMap_t
../drivers/Src/buzz_i2c.c: In function 'I2C_ClearADDRFlag':
../drivers/Src/buzz_i2c.c:222:33: warning: implicit declaration of function 'I2C_ManageAcking' [-Wimplicit-function-declaration]
  222 |                                 I2C_ManageAcking(pI2CHandle->pI2Cx, I2C_ACK_DISABLE);
      |                                 ^~~~~~~~~~~~~~~~
../drivers/Src/buzz_i2c.c: At top level:
../drivers/Src/buzz_i2c.c:242:6: warning: conflicting types for 'I2C_ManageAcking'; have 'void(I2C_RegMap_t *, uint8_t)' {aka 'void(I2C_RegMap_t *, unsigned char)'}
  242 | void I2C_ManageAcking(I2C_RegMap_t *pI2Cx, uint8_t EnorDi)
      |      ^~~~~~~~~~~~~~~~
../drivers/Src/buzz_i2c.c:222:33: note: previous implicit declaration of 'I2C_ManageAcking' with type 'void(I2C_RegMap_t *, uint8_t)' {aka 'void(I2C_RegMap_t *, unsigned char)'}
  222 |                                 I2C_ManageAcking(pI2CHandle->pI2Cx, I2C_ACK_DISABLE);
      |                                 ^~~~~~~~~~~~~~~~
../drivers/Src/buzz_i2c.c: In function 'I2C_EV_IRQHandling':
../drivers/Src/buzz_i2c.c:390:48: error: 'I2C_SR1_TxE' undeclared (first use in this function); did you mean 'I2C_SR1_TXE'?
  390 |         temp3 = pI2CHandle->pI2Cx->SR1 & (1 << I2C_SR1_TxE);
      |                                                ^~~~~~~~~~~
      |                                                I2C_SR1_TXE
../drivers/Src/buzz_i2c.c:390:48: note: each undeclared identifier is reported only once for each function it appears in
make: *** [drivers/Src/subdir.mk:31: drivers/Src/buzz_i2c.o] Error 1
make: *** Waiting for unfinished jobs....
In file included from /home/justjhst/바탕화면/self-balancing-robot/Buzz_Rover/debug_app/Inc/i2c_scanner.h:4,
                 from ../debug_app/Src/i2c_scanner.c:4:
/home/justjhst/바탕화면/self-balancing-robot/Buzz_Rover/drivers/Inc/buzz_i2c.h:100:23: error: unknown type name 'I2C_RegDef_t'; did you mean 'I2C_RegMap_t'?
  100 | void I2C_ManageAcking(I2C_RegDef_t *pI2Cx, uint8_t EnorDi);
      |                       ^~~~~~~~~~~~
      |                       I2C_RegMap_t
make: *** [debug_app/Src/subdir.mk:19: debug_app/Src/i2c_scanner.o] Error 1
In file included from /home/justjhst/바탕화면/self-balancing-robot/Buzz_Rover/debug_app/Inc/i2c_scanner.h:4,
                 from ../Src/main.c:24:
/home/justjhst/바탕화면/self-balancing-robot/Buzz_Rover/drivers/Inc/buzz_i2c.h:100:23: error: unknown type name 'I2C_RegDef_t'; did you mean 'I2C_RegMap_t'?
  100 | void I2C_ManageAcking(I2C_RegDef_t *pI2Cx, uint8_t EnorDi);
      |                       ^~~~~~~~~~~~
      |                       I2C_RegMap_t
make: *** [Src/subdir.mk:28: Src/main.o] Error 1
"make -j4 all" terminated with exit code 2. Build might be incomplete.
22:43:21 **** Incremental Build of configuration Debug for project Buzz_Rover ****
make -j4 all 
arm-none-eabi-gcc "../drivers/Src/buzz_i2c.c" -mcpu=cortex-m4 -std=gnu11 -g3 -DDEBUG -DSTM32 -DSTM32F4 -DSTM32F446RETx -DNUCLEO_F446RE -c -I../Inc -I"/home/justjhst/바탕화면/self-balancing-robot/Buzz_Rover/bsp" -I"/home/justjhst/바탕화면/self-balancing-robot/Buzz_Rover/drivers/Inc" -I"/home/justjhst/바탕화면/self-balancing-robot/Buzz_Rover/app/Inc" -I"/home/justjhst/바탕화면/self-balancing-robot/Buzz_Rover/debug_app/Inc" -O0 -ffunction-sections -fdata-sections -Wall -fstack-usage -fcyclomatic-complexity -MMD -MP -MF"drivers/Src/buzz_i2c.d" -MT"drivers/Src/buzz_i2c.o" --specs=nano.specs -mfpu=fpv4-sp-d16 -mfloat-abi=hard -mthumb -o "drivers/Src/buzz_i2c.o"
arm-none-eabi-gcc "../debug_app/Src/i2c_scanner.c" -mcpu=cortex-m4 -std=gnu11 -g3 -DDEBUG -DSTM32 -DSTM32F4 -DSTM32F446RETx -DNUCLEO_F446RE -c -I../Inc -I"/home/justjhst/바탕화면/self-balancing-robot/Buzz_Rover/bsp" -I"/home/justjhst/바탕화면/self-balancing-robot/Buzz_Rover/drivers/Inc" -I"/home/justjhst/바탕화면/self-balancing-robot/Buzz_Rover/app/Inc" -I"/home/justjhst/바탕화면/self-balancing-robot/Buzz_Rover/debug_app/Inc" -O0 -ffunction-sections -fdata-sections -Wall -fstack-usage -fcyclomatic-complexity -MMD -MP -MF"debug_app/Src/i2c_scanner.d" -MT"debug_app/Src/i2c_scanner.o" --specs=nano.specs -mfpu=fpv4-sp-d16 -mfloat-abi=hard -mthumb -o "debug_app/Src/i2c_scanner.o"
arm-none-eabi-gcc "../Src/main.c" -mcpu=cortex-m4 -std=gnu11 -g3 -DDEBUG -DSTM32 -DSTM32F4 -DSTM32F446RETx -DNUCLEO_F446RE -c -I../Inc -I"/home/justjhst/바탕화면/self-balancing-robot/Buzz_Rover/bsp" -I"/home/justjhst/바탕화면/self-balancing-robot/Buzz_Rover/drivers/Inc" -I"/home/justjhst/바탕화면/self-balancing-robot/Buzz_Rover/app/Inc" -I"/home/justjhst/바탕화면/self-balancing-robot/Buzz_Rover/debug_app/Inc" -O0 -ffunction-sections -fdata-sections -Wall -fstack-usage -fcyclomatic-complexity -MMD -MP -MF"Src/main.d" -MT"Src/main.o" --specs=nano.specs -mfpu=fpv4-sp-d16 -mfloat-abi=hard -mthumb -o "Src/main.o"
In file included from /home/justjhst/바탕화면/self-balancing-robot/Buzz_Rover/debug_app/Inc/i2c_scanner.h:4,
                 from ../debug_app/Src/i2c_scanner.c:4:
/home/justjhst/바탕화면/self-balancing-robot/Buzz_Rover/drivers/Inc/buzz_i2c.h:100:23: error: unknown type name 'I2C_RegDef_t'; did you mean 'I2C_RegMap_t'?
  100 | void I2C_ManageAcking(I2C_RegDef_t *pI2Cx, uint8_t EnorDi);
      |                       ^~~~~~~~~~~~
      |                       I2C_RegMap_t
In file included from /home/justjhst/바탕화면/self-balancing-robot/Buzz_Rover/debug_app/Inc/i2c_scanner.h:4,
                 from ../Src/main.c:24:
/home/justjhst/바탕화면/self-balancing-robot/Buzz_Rover/drivers/Inc/buzz_i2c.h:100:23: error: unknown type name 'I2C_RegDef_t'; did you mean 'I2C_RegMap_t'?
  100 | void I2C_ManageAcking(I2C_RegDef_t *pI2Cx, uint8_t EnorDi);
      |                       ^~~~~~~~~~~~
      |                       I2C_RegMap_t
In file included from ../drivers/Src/buzz_i2c.c:1:
/home/justjhst/바탕화면/self-balancing-robot/Buzz_Rover/drivers/Inc/buzz_i2c.h:100:23: error: unknown type name 'I2C_RegDef_t'; did you mean 'I2C_RegMap_t'?
  100 | void I2C_ManageAcking(I2C_RegDef_t *pI2Cx, uint8_t EnorDi);
      |                       ^~~~~~~~~~~~
      |                       I2C_RegMap_t
make: *** [debug_app/Src/subdir.mk:19: debug_app/Src/i2c_scanner.o] Error 1
make: *** Waiting for unfinished jobs....
make: *** [Src/subdir.mk:28: Src/main.o] Error 1
../drivers/Src/buzz_i2c.c: In function 'I2C_ClearADDRFlag':
../drivers/Src/buzz_i2c.c:222:33: warning: implicit declaration of function 'I2C_ManageAcking' [-Wimplicit-function-declaration]
  222 |                                 I2C_ManageAcking(pI2CHandle->pI2Cx, I2C_ACK_DISABLE);
      |                                 ^~~~~~~~~~~~~~~~
../drivers/Src/buzz_i2c.c: At top level:
../drivers/Src/buzz_i2c.c:242:6: warning: conflicting types for 'I2C_ManageAcking'; have 'void(I2C_RegMap_t *, uint8_t)' {aka 'void(I2C_RegMap_t *, unsigned char)'}
  242 | void I2C_ManageAcking(I2C_RegMap_t *pI2Cx, uint8_t EnorDi)
      |      ^~~~~~~~~~~~~~~~
../drivers/Src/buzz_i2c.c:222:33: note: previous implicit declaration of 'I2C_ManageAcking' with type 'void(I2C_RegMap_t *, uint8_t)' {aka 'void(I2C_RegMap_t *, unsigned char)'}
  222 |                                 I2C_ManageAcking(pI2CHandle->pI2Cx, I2C_ACK_DISABLE);
      |                                 ^~~~~~~~~~~~~~~~
make: *** [drivers/Src/subdir.mk:31: drivers/Src/buzz_i2c.o] Error 1
"make -j4 all" terminated with exit code 2. Build might be incomplete.
22:44:15 **** Incremental Build of configuration Debug for project Buzz_Rover ****
make -j4 all 
arm-none-eabi-gcc "../drivers/Src/buzz_i2c.c" -mcpu=cortex-m4 -std=gnu11 -g3 -DDEBUG -DSTM32 -DSTM32F4 -DSTM32F446RETx -DNUCLEO_F446RE -c -I../Inc -I"/home/justjhst/바탕화면/self-balancing-robot/Buzz_Rover/bsp" -I"/home/justjhst/바탕화면/self-balancing-robot/Buzz_Rover/drivers/Inc" -I"/home/justjhst/바탕화면/self-balancing-robot/Buzz_Rover/app/Inc" -I"/home/justjhst/바탕화면/self-balancing-robot/Buzz_Rover/debug_app/Inc" -O0 -ffunction-sections -fdata-sections -Wall -fstack-usage -fcyclomatic-complexity -MMD -MP -MF"drivers/Src/buzz_i2c.d" -MT"drivers/Src/buzz_i2c.o" --specs=nano.specs -mfpu=fpv4-sp-d16 -mfloat-abi=hard -mthumb -o "drivers/Src/buzz_i2c.o"
arm-none-eabi-gcc "../debug_app/Src/i2c_scanner.c" -mcpu=cortex-m4 -std=gnu11 -g3 -DDEBUG -DSTM32 -DSTM32F4 -DSTM32F446RETx -DNUCLEO_F446RE -c -I../Inc -I"/home/justjhst/바탕화면/self-balancing-robot/Buzz_Rover/bsp" -I"/home/justjhst/바탕화면/self-balancing-robot/Buzz_Rover/drivers/Inc" -I"/home/justjhst/바탕화면/self-balancing-robot/Buzz_Rover/app/Inc" -I"/home/justjhst/바탕화면/self-balancing-robot/Buzz_Rover/debug_app/Inc" -O0 -ffunction-sections -fdata-sections -Wall -fstack-usage -fcyclomatic-complexity -MMD -MP -MF"debug_app/Src/i2c_scanner.d" -MT"debug_app/Src/i2c_scanner.o" --specs=nano.specs -mfpu=fpv4-sp-d16 -mfloat-abi=hard -mthumb -o "debug_app/Src/i2c_scanner.o"
arm-none-eabi-gcc "../Src/main.c" -mcpu=cortex-m4 -std=gnu11 -g3 -DDEBUG -DSTM32 -DSTM32F4 -DSTM32F446RETx -DNUCLEO_F446RE -c -I../Inc -I"/home/justjhst/바탕화면/self-balancing-robot/Buzz_Rover/bsp" -I"/home/justjhst/바탕화면/self-balancing-robot/Buzz_Rover/drivers/Inc" -I"/home/justjhst/바탕화면/self-balancing-robot/Buzz_Rover/app/Inc" -I"/home/justjhst/바탕화면/self-balancing-robot/Buzz_Rover/debug_app/Inc" -O0 -ffunction-sections -fdata-sections -Wall -fstack-usage -fcyclomatic-complexity -MMD -MP -MF"Src/main.d" -MT"Src/main.o" --specs=nano.specs -mfpu=fpv4-sp-d16 -mfloat-abi=hard -mthumb -o "Src/main.o"
../drivers/Src/buzz_i2c.c: In function 'I2C_ManageAcking':
../drivers/Src/buzz_i2c.c:5:1: error: expected '=', ',', ';', 'asm' or '__attribute__' before '{' token
    5 | {
      | ^
../drivers/Src/buzz_i2c.c:21:1: error: expected '=', ',', ';', 'asm' or '__attribute__' before '{' token
   21 | {
      | ^
../drivers/Src/buzz_i2c.c:79:1: error: expected '=', ',', ';', 'asm' or '__attribute__' before '{' token
   79 | {
      | ^
../drivers/Src/buzz_i2c.c:91:1: error: expected '=', ',', ';', 'asm' or '__attribute__' before '{' token
   91 | {
      | ^
../drivers/Src/buzz_i2c.c:96:1: error: expected '=', ',', ';', 'asm' or '__attribute__' before '{' token
   96 | {
      | ^
../drivers/Src/buzz_i2c.c:101:1: error: expected '=', ',', ';', 'asm' or '__attribute__' before '{' token
  101 | {
      | ^
../drivers/Src/buzz_i2c.c:110:1: error: expected '=', ',', ';', 'asm' or '__attribute__' before '{' token
  110 | {
      | ^
../drivers/Src/buzz_i2c.c:146:1: error: expected '=', ',', ';', 'asm' or '__attribute__' before '{' token
  146 | {
      | ^
../drivers/Src/buzz_i2c.c:200:1: error: expected '=', ',', ';', 'asm' or '__attribute__' before '{' token
  200 | {
      | ^
../drivers/Src/buzz_i2c.c:207:1: error: expected '=', ',', ';', 'asm' or '__attribute__' before '{' token
  207 | {
      | ^
../drivers/Src/buzz_i2c.c:214:1: error: expected '=', ',', ';', 'asm' or '__attribute__' before '{' token
  214 | {
      | ^
../drivers/Src/buzz_i2c.c:243:1: error: expected '=', ',', ';', 'asm' or '__attribute__' before '{' token
  243 | {
      | ^
../drivers/Src/buzz_i2c.c:255:1: error: expected '=', ',', ';', 'asm' or '__attribute__' before '{' token
  255 | {
      | ^
../drivers/Src/buzz_i2c.c:277:1: error: expected '=', ',', ';', 'asm' or '__attribute__' before '{' token
  277 | {
      | ^
../drivers/Src/buzz_i2c.c:300:1: error: expected '=', ',', ';', 'asm' or '__attribute__' before '{' token
  300 | {
      | ^
../drivers/Src/buzz_i2c.c:310:1: error: expected '=', ',', ';', 'asm' or '__attribute__' before '{' token
  310 | {
      | ^
../drivers/Src/buzz_i2c.c:340:1: error: expected '=', ',', ';', 'asm' or '__attribute__' before '{' token
  340 | {
      | ^
../drivers/Src/buzz_i2c.c:422:1: error: expected '=', ',', ';', 'asm' or '__attribute__' before '{' token
  422 | {
      | ^
../Src/main.c: In function 'I2C_ManageAcking':
../Src/main.c:32:1: error: parameter 'g_i2cErrorFlag' is initialized
   32 | volatile uint8_t g_i2cErrorFlag = 0;
      | ^~~~~~~~
../Src/main.c:33:1: error: parameter 'g_i2cErrorCode' is initialized
   33 | volatile uint8_t g_i2cErrorCode = 0xFF;
      | ^~~~~~~~
../Src/main.c:35:21: error: storage class specified for parameter 'I2C1Handle'
   35 | static I2C_Handle_t I2C1Handle = {0};
      |                     ^~~~~~~~~~
../Src/main.c:35:1: error: parameter 'I2C1Handle' is initialized
   35 | static I2C_Handle_t I2C1Handle = {0};
      | ^~~~~~
../Src/main.c:38:1: error: expected '=', ',', ';', 'asm' or '__attribute__' before '{' token
   38 | {
      | ^
../Src/main.c:55:1: error: expected '=', ',', ';', 'asm' or '__attribute__' before '{' token
   55 | {
      | ^
../Src/main.c:60:1: error: expected '=', ',', ';', 'asm' or '__attribute__' before '{' token
   60 | {
      | ^
../drivers/Src/buzz_i2c.c:463:1: error: expected declaration specifiers before '__attribute__'
  463 | __attribute__((weak))
      | ^~~~~~~~~~~~~
In file included from ../drivers/Src/buzz_i2c.c:1:
/home/justjhst/바탕화면/self-balancing-robot/Buzz_Rover/drivers/Inc/buzz_i2c.h:100:6: error: old-style parameter declarations in prototyped function definition
  100 | void I2C_ManageAcking(I2C_RegMap_t *pI2Cx, uint8_t EnorDi)
      |      ^~~~~~~~~~~~~~~~
../drivers/Src/buzz_i2c.c:468: error: expected '{' at end of input
In file included from /home/justjhst/바탕화면/self-balancing-robot/Buzz_Rover/debug_app/Inc/i2c_scanner.h:4,
                 from ../Src/main.c:24:
/home/justjhst/바탕화면/self-balancing-robot/Buzz_Rover/drivers/Inc/buzz_i2c.h:100:6: error: old-style parameter declarations in prototyped function definition
  100 | void I2C_ManageAcking(I2C_RegMap_t *pI2Cx, uint8_t EnorDi)
      |      ^~~~~~~~~~~~~~~~
../Src/main.c:132: error: expected '{' at end of input
make: *** [Src/subdir.mk:28: Src/main.o] Error 1
make: *** Waiting for unfinished jobs....
make: *** [drivers/Src/subdir.mk:31: drivers/Src/buzz_i2c.o] Error 1
../debug_app/Src/i2c_scanner.c: In function 'I2C_ManageAcking':
../debug_app/Src/i2c_scanner.c:7:1: error: expected '=', ',', ';', 'asm' or '__attribute__' before '{' token
    7 | {
      | ^
In file included from /home/justjhst/바탕화면/self-balancing-robot/Buzz_Rover/debug_app/Inc/i2c_scanner.h:4,
                 from ../debug_app/Src/i2c_scanner.c:4:
/home/justjhst/바탕화면/self-balancing-robot/Buzz_Rover/drivers/Inc/buzz_i2c.h:100:6: error: old-style parameter declarations in prototyped function definition
  100 | void I2C_ManageAcking(I2C_RegMap_t *pI2Cx, uint8_t EnorDi)
      |      ^~~~~~~~~~~~~~~~
../debug_app/Src/i2c_scanner.c:35: error: expected '{' at end of input
make: *** [debug_app/Src/subdir.mk:19: debug_app/Src/i2c_scanner.o] Error 1
"make -j4 all" terminated with exit code 2. Build might be incomplete.
22:44:21 **** Incremental Build of configuration Debug for project Buzz_Rover ****
make -j4 all 
arm-none-eabi-gcc "../drivers/Src/buzz_i2c.c" -mcpu=cortex-m4 -std=gnu11 -g3 -DDEBUG -DSTM32 -DSTM32F4 -DSTM32F446RETx -DNUCLEO_F446RE -c -I../Inc -I"/home/justjhst/바탕화면/self-balancing-robot/Buzz_Rover/bsp" -I"/home/justjhst/바탕화면/self-balancing-robot/Buzz_Rover/drivers/Inc" -I"/home/justjhst/바탕화면/self-balancing-robot/Buzz_Rover/app/Inc" -I"/home/justjhst/바탕화면/self-balancing-robot/Buzz_Rover/debug_app/Inc" -O0 -ffunction-sections -fdata-sections -Wall -fstack-usage -fcyclomatic-complexity -MMD -MP -MF"drivers/Src/buzz_i2c.d" -MT"drivers/Src/buzz_i2c.o" --specs=nano.specs -mfpu=fpv4-sp-d16 -mfloat-abi=hard -mthumb -o "drivers/Src/buzz_i2c.o"
arm-none-eabi-gcc "../debug_app/Src/i2c_scanner.c" -mcpu=cortex-m4 -std=gnu11 -g3 -DDEBUG -DSTM32 -DSTM32F4 -DSTM32F446RETx -DNUCLEO_F446RE -c -I../Inc -I"/home/justjhst/바탕화면/self-balancing-robot/Buzz_Rover/bsp" -I"/home/justjhst/바탕화면/self-balancing-robot/Buzz_Rover/drivers/Inc" -I"/home/justjhst/바탕화면/self-balancing-robot/Buzz_Rover/app/Inc" -I"/home/justjhst/바탕화면/self-balancing-robot/Buzz_Rover/debug_app/Inc" -O0 -ffunction-sections -fdata-sections -Wall -fstack-usage -fcyclomatic-complexity -MMD -MP -MF"debug_app/Src/i2c_scanner.d" -MT"debug_app/Src/i2c_scanner.o" --specs=nano.specs -mfpu=fpv4-sp-d16 -mfloat-abi=hard -mthumb -o "debug_app/Src/i2c_scanner.o"
arm-none-eabi-gcc "../Src/main.c" -mcpu=cortex-m4 -std=gnu11 -g3 -DDEBUG -DSTM32 -DSTM32F4 -DSTM32F446RETx -DNUCLEO_F446RE -c -I../Inc -I"/home/justjhst/바탕화면/self-balancing-robot/Buzz_Rover/bsp" -I"/home/justjhst/바탕화면/self-balancing-robot/Buzz_Rover/drivers/Inc" -I"/home/justjhst/바탕화면/self-balancing-robot/Buzz_Rover/app/Inc" -I"/home/justjhst/바탕화면/self-balancing-robot/Buzz_Rover/debug_app/Inc" -O0 -ffunction-sections -fdata-sections -Wall -fstack-usage -fcyclomatic-complexity -MMD -MP -MF"Src/main.d" -MT"Src/main.o" --specs=nano.specs -mfpu=fpv4-sp-d16 -mfloat-abi=hard -mthumb -o "Src/main.o"
arm-none-eabi-gcc -o "Buzz_Rover.elf" @"objects.list"   -mcpu=cortex-m4 -T"/home/justjhst/바탕화면/self-balancing-robot/Buzz_Rover/STM32F446RETX_FLASH.ld" --specs=nosys.specs -Wl,-Map="Buzz_Rover.map" -Wl,--gc-sections -static --specs=nano.specs -mfpu=fpv4-sp-d16 -mfloat-abi=hard -mthumb -Wl,--start-group -lc -lm -Wl,--end-group
Finished building target: Buzz_Rover.elf
 
arm-none-eabi-size  Buzz_Rover.elf 
arm-none-eabi-objdump -h -S Buzz_Rover.elf  > "Buzz_Rover.list"
   text	   data	    bss	    dec	    hex	filename
   9084	    100	   1948	  11132	   2b7c	Buzz_Rover.elf
Finished building: default.size.stdout
 
Finished building: Buzz_Rover.list
 
22:55:04 **** Incremental Build of configuration Debug for project Buzz_Rover ****
make -j4 all 
arm-none-eabi-gcc "../drivers/Src/buzz_i2c.c" -mcpu=cortex-m4 -std=gnu11 -g3 -DDEBUG -DSTM32 -DSTM32F4 -DSTM32F446RETx -DNUCLEO_F446RE -c -I../Inc -I"/home/justjhst/바탕화면/self-balancing-robot/Buzz_Rover/bsp" -I"/home/justjhst/바탕화면/self-balancing-robot/Buzz_Rover/drivers/Inc" -I"/home/justjhst/바탕화면/self-balancing-robot/Buzz_Rover/app/Inc" -I"/home/justjhst/바탕화면/self-balancing-robot/Buzz_Rover/debug_app/Inc" -O0 -ffunction-sections -fdata-sections -Wall -fstack-usage -fcyclomatic-complexity -MMD -MP -MF"drivers/Src/buzz_i2c.d" -MT"drivers/Src/buzz_i2c.o" --specs=nano.specs -mfpu=fpv4-sp-d16 -mfloat-abi=hard -mthumb -o "drivers/Src/buzz_i2c.o"
arm-none-eabi-gcc -o "Buzz_Rover.elf" @"objects.list"   -mcpu=cortex-m4 -T"/home/justjhst/바탕화면/self-balancing-robot/Buzz_Rover/STM32F446RETX_FLASH.ld" --specs=nosys.specs -Wl,-Map="Buzz_Rover.map" -Wl,--gc-sections -static --specs=nano.specs -mfpu=fpv4-sp-d16 -mfloat-abi=hard -mthumb -Wl,--start-group -lc -lm -Wl,--end-group
Finished building target: Buzz_Rover.elf
 
arm-none-eabi-size  Buzz_Rover.elf 
arm-none-eabi-objdump -h -S Buzz_Rover.elf  > "Buzz_Rover.list"
   text	   data	    bss	    dec	    hex	filename
   9084	    100	   1948	  11132	   2b7c	Buzz_Rover.elf
Finished building: default.size.stdout
 
Finished building: Buzz_Rover.list
 
23:02:28 **** Incremental Build of configuration Debug for project Buzz_Rover ****
make -j4 all 
arm-none-eabi-gcc "../Src/main.c" -mcpu=cortex-m4 -std=gnu11 -g3 -DDEBUG -DSTM32 -DSTM32F4 -DSTM32F446RETx -DNUCLEO_F446RE -c -I../Inc -I"/home/justjhst/바탕화면/self-balancing-robot/Buzz_Rover/bsp" -I"/home/justjhst/바탕화면/self-balancing-robot/Buzz_Rover/drivers/Inc" -I"/home/justjhst/바탕화면/self-balancing-robot/Buzz_Rover/app/Inc" -I"/home/justjhst/바탕화면/self-balancing-robot/Buzz_Rover/debug_app/Inc" -O0 -ffunction-sections -fdata-sections -Wall -fstack-usage -fcyclomatic-complexity -MMD -MP -MF"Src/main.d" -MT"Src/main.o" --specs=nano.specs -mfpu=fpv4-sp-d16 -mfloat-abi=hard -mthumb -o "Src/main.o"
arm-none-eabi-gcc -o "Buzz_Rover.elf" @"objects.list"   -mcpu=cortex-m4 -T"/home/justjhst/바탕화면/self-balancing-robot/Buzz_Rover/STM32F446RETX_FLASH.ld" --specs=nosys.specs -Wl,-Map="Buzz_Rover.map" -Wl,--gc-sections -static --specs=nano.specs -mfpu=fpv4-sp-d16 -mfloat-abi=hard -mthumb -Wl,--start-group -lc -lm -Wl,--end-group
Finished building target: Buzz_Rover.elf
 
arm-none-eabi-size  Buzz_Rover.elf 
arm-none-eabi-objdump -h -S Buzz_Rover.elf  > "Buzz_Rover.list"
   text	   data	    bss	    dec	    hex	filename
   9880	    100	   1948	  11928	   2e98	Buzz_Rover.elf
Finished building: default.size.stdout
 
Finished building: Buzz_Rover.list
 
23:03:51 **** Incremental Build of configuration Debug for project Buzz_Rover ****
make -j4 all 
arm-none-eabi-gcc "../Src/main.c" -mcpu=cortex-m4 -std=gnu11 -g3 -DDEBUG -DSTM32 -DSTM32F4 -DSTM32F446RETx -DNUCLEO_F446RE -c -I../Inc -I"/home/justjhst/바탕화면/self-balancing-robot/Buzz_Rover/bsp" -I"/home/justjhst/바탕화면/self-balancing-robot/Buzz_Rover/drivers/Inc" -I"/home/justjhst/바탕화면/self-balancing-robot/Buzz_Rover/app/Inc" -I"/home/justjhst/바탕화면/self-balancing-robot/Buzz_Rover/debug_app/Inc" -O0 -ffunction-sections -fdata-sections -Wall -fstack-usage -fcyclomatic-complexity -MMD -MP -MF"Src/main.d" -MT"Src/main.o" --specs=nano.specs -mfpu=fpv4-sp-d16 -mfloat-abi=hard -mthumb -o "Src/main.o"
arm-none-eabi-gcc -o "Buzz_Rover.elf" @"objects.list"   -mcpu=cortex-m4 -T"/home/justjhst/바탕화면/self-balancing-robot/Buzz_Rover/STM32F446RETX_FLASH.ld" --specs=nosys.specs -Wl,-Map="Buzz_Rover.map" -Wl,--gc-sections -static --specs=nano.specs -mfpu=fpv4-sp-d16 -mfloat-abi=hard -mthumb -Wl,--start-group -lc -lm -Wl,--end-group
Finished building target: Buzz_Rover.elf
 
arm-none-eabi-size  Buzz_Rover.elf 
arm-none-eabi-objdump -h -S Buzz_Rover.elf  > "Buzz_Rover.list"
   text	   data	    bss	    dec	    hex	filename
   9912	    100	   1948	  11960	   2eb8	Buzz_Rover.elf
Finished building: default.size.stdout
 
Finished building: Buzz_Rover.list
 
23:03:57 **** Incremental Build of configuration Debug for project Buzz_Rover ****
make -j4 all 
arm-none-eabi-size  Buzz_Rover.elf 
   text	   data	    bss	    dec	    hex	filename
   9912	    100	   1948	  11960	   2eb8	Buzz_Rover.elf
Finished building: default.size.stdout
 
23:07:26 **** Incremental Build of configuration Debug for project Buzz_Rover ****
make -j4 all 
arm-none-eabi-gcc "../Src/main.c" -mcpu=cortex-m4 -std=gnu11 -g3 -DDEBUG -DSTM32 -DSTM32F4 -DSTM32F446RETx -DNUCLEO_F446RE -c -I../Inc -I"/home/justjhst/바탕화면/self-balancing-robot/Buzz_Rover/bsp" -I"/home/justjhst/바탕화면/self-balancing-robot/Buzz_Rover/drivers/Inc" -I"/home/justjhst/바탕화면/self-balancing-robot/Buzz_Rover/app/Inc" -I"/home/justjhst/바탕화면/self-balancing-robot/Buzz_Rover/debug_app/Inc" -O0 -ffunction-sections -fdata-sections -Wall -fstack-usage -fcyclomatic-complexity -MMD -MP -MF"Src/main.d" -MT"Src/main.o" --specs=nano.specs -mfpu=fpv4-sp-d16 -mfloat-abi=hard -mthumb -o "Src/main.o"
arm-none-eabi-gcc -o "Buzz_Rover.elf" @"objects.list"   -mcpu=cortex-m4 -T"/home/justjhst/바탕화면/self-balancing-robot/Buzz_Rover/STM32F446RETX_FLASH.ld" --specs=nosys.specs -Wl,-Map="Buzz_Rover.map" -Wl,--gc-sections -static --specs=nano.specs -mfpu=fpv4-sp-d16 -mfloat-abi=hard -mthumb -Wl,--start-group -lc -lm -Wl,--end-group
Finished building target: Buzz_Rover.elf
 
arm-none-eabi-size  Buzz_Rover.elf 
[...]
Finished building target: Buzz_Rover.elf
 
arm-none-eabi-size  Buzz_Rover.elf 
arm-none-eabi-objdump -h -S Buzz_Rover.elf  > "Buzz_Rover.list"
   text	   data	    bss	    dec	    hex	filename
   2304	      0	   1576	   3880	    f28	Buzz_Rover.elf
Finished building: default.size.stdout
 
Finished building: Buzz_Rover.list
 
02:33:10 **** Incremental Build of configuration Debug for project Buzz_Rover ****
make -j4 all 
arm-none-eabi-size  Buzz_Rover.elf 
   text	   data	    bss	    dec	    hex	filename
   2304	      0	   1576	   3880	    f28	Buzz_Rover.elf
Finished building: default.size.stdout
 
19:00:44 **** Build of configuration Debug for project Buzz_Rover ****
make -j4 all 
arm-none-eabi-size  Buzz_Rover.elf 
   text	   data	    bss	    dec	    hex	filename
   2304	      0	   1576	   3880	    f28	Buzz_Rover.elf
Finished building: default.size.stdout
 
19:00:46 **** Incremental Build of configuration Debug for project Buzz_Rover ****
make -j4 all 
arm-none-eabi-size  Buzz_Rover.elf 
   text	   data	    bss	    dec	    hex	filename
   2304	      0	   1576	   3880	    f28	Buzz_Rover.elf
Finished building: default.size.stdout
 
20:14:15 **** Incremental Build of configuration Debug for project Buzz_Rover ****
make -j4 all 
arm-none-eabi-gcc "../drivers/Src/buzz_gpio.c" -mcpu=cortex-m4 -std=gnu11 -g3 -DDEBUG -DSTM32 -DSTM32F4 -DSTM32F446RETx -DNUCLEO_F446RE -c -I../Inc -I"/home/justjhst/바탕화면/self-balancing-robot/Buzz_Rover/bsp" -I"/home/justjhst/바탕화면/self-balancing-robot/Buzz_Rover/drivers/Inc" -I"/home/justjhst/바탕화면/self-balancing-robot/Buzz_Rover/app/Inc" -I"/home/justjhst/바탕화면/self-balancing-robot/Buzz_Rover/debug_app/Inc" -O0 -ffunction-sections -fdata-sections -Wall -fstack-usage -fcyclomatic-complexity -MMD -MP -MF"drivers/Src/buzz_gpio.d" -MT"drivers/Src/buzz_gpio.o" --specs=nano.specs -mfpu=fpv4-sp-d16 -mfloat-abi=hard -mthumb -o "drivers/Src/buzz_gpio.o"
arm-none-eabi-gcc "../drivers/Src/buzz_i2c.c" -mcpu=cortex-m4 -std=gnu11 -g3 -DDEBUG -DSTM32 -DSTM32F4 -DSTM32F446RETx -DNUCLEO_F446RE -c -I../Inc -I"/home/justjhst/바탕화면/self-balancing-robot/Buzz_Rover/bsp" -I"/home/justjhst/바탕화면/self-balancing-robot/Buzz_Rover/drivers/Inc" -I"/home/justjhst/바탕화면/self-balancing-robot/Buzz_Rover/app/Inc" -I"/home/justjhst/바탕화면/self-balancing-robot/Buzz_Rover/debug_app/Inc" -O0 -ffunction-sections -fdata-sections -Wall -fstack-usage -fcyclomatic-complexity -MMD -MP -MF"drivers/Src/buzz_i2c.d" -MT"drivers/Src/buzz_i2c.o" --specs=nano.specs -mfpu=fpv4-sp-d16 -mfloat-abi=hard -mthumb -o "drivers/Src/buzz_i2c.o"
arm-none-eabi-gcc "../drivers/Src/buzz_rcc.c" -mcpu=cortex-m4 -std=gnu11 -g3 -DDEBUG -DSTM32 -DSTM32F4 -DSTM32F446RETx -DNUCLEO_F446RE -c -I../Inc -I"/home/justjhst/바탕화면/self-balancing-robot/Buzz_Rover/bsp" -I"/home/justjhst/바탕화면/self-balancing-robot/Buzz_Rover/drivers/Inc" -I"/home/justjhst/바탕화면/self-balancing-robot/Buzz_Rover/app/Inc" -I"/home/justjhst/바탕화면/self-balancing-robot/Buzz_Rover/debug_app/Inc" -O0 -ffunction-sections -fdata-sections -Wall -fstack-usage -fcyclomatic-complexity -MMD -MP -MF"drivers/Src/buzz_rcc.d" -MT"drivers/Src/buzz_rcc.o" --specs=nano.specs -mfpu=fpv4-sp-d16 -mfloat-abi=hard -mthumb -o "drivers/Src/buzz_rcc.o"
arm-none-eabi-gcc "../drivers/Src/buzz_tim.c" -mcpu=cortex-m4 -std=gnu11 -g3 -DDEBUG -DSTM32 -DSTM32F4 -DSTM32F446RETx -DNUCLEO_F446RE -c -I../Inc -I"/home/justjhst/바탕화면/self-balancing-robot/Buzz_Rover/bsp" -I"/home/justjhst/바탕화면/self-balancing-robot/Buzz_Rover/drivers/Inc" -I"/home/justjhst/바탕화면/self-balancing-robot/Buzz_Rover/app/Inc" -I"/home/justjhst/바탕화면/self-balancing-robot/Buzz_Rover/debug_app/Inc" -O0 -ffunction-sections -fdata-sections -Wall -fstack-usage -fcyclomatic-complexity -MMD -MP -MF"drivers/Src/buzz_tim.d" -MT"drivers/Src/buzz_tim.o" --specs=nano.specs -mfpu=fpv4-sp-d16 -mfloat-abi=hard -mthumb -o "drivers/Src/buzz_tim.o"
arm-none-eabi-gcc "../drivers/Src/buzz_usart.c" -mcpu=cortex-m4 -std=gnu11 -g3 -DDEBUG -DSTM32 -DSTM32F4 -DSTM32F446RETx -DNUCLEO_F446RE -c -I../Inc -I"/home/justjhst/바탕화면/self-balancing-robot/Buzz_Rover/bsp" -I"/home/justjhst/바탕화면/self-balancing-robot/Buzz_Rover/drivers/Inc" -I"/home/justjhst/바탕화면/self-balancing-robot/Buzz_Rover/app/Inc" -I"/home/justjhst/바탕화면/self-balancing-robot/Buzz_Rover/debug_app/Inc" -O0 -ffunction-sections -fdata-sections -Wall -fstack-usage -fcyclomatic-complexity -MMD -MP -MF"drivers/Src/buzz_usart.d" -MT"drivers/Src/buzz_usart.o" --specs=nano.specs -mfpu=fpv4-sp-d16 -mfloat-abi=hard -mthumb -o "drivers/Src/buzz_usart.o"
arm-none-eabi-gcc "../debug_app/Src/i2c_scanner.c" -mcpu=cortex-m4 -std=gnu11 -g3 -DDEBUG -DSTM32 -DSTM32F4 -DSTM32F446RETx -DNUCLEO_F446RE -c -I../Inc -I"/home/justjhst/바탕화면/self-balancing-robot/Buzz_Rover/bsp" -I"/home/justjhst/바탕화면/self-balancing-robot/Buzz_Rover/drivers/Inc" -I"/home/justjhst/바탕화면/self-balancing-robot/Buzz_Rover/app/Inc" -I"/home/justjhst/바탕화면/self-balancing-robot/Buzz_Rover/debug_app/Inc" -O0 -ffunction-sections -fdata-sections -Wall -fstack-usage -fcyclomatic-complexity -MMD -MP -MF"debug_app/Src/i2c_scanner.d" -MT"debug_app/Src/i2c_scanner.o" --specs=nano.specs -mfpu=fpv4-sp-d16 -mfloat-abi=hard -mthumb -o "debug_app/Src/i2c_scanner.o"
arm-none-eabi-gcc "../debug_app/Src/tim_profiling.c" -mcpu=cortex-m4 -std=gnu11 -g3 -DDEBUG -DSTM32 -DSTM32F4 -DSTM32F446RETx -DNUCLEO_F446RE -c -I../Inc -I"/home/justjhst/바탕화면/self-balancing-robot/Buzz_Rover/bsp" -I"/home/justjhst/바탕화면/self-balancing-robot/Buzz_Rover/drivers/Inc" -I"/home/justjhst/바탕화면/self-balancing-robot/Buzz_Rover/app/Inc" -I"/home/justjhst/바탕화면/self-balancing-robot/Buzz_Rover/debug_app/Inc" -O0 -ffunction-sections -fdata-sections -Wall -fstack-usage -fcyclomatic-complexity -MMD -MP -MF"debug_app/Src/tim_profiling.d" -MT"debug_app/Src/tim_profiling.o" --specs=nano.specs -mfpu=fpv4-sp-d16 -mfloat-abi=hard -mthumb -o "debug_app/Src/tim_profiling.o"
arm-none-eabi-gcc "../app/Src/mpu6050.c" -mcpu=cortex-m4 -std=gnu11 -g3 -DDEBUG -DSTM32 -DSTM32F4 -DSTM32F446RETx -DNUCLEO_F446RE -c -I../Inc -I"/home/justjhst/바탕화면/self-balancing-robot/Buzz_Rover/bsp" -I"/home/justjhst/바탕화면/self-balancing-robot/Buzz_Rover/drivers/Inc" -I"/home/justjhst/바탕화면/self-balancing-robot/Buzz_Rover/app/Inc" -I"/home/justjhst/바탕화면/self-balancing-robot/Buzz_Rover/debug_app/Inc" -O0 -ffunction-sections -fdata-sections -Wall -fstack-usage -fcyclomatic-complexity -MMD -MP -MF"app/Src/mpu6050.d" -MT"app/Src/mpu6050.o" --specs=nano.specs -mfpu=fpv4-sp-d16 -mfloat-abi=hard -mthumb -o "app/Src/mpu6050.o"
../app/Src/mpu6050.c: In function 'MPU6050_SendPacket':
../app/Src/mpu6050.c:79:65: warning: format '%d' expects argument of type 'int', but argument 10 has type 'long int' [-Wformat=]
   79 |                         "AX:%d,AY:%d,AZ:%d,GX:%d,GY:%d,GZ:%d,T:%d\r\n",
      |                                                                ~^
      |                                                                 |
arm-none-eabi-gcc "../Src/main.c" -mcpu=cortex-m4 -std=gnu11 -g3 -DDEBUG -DSTM32 -DSTM32F4 -DSTM32F446RETx -DNUCLEO_F446RE -c -I../Inc -I"/home/justjhst/바탕화면/self-balancing-robot/Buzz_Rover/bsp" -I"/home/justjhst/바탕화면/self-balancing-robot/Buzz_Rover/drivers/Inc" -I"/home/justjhst/바탕화면/self-balancing-robot/Buzz_Rover/app/Inc" -I"/home/justjhst/바탕화면/self-balancing-robot/Buzz_Rover/debug_app/Inc" -O0 -ffunction-sections -fdata-sections -Wall -fstack-usage -fcyclomatic-complexity -MMD -MP -MF"Src/main.d" -MT"Src/main.o" --specs=nano.specs -mfpu=fpv4-sp-d16 -mfloat-abi=hard -mthumb -o "Src/main.o"
      |                                                                 int
      |                                                                %ld
   80 |                         raw.ax,raw.ay,raw.az,raw.gx,raw.gy,raw.gz,(int32_t)(raw.temp_raw / 340) + 36) + 1; // included \0
      |                                                                   ~~~~~~~~~~~~~~~~~~~~~~~~~~~~~~~~~~
      |                                                                                                 |
      |                                                                                                 long int
../Src/main.c: In function 'main':
../Src/main.c:61:45: error: 'A' undeclared (first use in this function)
   61 |         TIM_TimeBase_Init(TIM3, 1599, 999); A-1
      |                                             ^
../Src/main.c:61:45: note: each undeclared identifier is reported only once for each function it appears in
../Src/main.c:61:48: error: expected ';' before 'TIM_Start'
   61 |         TIM_TimeBase_Init(TIM3, 1599, 999); A-1
      |                                                ^
      |                                                ;
   62 |         TIM_Start(TIM3);
      |         ~~~~~~~~~                               
make: *** [Src/subdir.mk:28: Src/main.o] Error 1
"make -j4 all" terminated with exit code 2. Build might be incomplete.
20:14:25 **** Incremental Build of configuration Debug for project Buzz_Rover ****
make -j4 all 
arm-none-eabi-gcc "../Src/main.c" -mcpu=cortex-m4 -std=gnu11 -g3 -DDEBUG -DSTM32 -DSTM32F4 -DSTM32F446RETx -DNUCLEO_F446RE -c -I../Inc -I"/home/justjhst/바탕화면/self-balancing-robot/Buzz_Rover/bsp" -I"/home/justjhst/바탕화면/self-balancing-robot/Buzz_Rover/drivers/Inc" -I"/home/justjhst/바탕화면/self-balancing-robot/Buzz_Rover/app/Inc" -I"/home/justjhst/바탕화면/self-balancing-robot/Buzz_Rover/debug_app/Inc" -O0 -ffunction-sections -fdata-sections -Wall -fstack-usage -fcyclomatic-complexity -MMD -MP -MF"Src/main.d" -MT"Src/main.o" --specs=nano.specs -mfpu=fpv4-sp-d16 -mfloat-abi=hard -mthumb -o "Src/main.o"
arm-none-eabi-gcc -o "Buzz_Rover.elf" @"objects.list"   -mcpu=cortex-m4 -T"/home/justjhst/바탕화면/self-balancing-robot/Buzz_Rover/STM32F446RETX_FLASH.ld" --specs=nosys.specs -Wl,-Map="Buzz_Rover.map" -Wl,--gc-sections -static --specs=nano.specs -mfpu=fpv4-sp-d16 -mfloat-abi=hard -mthumb -Wl,--start-group -lc -lm -Wl,--end-group
Finished building target: Buzz_Rover.elf
 
arm-none-eabi-size  Buzz_Rover.elf 
arm-none-eabi-objdump -h -S Buzz_Rover.elf  > "Buzz_Rover.list"
   text	   data	    bss	    dec	    hex	filename
   2476	      0	   1576	   4052	    fd4	Buzz_Rover.elf
Finished building: default.size.stdout
 
Finished building: Buzz_Rover.list
 
20:15:49 **** Incremental Build of configuration Debug for project Buzz_Rover ****
make -j4 all 
arm-none-eabi-size  Buzz_Rover.elf 
   text	   data	    bss	    dec	    hex	filename
   2476	      0	   1576	   4052	    fd4	Buzz_Rover.elf
Finished building: default.size.stdout
 
20:18:50 **** Incremental Build of configuration Debug for project Buzz_Rover ****
make -j4 all 
arm-none-eabi-gcc "../Src/main.c" -mcpu=cortex-m4 -std=gnu11 -g3 -DDEBUG -DSTM32 -DSTM32F4 -DSTM32F446RETx -DNUCLEO_F446RE -c -I../Inc -I"/home/justjhst/바탕화면/self-balancing-robot/Buzz_Rover/bsp" -I"/home/justjhst/바탕화면/self-balancing-robot/Buzz_Rover/drivers/Inc" -I"/home/justjhst/바탕화면/self-balancing-robot/Buzz_Rover/app/Inc" -I"/home/justjhst/바탕화면/self-balancing-robot/Buzz_Rover/debug_app/Inc" -O0 -ffunction-sections -fdata-sections -Wall -fstack-usage -fcyclomatic-complexity -MMD -MP -MF"Src/main.d" -MT"Src/main.o" --specs=nano.specs -mfpu=fpv4-sp-d16 -mfloat-abi=hard -mthumb -o "Src/main.o"
arm-none-eabi-gcc -o "Buzz_Rover.elf" @"objects.list"   -mcpu=cortex-m4 -T"/home/justjhst/바탕화면/self-balancing-robot/Buzz_Rover/STM32F446RETX_FLASH.ld" --specs=nosys.specs -Wl,-Map="Buzz_Rover.map" -Wl,--gc-sections -static --specs=nano.specs -mfpu=fpv4-sp-d16 -mfloat-abi=hard -mthumb -Wl,--start-group -lc -lm -Wl,--end-group
Finished building target: Buzz_Rover.elf
 
arm-none-eabi-size  Buzz_Rover.elf 
   text	   data	    bss	    dec	    hex	filename
   2476	      0	   1576	   4052	    fd4	Buzz_Rover.elf
arm-none-eabi-objdump -h -S Buzz_Rover.elf  > "Buzz_Rover.list"
Finished building: default.size.stdout
 
Finished building: Buzz_Rover.list
 
20:18:52 **** Incremental Build of configuration Debug for project Buzz_Rover ****
make -j4 all 
arm-none-eabi-size  Buzz_Rover.elf 
   text	   data	    bss	    dec	    hex	filename
   2476	      0	   1576	   4052	    fd4	Buzz_Rover.elf
Finished building: default.size.stdout
 
23:03:42 **** Incremental Build of configuration Debug for project Buzz_Rover ****
make -j4 all 
arm-none-eabi-gcc "../Src/main.c" -mcpu=cortex-m4 -std=gnu11 -g3 -DDEBUG -DSTM32 -DSTM32F4 -DSTM32F446RETx -DNUCLEO_F446RE -c -I../Inc -I"/home/justjhst/바탕화면/self-balancing-robot/Buzz_Rover/bsp" -I"/home/justjhst/바탕화면/self-balancing-robot/Buzz_Rover/drivers/Inc" -I"/home/justjhst/바탕화면/self-balancing-robot/Buzz_Rover/app/Inc" -I"/home/justjhst/바탕화면/self-balancing-robot/Buzz_Rover/debug_app/Inc" -O0 -ffunction-sections -fdata-sections -Wall -fstack-usage -fcyclomatic-complexity -MMD -MP -MF"Src/main.d" -MT"Src/main.o" --specs=nano.specs -mfpu=fpv4-sp-d16 -mfloat-abi=hard -mthumb -o "Src/main.o"
arm-none-eabi-gcc -o "Buzz_Rover.elf" @"objects.list"   -mcpu=cortex-m4 -T"/home/justjhst/바탕화면/self-balancing-robot/Buzz_Rover/STM32F446RETX_FLASH.ld" --specs=nosys.specs -Wl,-Map="Buzz_Rover.map" -Wl,--gc-sections -static --specs=nano.specs -mfpu=fpv4-sp-d16 -mfloat-abi=hard -mthumb -Wl,--start-group -lc -lm -Wl,--end-group
Finished building target: Buzz_Rover.elf
 
arm-none-eabi-size  Buzz_Rover.elf 
arm-none-eabi-objdump -h -S Buzz_Rover.elf  > "Buzz_Rover.list"
   text	   data	    bss	    dec	    hex	filename
   2380	      0	   1576	   3956	    f74	Buzz_Rover.elf
Finished building: default.size.stdout
 
Finished building: Buzz_Rover.list
 
23:13:41 **** Incremental Build of configuration Debug for project Buzz_Rover ****
make -j4 all 
arm-none-eabi-size  Buzz_Rover.elf 
   text	   data	    bss	    dec	    hex	filename
   2380	      0	   1576	   3956	    f74	Buzz_Rover.elf
Finished building: default.size.stdout
 
23:19:12 **** Incremental Build of configuration Debug for project Buzz_Rover ****
make -j4 all 
arm-none-eabi-size  Buzz_Rover.elf 
   text	   data	    bss	    dec	    hex	filename
   2380	      0	   1576	   3956	    f74	Buzz_Rover.elf
Finished building: default.size.stdout
 
23:21:04 **** Incremental Build of configuration Debug for project Buzz_Rover ****
make -j4 all 
arm-none-eabi-size  Buzz_Rover.elf 
   text	   data	    bss	    dec	    hex	filename
   2380	      0	   1576	   3956	    f74	Buzz_Rover.elf
Finished building: default.size.stdout
 
23:22:18 **** Incremental Build of configuration Debug for project Buzz_Rover ****
make -j4 all 
arm-none-eabi-size  Buzz_Rover.elf 
   text	   data	    bss	    dec	    hex	filename
   2380	      0	   1576	   3956	    f74	Buzz_Rover.elf
Finished building: default.size.stdout
 
00:18:54 **** Incremental Build of configuration Debug for project Buzz_Rover ****
make -j4 all 
arm-none-eabi-gcc "../Src/main.c" -mcpu=cortex-m4 -std=gnu11 -g3 -DDEBUG -DSTM32 -DSTM32F4 -DSTM32F446RETx -DNUCLEO_F446RE -c -I../Inc -I"/home/justjhst/바탕화면/self-balancing-robot/Buzz_Rover/bsp" -I"/home/justjhst/바탕화면/self-balancing-robot/Buzz_Rover/drivers/Inc" -I"/home/justjhst/바탕화면/self-balancing-robot/Buzz_Rover/app/Inc" -I"/home/justjhst/바탕화면/self-balancing-robot/Buzz_Rover/debug_app/Inc" -O0 -ffunction-sections -fdata-sections -Wall -fstack-usage -fcyclomatic-complexity -MMD -MP -MF"Src/main.d" -MT"Src/main.o" --specs=nano.specs -mfpu=fpv4-sp-d16 -mfloat-abi=hard -mthumb -o "Src/main.o"
../Src/main.c: In function 'main':
../Src/main.c:49:9: warning: this 'while' clause does not guard... [-Wmisleading-indentation]
   49 |         while(1);
      |         ^~~~~
../Src/main.c:50:9: note: ...this statement, but the latter is misleadingly indented as if it were guarded by the 'while'
   50 |         {
      |         ^
arm-none-eabi-gcc -o "Buzz_Rover.elf" @"objects.list"   -mcpu=cortex-m4 -T"/home/justjhst/바탕화면/self-balancing-robot/Buzz_Rover/STM32F446RETX_FLASH.ld" --specs=nosys.specs -Wl,-Map="Buzz_Rover.map" -Wl,--gc-sections -static --specs=nano.specs -mfpu=fpv4-sp-d16 -mfloat-abi=hard -mthumb -Wl,--start-group -lc -lm -Wl,--end-group
Finished building target: Buzz_Rover.elf
 
arm-none-eabi-size  Buzz_Rover.elf 
arm-none-eabi-objdump -h -S Buzz_Rover.elf  > "Buzz_Rover.list"
   text	   data	    bss	    dec	    hex	filename
   2380	      0	   1576	   3956	    f74	Buzz_Rover.elf
Finished building: default.size.stdout
 
Finished building: Buzz_Rover.list
 
00:19:05 **** Incremental Build of configuration Debug for project Buzz_Rover ****
make -j4 all 
arm-none-eabi-gcc "../Src/main.c" -mcpu=cortex-m4 -std=gnu11 -g3 -DDEBUG -DSTM32 -DSTM32F4 -DSTM32F446RETx -DNUCLEO_F446RE -c -I../Inc -I"/home/justjhst/바탕화면/self-balancing-robot/Buzz_Rover/bsp" -I"/home/justjhst/바탕화면/self-balancing-robot/Buzz_Rover/drivers/Inc" -I"/home/justjhst/바탕화면/self-balancing-robot/Buzz_Rover/app/Inc" -I"/home/justjhst/바탕화면/self-balancing-robot/Buzz_Rover/debug_app/Inc" -O0 -ffunction-sections -fdata-sections -Wall -fstack-usage -fcyclomatic-complexity -MMD -MP -MF"Src/main.d" -MT"Src/main.o" --specs=nano.specs -mfpu=fpv4-sp-d16 -mfloat-abi=hard -mthumb -o "Src/main.o"
arm-none-eabi-gcc -o "Buzz_Rover.elf" @"objects.list"   -mcpu=cortex-m4 -T"/home/justjhst/바탕화면/self-balancing-robot/Buzz_Rover/STM32F446RETX_FLASH.ld" --specs=nosys.specs -Wl,-Map="Buzz_Rover.map" -Wl,--gc-sections -static --specs=nano.specs -mfpu=fpv4-sp-d16 -mfloat-abi=hard -mthumb -Wl,--start-group -lc -lm -Wl,--end-group
Finished building target: Buzz_Rover.elf
 
arm-none-eabi-size  Buzz_Rover.elf 
   text	   data	    bss	    dec	    hex	filename
   2380	      0	   1576	   3956	    f74	Buzz_Rover.elf
arm-none-eabi-objdump -h -S Buzz_Rover.elf  > "Buzz_Rover.list"
Finished building: default.size.stdout
 
Finished building: Buzz_Rover.list
 
00:19:57 **** Incremental Build of configuration Debug for project Buzz_Rover ****
make -j4 all 
arm-none-eabi-size  Buzz_Rover.elf 
   text	   data	    bss	    dec	    hex	filename
   2380	      0	   1576	   3956	    f74	Buzz_Rover.elf
Finished building: default.size.stdout
 
00:20:59 **** Incremental Build of configuration Debug for project Buzz_Rover ****
make -j4 all 
arm-none-eabi-size  Buzz_Rover.elf 
   text	   data	    bss	    dec	    hex	filename
   2380	      0	   1576	   3956	    f74	Buzz_Rover.elf
Finished building: default.size.stdout
 
00:21:51 **** Incremental Build of configuration Debug for project Buzz_Rover ****
make -j4 all 
arm-none-eabi-size  Buzz_Rover.elf 
   text	   data	    bss	    dec	    hex	filename
   2380	      0	   1576	   3956	    f74	Buzz_Rover.elf
Finished building: default.size.stdout
 
00:22:12 **** Incremental Build of configuration Debug for project Buzz_Rover ****
make -j4 all 
arm-none-eabi-size  Buzz_Rover.elf 
   text	   data	    bss	    dec	    hex	filename
   2380	      0	   1576	   3956	    f74	Buzz_Rover.elf
Finished building: default.size.stdout
 
00:22:23 **** Incremental Build of configuration Debug for project Buzz_Rover ****
make -j4 all 
arm-none-eabi-size  Buzz_Rover.elf 
   text	   data	    bss	    dec	    hex	filename
   2380	      0	   1576	   3956	    f74	Buzz_Rover.elf
Finished building: default.size.stdout
 
00:23:19 **** Incremental Build of configuration Debug for project Buzz_Rover ****
make -j4 all 
arm-none-eabi-size  Buzz_Rover.elf 
   text	   data	    bss	    dec	    hex	filename
   2380	      0	   1576	   3956	    f74	Buzz_Rover.elf
Finished building: default.size.stdout
 
00:23:31 **** Incremental Build of configuration Debug for project Buzz_Rover ****
make -j4 all 
arm-none-eabi-size  Buzz_Rover.elf 
   text	   data	    bss	    dec	    hex	filename
   2380	      0	   1576	   3956	    f74	Buzz_Rover.elf
Finished building: default.size.stdout
 
00:23:58 **** Incremental Build of configuration Debug for project Buzz_Rover ****
make -j4 all 
arm-none-eabi-size  Buzz_Rover.elf 
   text	   data	    bss	    dec	    hex	filename
   2380	      0	   1576	   3956	    f74	Buzz_Rover.elf
Finished building: default.size.stdout
 
