00:54:08 **** Clean-only build of configuration Debug for project Buzz_Rover ****
make -j4 clean 
rm -rf ./drivers/Src/buzz_gpio.cyclo ./drivers/Src/buzz_gpio.d ./drivers/Src/buzz_gpio.o ./drivers/Src/buzz_gpio.su ./drivers/Src/buzz_i2c.cyclo ./drivers/Src/buzz_i2c.d ./drivers/Src/buzz_i2c.o ./drivers/Src/buzz_i2c.su ./drivers/Src/buzz_rcc.cyclo ./drivers/Src/buzz_rcc.d ./drivers/Src/buzz_rcc.o ./drivers/Src/buzz_rcc.su ./drivers/Src/buzz_systick.cyclo ./drivers/Src/buzz_systick.d ./drivers/Src/buzz_systick.o ./drivers/Src/buzz_systick.su ./drivers/Src/buzz_tim.cyclo ./drivers/Src/buzz_tim.d ./drivers/Src/buzz_tim.o ./drivers/Src/buzz_tim.su ./drivers/Src/buzz_usart.cyclo ./drivers/Src/buzz_usart.d ./drivers/Src/buzz_usart.o ./drivers/Src/buzz_usart.su
rm -rf ./debug_app/Src/i2c_scanner.cyclo ./debug_app/Src/i2c_scanner.d ./debug_app/Src/i2c_scanner.o ./debug_app/Src/i2c_scanner.su ./debug_app/Src/tim_profiling.cyclo ./debug_app/Src/tim_profiling.d ./debug_app/Src/tim_profiling.o ./debug_app/Src/tim_profiling.su
rm -rf ./app/Src/mpu6050.cyclo ./app/Src/mpu6050.d ./app/Src/mpu6050.o ./app/Src/mpu6050.su
rm -rf ./Startup/startup_stm32f446retx.d ./Startup/startup_stm32f446retx.o
rm -rf ./Src/main.cyclo ./Src/main.d ./Src/main.o ./Src/main.su ./Src/syscalls.cyclo ./Src/syscalls.d ./Src/syscalls.o ./Src/syscalls.su ./Src/sysmem.cyclo ./Src/sysmem.d ./Src/sysmem.o ./Src/sysmem.su ./Src/system_stm32f4xx.cyclo ./Src/system_stm32f4xx.d ./Src/system_stm32f4xx.o ./Src/system_stm32f4xx.su
rm -rf Buzz_Rover.elf Buzz_Rover.list Buzz_Rover.map default.size.stdout
 
00:54:14 **** Build of configuration Debug for project Buzz_Rover ****
make -j4 all 
arm-none-eabi-gcc "../drivers/Src/buzz_gpio.c" -mcpu=cortex-m4 -std=gnu11 -g3 -DDEBUG -DSTM32 -DSTM32F4 -DSTM32F446RETx -DNUCLEO_F446RE -c -I../Inc -I"/home/justjhst/바탕화면/self-balancing-robot/Buzz_Rover/bsp" -I"/home/justjhst/바탕화면/self-balancing-robot/Buzz_Rover/drivers/Inc" -I"/home/justjhst/바탕화면/self-balancing-robot/Buzz_Rover/app/Inc" -I"/home/justjhst/바탕화면/self-balancing-robot/Buzz_Rover/debug_app/Inc" -O0 -ffunction-sections -fdata-sections -Wall -fstack-usage -fcyclomatic-complexity -MMD -MP -MF"drivers/Src/buzz_gpio.d" -MT"drivers/Src/buzz_gpio.o" --specs=nano.specs -mfpu=fpv4-sp-d16 -mfloat-abi=hard -mthumb -o "drivers/Src/buzz_gpio.o"
arm-none-eabi-gcc "../drivers/Src/buzz_i2c.c" -mcpu=cortex-m4 -std=gnu11 -g3 -DDEBUG -DSTM32 -DSTM32F4 -DSTM32F446RETx -DNUCLEO_F446RE -c -I../Inc -I"/home/justjhst/바탕화면/self-balancing-robot/Buzz_Rover/bsp" -I"/home/justjhst/바탕화면/self-balancing-robot/Buzz_Rover/drivers/Inc" -I"/home/justjhst/바탕화면/self-balancing-robot/Buzz_Rover/app/Inc" -I"/home/justjhst/바탕화면/self-balancing-robot/Buzz_Rover/debug_app/Inc" -O0 -ffunction-sections -fdata-sections -Wall -fstack-usage -fcyclomatic-complexity -MMD -MP -MF"drivers/Src/buzz_i2c.d" -MT"drivers/Src/buzz_i2c.o" --specs=nano.specs -mfpu=fpv4-sp-d16 -mfloat-abi=hard -mthumb -o "drivers/Src/buzz_i2c.o"
arm-none-eabi-gcc "../drivers/Src/buzz_rcc.c" -mcpu=cortex-m4 -std=gnu11 -g3 -DDEBUG -DSTM32 -DSTM32F4 -DSTM32F446RETx -DNUCLEO_F446RE -c -I../Inc -I"/home/justjhst/바탕화면/self-balancing-robot/Buzz_Rover/bsp" -I"/home/justjhst/바탕화면/self-balancing-robot/Buzz_Rover/drivers/Inc" -I"/home/justjhst/바탕화면/self-balancing-robot/Buzz_Rover/app/Inc" -I"/home/justjhst/바탕화면/self-balancing-robot/Buzz_Rover/debug_app/Inc" -O0 -ffunction-sections -fdata-sections -Wall -fstack-usage -fcyclomatic-complexity -MMD -MP -MF"drivers/Src/buzz_rcc.d" -MT"drivers/Src/buzz_rcc.o" --specs=nano.specs -mfpu=fpv4-sp-d16 -mfloat-abi=hard -mthumb -o "drivers/Src/buzz_rcc.o"
arm-none-eabi-gcc "../drivers/Src/buzz_systick.c" -mcpu=cortex-m4 -std=gnu11 -g3 -DDEBUG -DSTM32 -DSTM32F4 -DSTM32F446RETx -DNUCLEO_F446RE -c -I../Inc -I"/home/justjhst/바탕화면/self-balancing-robot/Buzz_Rover/bsp" -I"/home/justjhst/바탕화면/self-balancing-robot/Buzz_Rover/drivers/Inc" -I"/home/justjhst/바탕화면/self-balancing-robot/Buzz_Rover/app/Inc" -I"/home/justjhst/바탕화면/self-balancing-robot/Buzz_Rover/debug_app/Inc" -O0 -ffunction-sections -fdata-sections -Wall -fstack-usage -fcyclomatic-complexity -MMD -MP -MF"drivers/Src/buzz_systick.d" -MT"drivers/Src/buzz_systick.o" --specs=nano.specs -mfpu=fpv4-sp-d16 -mfloat-abi=hard -mthumb -o "drivers/Src/buzz_systick.o"
arm-none-eabi-gcc "../drivers/Src/buzz_tim.c" -mcpu=cortex-m4 -std=gnu11 -g3 -DDEBUG -DSTM32 -DSTM32F4 -DSTM32F446RETx -DNUCLEO_F446RE -c -I../Inc -I"/home/justjhst/바탕화면/self-balancing-robot/Buzz_Rover/bsp" -I"/home/justjhst/바탕화면/self-balancing-robot/Buzz_Rover/drivers/Inc" -I"/home/justjhst/바탕화면/self-balancing-robot/Buzz_Rover/app/Inc" -I"/home/justjhst/바탕화면/self-balancing-robot/Buzz_Rover/debug_app/Inc" -O0 -ffunction-sections -fdata-sections -Wall -fstack-usage -fcyclomatic-complexity -MMD -MP -MF"drivers/Src/buzz_tim.d" -MT"drivers/Src/buzz_tim.o" --specs=nano.specs -mfpu=fpv4-sp-d16 -mfloat-abi=hard -mthumb -o "drivers/Src/buzz_tim.o"
arm-none-eabi-gcc "../drivers/Src/buzz_usart.c" -mcpu=cortex-m4 -std=gnu11 -g3 -DDEBUG -DSTM32 -DSTM32F4 -DSTM32F446RETx -DNUCLEO_F446RE -c -I../Inc -I"/home/justjhst/바탕화면/self-balancing-robot/Buzz_Rover/bsp" -I"/home/justjhst/바탕화면/self-balancing-robot/Buzz_Rover/drivers/Inc" -I"/home/justjhst/바탕화면/self-balancing-robot/Buzz_Rover/app/Inc" -I"/home/justjhst/바탕화면/self-balancing-robot/Buzz_Rover/debug_app/Inc" -O0 -ffunction-sections -fdata-sections -Wall -fstack-usage -fcyclomatic-complexity -MMD -MP -MF"drivers/Src/buzz_usart.d" -MT"drivers/Src/buzz_usart.o" --specs=nano.specs -mfpu=fpv4-sp-d16 -mfloat-abi=hard -mthumb -o "drivers/Src/buzz_usart.o"
arm-none-eabi-gcc "../debug_app/Src/i2c_scanner.c" -mcpu=cortex-m4 -std=gnu11 -g3 -DDEBUG -DSTM32 -DSTM32F4 -DSTM32F446RETx -DNUCLEO_F446RE -c -I../Inc -I"/home/justjhst/바탕화면/self-balancing-robot/Buzz_Rover/bsp" -I"/home/justjhst/바탕화면/self-balancing-robot/Buzz_Rover/drivers/Inc" -I"/home/justjhst/바탕화면/self-balancing-robot/Buzz_Rover/app/Inc" -I"/home/justjhst/바탕화면/self-balancing-robot/Buzz_Rover/debug_app/Inc" -O0 -ffunction-sections -fdata-sections -Wall -fstack-usage -fcyclomatic-complexity -MMD -MP -MF"debug_app/Src/i2c_scanner.d" -MT"debug_app/Src/i2c_scanner.o" --specs=nano.specs -mfpu=fpv4-sp-d16 -mfloat-abi=hard -mthumb -o "debug_app/Src/i2c_scanner.o"
arm-none-eabi-gcc "../debug_app/Src/tim_profiling.c" -mcpu=cortex-m4 -std=gnu11 -g3 -DDEBUG -DSTM32 -DSTM32F4 -DSTM32F446RETx -DNUCLEO_F446RE -c -I../Inc -I"/home/justjhst/바탕화면/self-balancing-robot/Buzz_Rover/bsp" -I"/home/justjhst/바탕화면/self-balancing-robot/Buzz_Rover/drivers/Inc" -I"/home/justjhst/바탕화면/self-balancing-robot/Buzz_Rover/app/Inc" -I"/home/justjhst/바탕화면/self-balancing-robot/Buzz_Rover/debug_app/Inc" -O0 -ffunction-sections -fdata-sections -Wall -fstack-usage -fcyclomatic-complexity -MMD -MP -MF"debug_app/Src/tim_profiling.d" -MT"debug_app/Src/tim_profiling.o" --specs=nano.specs -mfpu=fpv4-sp-d16 -mfloat-abi=hard -mthumb -o "debug_app/Src/tim_profiling.o"
arm-none-eabi-gcc "../app/Src/mpu6050.c" -mcpu=cortex-m4 -std=gnu11 -g3 -DDEBUG -DSTM32 -DSTM32F4 -DSTM32F446RETx -DNUCLEO_F446RE -c -I../Inc -I"/home/justjhst/바탕화면/self-balancing-robot/Buzz_Rover/bsp" -I"/home/justjhst/바탕화면/self-balancing-robot/Buzz_Rover/drivers/Inc" -I"/home/justjhst/바탕화면/self-balancing-robot/Buzz_Rover/app/Inc" -I"/home/justjhst/바탕화면/self-balancing-robot/Buzz_Rover/debug_app/Inc" -O0 -ffunction-sections -fdata-sections -Wall -fstack-usage -fcyclomatic-complexity -MMD -MP -MF"app/Src/mpu6050.d" -MT"app/Src/mpu6050.o" --specs=nano.specs -mfpu=fpv4-sp-d16 -mfloat-abi=hard -mthumb -o "app/Src/mpu6050.o"
arm-none-eabi-gcc -mcpu=cortex-m4 -g3 -DDEBUG -c -x assembler-with-cpp -MMD -MP -MF"Startup/startup_stm32f446retx.d" -MT"Startup/startup_stm32f446retx.o" --specs=nano.specs -mfpu=fpv4-sp-d16 -mfloat-abi=hard -mthumb -o "Startup/startup_stm32f446retx.o" "../Startup/startup_stm32f446retx.s"
arm-none-eabi-gcc "../Src/main.c" -mcpu=cortex-m4 -std=gnu11 -g3 -DDEBUG -DSTM32 -DSTM32F4 -DSTM32F446RETx -DNUCLEO_F446RE -c -I../Inc -I"/home/justjhst/바탕화면/self-balancing-robot/Buzz_Rover/bsp" -I"/home/justjhst/바탕화면/self-balancing-robot/Buzz_Rover/drivers/Inc" -I"/home/justjhst/바탕화면/self-balancing-robot/Buzz_Rover/app/Inc" -I"/home/justjhst/바탕화면/self-balancing-robot/Buzz_Rover/debug_app/Inc" -O0 -ffunction-sections -fdata-sections -Wall -fstack-usage -fcyclomatic-complexity -MMD -MP -MF"Src/main.d" -MT"Src/main.o" --specs=nano.specs -mfpu=fpv4-sp-d16 -mfloat-abi=hard -mthumb -o "Src/main.o"
../app/Src/mpu6050.c: In function 'MPU6050_SendPacket':
../app/Src/mpu6050.c:79:65: warning: format '%d' expects argument of type 'int', but argument 10 has type 'long int' [-Wformat=]
arm-none-eabi-gcc "../Src/syscalls.c" -mcpu=cortex-m4 -std=gnu11 -g3 -DDEBUG -DSTM32 -DSTM32F4 -DSTM32F446RETx -DNUCLEO_F446RE -c -I../Inc -I"/home/justjhst/바탕화면/self-balancing-robot/Buzz_Rover/bsp" -I"/home/justjhst/바탕화면/self-balancing-robot/Buzz_Rover/drivers/Inc" -I"/home/justjhst/바탕화면/self-balancing-robot/Buzz_Rover/app/Inc" -I"/home/justjhst/바탕화면/self-balancing-robot/Buzz_Rover/debug_app/Inc" -O0 -ffunction-sections -fdata-sections -Wall -fstack-usage -fcyclomatic-complexity -MMD -MP -MF"Src/syscalls.d" -MT"Src/syscalls.o" --specs=nano.specs -mfpu=fpv4-sp-d16 -mfloat-abi=hard -mthumb -o "Src/syscalls.o"
   79 |                         "AX:%d,AY:%d,AZ:%d,GX:%d,GY:%d,GZ:%d,T:%d\r\n",
      |                                                                ~^
      |                                                                 |
      |                                                                 int
      |                                                                %ld
   80 |                         raw.ax,raw.ay,raw.az,raw.gx,raw.gy,raw.gz,(int32_t)(raw.temp_raw / 340) + 36) + 1; // included \0
      |                                                                   ~~~~~~~~~~~~~~~~~~~~~~~~~~~~~~~~~~
      |                                                                                                 |
      |                                                                                                 long int
arm-none-eabi-gcc "../Src/sysmem.c" -mcpu=cortex-m4 -std=gnu11 -g3 -DDEBUG -DSTM32 -DSTM32F4 -DSTM32F446RETx -DNUCLEO_F446RE -c -I../Inc -I"/home/justjhst/바탕화면/self-balancing-robot/Buzz_Rover/bsp" -I"/home/justjhst/바탕화면/self-balancing-robot/Buzz_Rover/drivers/Inc" -I"/home/justjhst/바탕화면/self-balancing-robot/Buzz_Rover/app/Inc" -I"/home/justjhst/바탕화면/self-balancing-robot/Buzz_Rover/debug_app/Inc" -O0 -ffunction-sections -fdata-sections -Wall -fstack-usage -fcyclomatic-complexity -MMD -MP -MF"Src/sysmem.d" -MT"Src/sysmem.o" --specs=nano.specs -mfpu=fpv4-sp-d16 -mfloat-abi=hard -mthumb -o "Src/sysmem.o"
arm-none-eabi-gcc "../Src/system_stm32f4xx.c" -mcpu=cortex-m4 -std=gnu11 -g3 -DDEBUG -DSTM32 -DSTM32F4 -DSTM32F446RETx -DNUCLEO_F446RE -c -I../Inc -I"/home/justjhst/바탕화면/self-balancing-robot/Buzz_Rover/bsp" -I"/home/justjhst/바탕화면/self-balancing-robot/Buzz_Rover/drivers/Inc" -I"/home/justjhst/바탕화면/self-balancing-robot/Buzz_Rover/app/Inc" -I"/home/justjhst/바탕화면/self-balancing-robot/Buzz_Rover/debug_app/Inc" -O0 -ffunction-sections -fdata-sections -Wall -fstack-usage -fcyclomatic-complexity -MMD -MP -MF"Src/system_stm32f4xx.d" -MT"Src/system_stm32f4xx.o" --specs=nano.specs -mfpu=fpv4-sp-d16 -mfloat-abi=hard -mthumb -o "Src/system_stm32f4xx.o"
arm-none-eabi-gcc -o "Buzz_Rover.elf" @"objects.list"   -mcpu=cortex-m4 -T"/home/justjhst/바탕화면/self-balancing-robot/Buzz_Rover/STM32F446RETX_FLASH.ld" --specs=nosys.specs -Wl,-Map="Buzz_Rover.map" -Wl,--gc-sections -static --specs=nano.specs -mfpu=fpv4-sp-d16 -mfloat-abi=hard -mthumb -Wl,--start-group -lc -lm -Wl,--end-group
Finished building target: Buzz_Rover.elf
 
arm-none-eabi-size  Buzz_Rover.elf 
arm-none-eabi-objdump -h -S Buzz_Rover.elf  > "Buzz_Rover.list"
   text	   data	    bss	    dec	    hex	filename
   2824	      4	   1580	   4408	   1138	Buzz_Rover.elf
Finished building: default.size.stdout
 
Finished building: Buzz_Rover.list
 
00:54:34 **** Incremental Build of configuration Debug for project Buzz_Rover ****
make -j4 all 
arm-none-eabi-size  Buzz_Rover.elf 
   text	   data	    bss	    dec	    hex	filename
   2824	      4	   1580	   4408	   1138	Buzz_Rover.elf
Finished building: default.size.stdout
 
00:56:43 **** Incremental Build of configuration Debug for project Buzz_Rover ****
make -j4 all 
arm-none-eabi-size  Buzz_Rover.elf 
   text	   data	    bss	    dec	    hex	filename
   2824	      4	   1580	   4408	   1138	Buzz_Rover.elf
Finished building: default.size.stdout
 
00:58:55 **** Incremental Build of configuration Debug for project Buzz_Rover ****
make -j4 all 
arm-none-eabi-size  Buzz_Rover.elf 
   text	   data	    bss	    dec	    hex	filename
   2824	      4	   1580	   4408	   1138	Buzz_Rover.elf
Finished building: default.size.stdout
 
01:04:12 **** Incremental Build of configuration Debug for project Buzz_Rover ****
make -j4 all 
arm-none-eabi-size  Buzz_Rover.elf 
   text	   data	    bss	    dec	    hex	filename
   2824	      4	   1580	   4408	   1138	Buzz_Rover.elf
Finished building: default.size.stdout
 
01:06:46 **** Incremental Build of configuration Debug for project Buzz_Rover ****
make -j4 all 
arm-none-eabi-size  Buzz_Rover.elf 
   text	   data	    bss	    dec	    hex	filename
   2824	      4	   1580	   4408	   1138	Buzz_Rover.elf
Finished building: default.size.stdout
 
01:10:12 **** Incremental Build of configuration Debug for project Buzz_Rover ****
make -j4 all 
arm-none-eabi-gcc "../Src/main.c" -mcpu=cortex-m4 -std=gnu11 -g3 -DDEBUG -DSTM32 -DSTM32F4 -DSTM32F446RETx -DNUCLEO_F446RE -c -I../Inc -I"/home/justjhst/바탕화면/self-balancing-robot/Buzz_Rover/bsp" -I"/home/justjhst/바탕화면/self-balancing-robot/Buzz_Rover/drivers/Inc" -I"/home/justjhst/바탕화면/self-balancing-robot/Buzz_Rover/app/Inc" -I"/home/justjhst/바탕화면/self-balancing-robot/Buzz_Rover/debug_app/Inc" -O0 -ffunction-sections -fdata-sections -Wall -fstack-usage -fcyclomatic-complexity -MMD -MP -MF"Src/main.d" -MT"Src/main.o" --specs=nano.specs -mfpu=fpv4-sp-d16 -mfloat-abi=hard -mthumb -o "Src/main.o"
arm-none-eabi-gcc -o "Buzz_Rover.elf" @"objects.list"   -mcpu=cortex-m4 -T"/home/justjhst/바탕화면/self-balancing-robot/Buzz_Rover/STM32F446RETX_FLASH.ld" --specs=nosys.specs -Wl,-Map="Buzz_Rover.map" -Wl,--gc-sections -static --specs=nano.specs -mfpu=fpv4-sp-d16 -mfloat-abi=hard -mthumb -Wl,--start-group -lc -lm -Wl,--end-group
Finished building target: Buzz_Rover.elf
 
arm-none-eabi-size  Buzz_Rover.elf 
arm-none-eabi-objdump -h -S Buzz_Rover.elf  > "Buzz_Rover.list"
   text	   data	    bss	    dec	    hex	filename
   2900	      8	   1576	   4484	   1184	Buzz_Rover.elf
Finished building: default.size.stdout
 
Finished building: Buzz_Rover.list
 
01:10:18 **** Incremental Build of configuration Debug for project Buzz_Rover ****
make -j4 all 
arm-none-eabi-size  Buzz_Rover.elf 
   text	   data	    bss	    dec	    hex	filename
   2900	      8	   1576	   4484	   1184	Buzz_Rover.elf
Finished building: default.size.stdout
 
01:15:49 **** Incremental Build of configuration Debug for project Buzz_Rover ****
make -j4 all 
arm-none-eabi-gcc "../Src/main.c" -mcpu=cortex-m4 -std=gnu11 -g3 -DDEBUG -DSTM32 -DSTM32F4 -DSTM32F446RETx -DNUCLEO_F446RE -c -I../Inc -I"/home/justjhst/바탕화면/self-balancing-robot/Buzz_Rover/bsp" -I"/home/justjhst/바탕화면/self-balancing-robot/Buzz_Rover/drivers/Inc" -I"/home/justjhst/바탕화면/self-balancing-robot/Buzz_Rover/app/Inc" -I"/home/justjhst/바탕화면/self-balancing-robot/Buzz_Rover/debug_app/Inc" -O0 -ffunction-sections -fdata-sections -Wall -fstack-usage -fcyclomatic-complexity -MMD -MP -MF"Src/main.d" -MT"Src/main.o" --specs=nano.specs -mfpu=fpv4-sp-d16 -mfloat-abi=hard -mthumb -o "Src/main.o"
arm-none-eabi-gcc -o "Buzz_Rover.elf" @"objects.list"   -mcpu=cortex-m4 -T"/home/justjhst/바탕화면/self-balancing-robot/Buzz_Rover/STM32F446RETX_FLASH.ld" --specs=nosys.specs -Wl,-Map="Buzz_Rover.map" -Wl,--gc-sections -static --specs=nano.specs -mfpu=fpv4-sp-d16 -mfloat-abi=hard -mthumb -Wl,--start-group -lc -lm -Wl,--end-group
Finished building target: Buzz_Rover.elf
 
arm-none-eabi-size  Buzz_Rover.elf 
arm-none-eabi-objdump -h -S Buzz_Rover.elf  > "Buzz_Rover.list"
   text	   data	    bss	    dec	    hex	filename
   2900	      8	   1576	   4484	   1184	Buzz_Rover.elf
Finished building: default.size.stdout
 
Finished building: Buzz_Rover.list
 
01:15:52 **** Incremental Build of configuration Debug for project Buzz_Rover ****
make -j4 all 
arm-none-eabi-size  Buzz_Rover.elf 
   text	   data	    bss	    dec	    hex	filename
   2900	      8	   1576	   4484	   1184	Buzz_Rover.elf
Finished building: default.size.stdout
 
01:23:15 **** Incremental Build of configuration Debug for project Buzz_Rover ****
make -j4 all 
arm-none-eabi-gcc "../Src/main.c" -mcpu=cortex-m4 -std=gnu11 -g3 -DDEBUG -DSTM32 -DSTM32F4 -DSTM32F446RETx -DNUCLEO_F446RE -c -I../Inc -I"/home/justjhst/바탕화면/self-balancing-robot/Buzz_Rover/bsp" -I"/home/justjhst/바탕화면/self-balancing-robot/Buzz_Rover/drivers/Inc" -I"/home/justjhst/바탕화면/self-balancing-robot/Buzz_Rover/app/Inc" -I"/home/justjhst/바탕화면/self-balancing-robot/Buzz_Rover/debug_app/Inc" -O0 -ffunction-sections -fdata-sections -Wall -fstack-usage -fcyclomatic-complexity -MMD -MP -MF"Src/main.d" -MT"Src/main.o" --specs=nano.specs -mfpu=fpv4-sp-d16 -mfloat-abi=hard -mthumb -o "Src/main.o"
arm-none-eabi-gcc -o "Buzz_Rover.elf" @"objects.list"   -mcpu=cortex-m4 -T"/home/justjhst/바탕화면/self-balancing-robot/Buzz_Rover/STM32F446RETX_FLASH.ld" --specs=nosys.specs -Wl,-Map="Buzz_Rover.map" -Wl,--gc-sections -static --specs=nano.specs -mfpu=fpv4-sp-d16 -mfloat-abi=hard -mthumb -Wl,--start-group -lc -lm -Wl,--end-group
Finished building target: Buzz_Rover.elf
 
arm-none-eabi-size  Buzz_Rover.elf 
arm-none-eabi-objdump -h -S Buzz_Rover.elf  > "Buzz_Rover.list"
   text	   data	    bss	    dec	    hex	filename
   2916	      8	   1576	   4500	   1194	Buzz_Rover.elf
Finished building: default.size.stdout
 
Finished building: Buzz_Rover.list
 
01:23:20 **** Incremental Build of configuration Debug for project Buzz_Rover ****
make -j4 all 
arm-none-eabi-size  Buzz_Rover.elf 
   text	   data	    bss	    dec	    hex	filename
   2916	      8	   1576	   4500	   1194	Buzz_Rover.elf
Finished building: default.size.stdout
 
01:29:29 **** Incremental Build of configuration Debug for project Buzz_Rover ****
make -j4 all 
arm-none-eabi-gcc "../Src/main.c" -mcpu=cortex-m4 -std=gnu11 -g3 -DDEBUG -DSTM32 -DSTM32F4 -DSTM32F446RETx -DNUCLEO_F446RE -c -I../Inc -I"/home/justjhst/바탕화면/self-balancing-robot/Buzz_Rover/bsp" -I"/home/justjhst/바탕화면/self-balancing-robot/Buzz_Rover/drivers/Inc" -I"/home/justjhst/바탕화면/self-balancing-robot/Buzz_Rover/app/Inc" -I"/home/justjhst/바탕화면/self-balancing-robot/Buzz_Rover/debug_app/Inc" -O0 -ffunction-sections -fdata-sections -Wall -fstack-usage -fcyclomatic-complexity -MMD -MP -MF"Src/main.d" -MT"Src/main.o" --specs=nano.specs -mfpu=fpv4-sp-d16 -mfloat-abi=hard -mthumb -o "Src/main.o"
arm-none-eabi-gcc -o "Buzz_Rover.elf" @"objects.list"   -mcpu=cortex-m4 -T"/home/justjhst/바탕화면/self-balancing-robot/Buzz_Rover/STM32F446RETX_FLASH.ld" --specs=nosys.specs -Wl,-Map="Buzz_Rover.map" -Wl,--gc-sections -static --specs=nano.specs -mfpu=fpv4-sp-d16 -mfloat-abi=hard -mthumb -Wl,--start-group -lc -lm -Wl,--end-group
Finished building target: Buzz_Rover.elf
 
arm-none-eabi-size  Buzz_Rover.elf 
arm-none-eabi-objdump -h -S Buzz_Rover.elf  > "Buzz_Rover.list"
   text	   data	    bss	    dec	    hex	filename
   2916	      8	   1576	   4500	   1194	Buzz_Rover.elf
Finished building: default.size.stdout
 
Finished building: Buzz_Rover.list
 
01:29:36 **** Incremental Build of configuration Debug for project Buzz_Rover ****
make -j4 all 
arm-none-eabi-size  Buzz_Rover.elf 
   text	   data	    bss	    dec	    hex	filename
   2916	      8	   1576	   4500	   1194	Buzz_Rover.elf
Finished building: default.size.stdout
 
23:28:25 **** Incremental Build of configuration Debug for project Buzz_Rover ****
make -j4 all 
arm-none-eabi-gcc "../Src/main.c" -mcpu=cortex-m4 -std=gnu11 -g3 -DDEBUG -DSTM32 -DSTM32F4 -DSTM32F446RETx -DNUCLEO_F446RE -c -I../Inc -I"/home/justjhst/바탕화면/self-balancing-robot/Buzz_Rover/bsp" -I"/home/justjhst/바탕화면/self-balancing-robot/Buzz_Rover/drivers/Inc" -I"/home/justjhst/바탕화면/self-balancing-robot/Buzz_Rover/app/Inc" -I"/home/justjhst/바탕화면/self-balancing-robot/Buzz_Rover/debug_app/Inc" -O0 -ffunction-sections -fdata-sections -Wall -fstack-usage -fcyclomatic-complexity -MMD -MP -MF"Src/main.d" -MT"Src/main.o" --specs=nano.specs -mfpu=fpv4-sp-d16 -mfloat-abi=hard -mthumb -o "Src/main.o"
arm-none-eabi-gcc -o "Buzz_Rover.elf" @"objects.list"   -mcpu=cortex-m4 -T"/home/justjhst/바탕화면/self-balancing-robot/Buzz_Rover/STM32F446RETX_FLASH.ld" --specs=nosys.specs -Wl,-Map="Buzz_Rover.map" -Wl,--gc-sections -static --specs=nano.specs -mfpu=fpv4-sp-d16 -mfloat-abi=hard -mthumb -Wl,--start-group -lc -lm -Wl,--end-group
Finished building target: Buzz_Rover.elf
 
arm-none-eabi-size  Buzz_Rover.elf 
arm-none-eabi-objdump -h -S Buzz_Rover.elf  > "Buzz_Rover.list"
   text	   data	    bss	    dec	    hex	filename
   2820	      8	   1576	   4404	   1134	Buzz_Rover.elf
Finished building: default.size.stdout
 
Finished building: Buzz_Rover.list
 
23:31:14 **** Incremental Build of configuration Debug for project Buzz_Rover ****
make -j4 all 
arm-none-eabi-size  Buzz_Rover.elf 
   text	   data	    bss	    dec	    hex	filename
   2820	      8	   1576	   4404	   1134	Buzz_Rover.elf
Finished building: default.size.stdout
 
23:31:24 **** Incremental Build of configuration Debug for project Buzz_Rover ****
make -j4 all 
arm-none-eabi-size  Buzz_Rover.elf 
   text	   data	    bss	    dec	    hex	filename
   2820	      8	   1576	   4404	   1134	Buzz_Rover.elf
Finished building: default.size.stdout
 
23:34:06 **** Incremental Build of configuration Debug for project Buzz_Rover ****
make -j4 all 
arm-none-eabi-gcc "../Src/main.c" -mcpu=cortex-m4 -std=gnu11 -g3 -DDEBUG -DSTM32 -DSTM32F4 -DSTM32F446RETx -DNUCLEO_F446RE -c -I../Inc -I"/home/justjhst/바탕화면/self-balancing-robot/Buzz_Rover/bsp" -I"/home/justjhst/바탕화면/self-balancing-robot/Buzz_Rover/drivers/Inc" -I"/home/justjhst/바탕화면/self-balancing-robot/Buzz_Rover/app/Inc" -I"/home/justjhst/바탕화면/self-balancing-robot/Buzz_Rover/debug_app/Inc" -O0 -ffunction-sections -fdata-sections -Wall -fstack-usage -fcyclomatic-complexity -MMD -MP -MF"Src/main.d" -MT"Src/main.o" --specs=nano.specs -mfpu=fpv4-sp-d16 -mfloat-abi=hard -mthumb -o "Src/main.o"
arm-none-eabi-gcc -o "Buzz_Rover.elf" @"objects.list"   -mcpu=cortex-m4 -T"/home/justjhst/바탕화면/self-balancing-robot/Buzz_Rover/STM32F446RETX_FLASH.ld" --specs=nosys.specs -Wl,-Map="Buzz_Rover.map" -Wl,--gc-sections -static --specs=nano.specs -mfpu=fpv4-sp-d16 -mfloat-abi=hard -mthumb -Wl,--start-group -lc -lm -Wl,--end-group
Finished building target: Buzz_Rover.elf
 
arm-none-eabi-size  Buzz_Rover.elf 
arm-none-eabi-objdump -h -S Buzz_Rover.elf  > "Buzz_Rover.list"
   text	   data	    bss	    dec	    hex	filename
   2820	      8	   1576	   4404	   1134	Buzz_Rover.elf
Finished building: default.size.stdout
 
Finished building: Buzz_Rover.list
 
23:34:15 **** Incremental Build of configuration Debug for project Buzz_Rover ****
make -j4 all 
arm-none-eabi-size  Buzz_Rover.elf 
   text	   data	    bss	    dec	    hex	filename
   2820	      8	   1576	   4404	   1134	Buzz_Rover.elf
Finished building: default.size.stdout
 
