01:34:54 **** Build of configuration Debug for project Buzz_Rover ****
make -j4 all 
arm-none-eabi-gcc -mcpu=cortex-m4 -g3 -DDEBUG -c -x assembler-with-cpp -MMD -MP -MF"Startup/startup_stm32f446retx.d" -MT"Startup/startup_stm32f446retx.o" --specs=nano.specs -mfpu=fpv4-sp-d16 -mfloat-abi=hard -mthumb -o "Startup/startup_stm32f446retx.o" "../Startup/startup_stm32f446retx.s"
arm-none-eabi-gcc "../Src/main.c" -mcpu=cortex-m4 -std=gnu11 -g3 -DDEBUG -DSTM32 -DSTM32F4 -DSTM32F446RETx -DNUCLEO_F446RE -c -I../Inc -I"/home/justjhst/바탕화면/self-balancing-robot/Buzz_Rover/bsp" -I"/home/justjhst/바탕화면/self-balancing-robot/Buzz_Rover/drivers/Inc" -I"/home/justjhst/바탕화면/self-balancing-robot/Buzz_Rover/app/Inc" -I"/home/justjhst/바탕화면/self-balancing-robot/Buzz_Rover/debug_app/Inc" -O0 -ffunction-sections -fdata-sections -Wall -fstack-usage -fcyclomatic-complexity -MMD -MP -MF"Src/main.d" -MT"Src/main.o" --specs=nano.specs -mfpu=fpv4-sp-d16 -mfloat-abi=hard -mthumb -o "Src/main.o"
arm-none-eabi-gcc "../Src/syscalls.c" -mcpu=cortex-m4 -std=gnu11 -g3 -DDEBUG -DSTM32 -DSTM32F4 -DSTM32F446RETx -DNUCLEO_F446RE -c -I../Inc -I"/home/justjhst/바탕화면/self-balancing-robot/Buzz_Rover/bsp" -I"/home/justjhst/바탕화면/self-balancing-robot/Buzz_Rover/drivers/Inc" -I"/home/justjhst/바탕화면/self-balancing-robot/Buzz_Rover/app/Inc" -I"/home/justjhst/바탕화면/self-balancing-robot/Buzz_Rover/debug_app/Inc" -O0 -ffunction-sections -fdata-sections -Wall -fstack-usage -fcyclomatic-complexity -MMD -MP -MF"Src/syscalls.d" -MT"Src/syscalls.o" --specs=nano.specs -mfpu=fpv4-sp-d16 -mfloat-abi=hard -mthumb -o "Src/syscalls.o"
arm-none-eabi-gcc "../Src/sysmem.c" -mcpu=cortex-m4 -std=gnu11 -g3 -DDEBUG -DSTM32 -DSTM32F4 -DSTM32F446RETx -DNUCLEO_F446RE -c -I../Inc -I"/home/justjhst/바탕화면/self-balancing-robot/Buzz_Rover/bsp" -I"/home/justjhst/바탕화면/self-balancing-robot/Buzz_Rover/drivers/Inc" -I"/home/justjhst/바탕화면/self-balancing-robot/Buzz_Rover/app/Inc" -I"/home/justjhst/바탕화면/self-balancing-robot/Buzz_Rover/debug_app/Inc" -O0 -ffunction-sections -fdata-sections -Wall -fstack-usage -fcyclomatic-complexity -MMD -MP -MF"Src/sysmem.d" -MT"Src/sysmem.o" --specs=nano.specs -mfpu=fpv4-sp-d16 -mfloat-abi=hard -mthumb -o "Src/sysmem.o"
../Src/main.c:22:4: warning: #warning "FPU is not initialized, but the project is compiling for an FPU. Please initialize the FPU before use." [-Wcpp]
   22 |   #warning "FPU is not initialized, but the project is compiling for an FPU. Please initialize the FPU before use."
      |    ^~~~~~~
arm-none-eabi-gcc -o "Buzz_Rover.elf" @"objects.list"   -mcpu=cortex-m4 -T"/home/justjhst/바탕화면/self-balancing-robot/Buzz_Rover/STM32F446RETX_FLASH.ld" --specs=nosys.specs -Wl,-Map="Buzz_Rover.map" -Wl,--gc-sections -static --specs=nano.specs -mfpu=fpv4-sp-d16 -mfloat-abi=hard -mthumb -Wl,--start-group -lc -lm -Wl,--end-group
Finished building target: Buzz_Rover.elf
 
arm-none-eabi-size  Buzz_Rover.elf 
arm-none-eabi-objdump -h -S Buzz_Rover.elf  > "Buzz_Rover.list"
   text	   data	    bss	    dec	    hex	filename
    712	      0	   1568	   2280	    8e8	Buzz_Rover.elf
Finished building: default.size.stdout
Finished building: Buzz_Rover.list
 
 
16:41:04 **** Incremental Build of configuration Debug for project Buzz_Rover ****
make -j4 all 
arm-none-eabi-size  Buzz_Rover.elf 
   text	   data	    bss	    dec	    hex	filename
    712	      0	   1568	   2280	    8e8	Buzz_Rover.elf
Finished building: default.size.stdout
 
16:46:55 **** Incremental Build of configuration Debug for project Buzz_Rover ****
make -j4 all 
arm-none-eabi-size  Buzz_Rover.elf 
   text	   data	    bss	    dec	    hex	filename
    712	      0	   1568	   2280	    8e8	Buzz_Rover.elf
Finished building: default.size.stdout
 
18:30:47 **** Incremental Build of configuration Debug for project Buzz_Rover ****
make -j4 all 
arm-none-eabi-size  Buzz_Rover.elf 
   text	   data	    bss	    dec	    hex	filename
    712	      0	   1568	   2280	    8e8	Buzz_Rover.elf
Finished building: default.size.stdout
 
18:55:06 **** Incremental Build of configuration Debug for project Buzz_Rover ****
make -j4 all 
arm-none-eabi-size  Buzz_Rover.elf 
   text	   data	    bss	    dec	    hex	filename
    712	      0	   1568	   2280	    8e8	Buzz_Rover.elf
Finished building: default.size.stdout
 
19:02:50 **** Incremental Build of configuration Debug for project Buzz_Rover ****
make -j4 all 
arm-none-eabi-size  Buzz_Rover.elf 
   text	   data	    bss	    dec	    hex	filename
    712	      0	   1568	   2280	    8e8	Buzz_Rover.elf
Finished building: default.size.stdout
 
19:05:26 **** Incremental Build of configuration Debug for project Buzz_Rover ****
make -j4 all 
arm-none-eabi-size  Buzz_Rover.elf 
   text	   data	    bss	    dec	    hex	filename
    712	      0	   1568	   2280	    8e8	Buzz_Rover.elf
Finished building: default.size.stdout
 
19:09:17 **** Incremental Build of configuration Debug for project Buzz_Rover ****
make -j4 all 
arm-none-eabi-gcc "../Src/main.c" -mcpu=cortex-m4 -std=gnu11 -g3 -DDEBUG -DSTM32 -DSTM32F4 -DSTM32F446RETx -DNUCLEO_F446RE -c -I../Inc -I"/home/justjhst/바탕화면/self-balancing-robot/Buzz_Rover/bsp" -I"/home/justjhst/바탕화면/self-balancing-robot/Buzz_Rover/drivers/Inc" -I"/home/justjhst/바탕화면/self-balancing-robot/Buzz_Rover/app/Inc" -I"/home/justjhst/바탕화면/self-balancing-robot/Buzz_Rover/debug_app/Inc" -O0 -ffunction-sections -fdata-sections -Wall -fstack-usage -fcyclomatic-complexity -MMD -MP -MF"Src/main.d" -MT"Src/main.o" --specs=nano.specs -mfpu=fpv4-sp-d16 -mfloat-abi=hard -mthumb -o "Src/main.o"
arm-none-eabi-gcc -o "Buzz_Rover.elf" @"objects.list"   -mcpu=cortex-m4 -T"/home/justjhst/바탕화면/self-balancing-robot/Buzz_Rover/STM32F446RETX_FLASH.ld" --specs=nosys.specs -Wl,-Map="Buzz_Rover.map" -Wl,--gc-sections -static --specs=nano.specs -mfpu=fpv4-sp-d16 -mfloat-abi=hard -mthumb -Wl,--start-group -lc -lm -Wl,--end-group
/opt/st/stm32cubeide_2.0.0/plugins/com.st.stm32cube.ide.mcu.externaltools.gnu-tools-for-stm32.13.3.rel1.linux64_1.0.100.202509120712/tools/bin/../lib/gcc/arm-none-eabi/13.3.1/../../../../arm-none-eabi/bin/ld: ./Src/main.o: in function `I2C1_ER_IRQHandler':
/home/justjhst/바탕화면/self-balancing-robot/Buzz_Rover/Debug/../Src/main.c:55:(.text.I2C1_ER_IRQHandler+0x6): undefined reference to `I2C_ER_IRQHandling'
/opt/st/stm32cubeide_2.0.0/plugins/com.st.stm32cube.ide.mcu.externaltools.gnu-tools-for-stm32.13.3.rel1.linux64_1.0.100.202509120712/tools/bin/../lib/gcc/arm-none-eabi/13.3.1/../../../../arm-none-eabi/bin/ld: ./Src/main.o: in function `main':
/home/justjhst/바탕화면/self-balancing-robot/Buzz_Rover/Debug/../Src/main.c:64:(.text.main+0x24): undefined reference to `SysTick_Init'
/opt/st/stm32cubeide_2.0.0/plugins/com.st.stm32cube.ide.mcu.externaltools.gnu-tools-for-stm32.13.3.rel1.linux64_1.0.100.202509120712/tools/bin/../lib/gcc/arm-none-eabi/13.3.1/../../../../arm-none-eabi/bin/ld: /home/justjhst/바탕화면/self-balancing-robot/Buzz_Rover/Debug/../Src/main.c:66:(.text.main+0x2c): undefined reference to `GPIO_PeriClockControl'
/opt/st/stm32cubeide_2.0.0/plugins/com.st.stm32cube.ide.mcu.externaltools.gnu-tools-for-stm32.13.3.rel1.linux64_1.0.100.202509120712/tools/bin/../lib/gcc/arm-none-eabi/13.3.1/../../../../arm-none-eabi/bin/ld: /home/justjhst/바탕화면/self-balancing-robot/Buzz_Rover/Debug/../Src/main.c:77:(.text.main+0x58): undefined reference to `GPIO_Init'
/opt/st/stm32cubeide_2.0.0/plugins/com.st.stm32cube.ide.mcu.externaltools.gnu-tools-for-stm32.13.3.rel1.linux64_1.0.100.202509120712/tools/bin/../lib/gcc/arm-none-eabi/13.3.1/../../../../arm-none-eabi/bin/ld: /home/justjhst/바탕화면/self-balancing-robot/Buzz_Rover/Debug/../Src/main.c:79:(.text.main+0x60): undefined reference to `GPIO_PeriClockControl'
/opt/st/stm32cubeide_2.0.0/plugins/com.st.stm32cube.ide.mcu.externaltools.gnu-tools-for-stm32.13.3.rel1.linux64_1.0.100.202509120712/tools/bin/../lib/gcc/arm-none-eabi/13.3.1/../../../../arm-none-eabi/bin/ld: /home/justjhst/바탕화면/self-balancing-robot/Buzz_Rover/Debug/../Src/main.c:90:(.text.main+0x92): undefined reference to `GPIO_Init'
/opt/st/stm32cubeide_2.0.0/plugins/com.st.stm32cube.ide.mcu.externaltools.gnu-tools-for-stm32.13.3.rel1.linux64_1.0.100.202509120712/tools/bin/../lib/gcc/arm-none-eabi/13.3.1/../../../../arm-none-eabi/bin/ld: /home/justjhst/바탕화면/self-balancing-robot/Buzz_Rover/Debug/../Src/main.c:93:(.text.main+0xa2): undefined reference to `GPIO_Init'
/opt/st/stm32cubeide_2.0.0/plugins/com.st.stm32cube.ide.mcu.externaltools.gnu-tools-for-stm32.13.3.rel1.linux64_1.0.100.202509120712/tools/bin/../lib/gcc/arm-none-eabi/13.3.1/../../../../arm-none-eabi/bin/ld: /home/justjhst/바탕화면/self-balancing-robot/Buzz_Rover/Debug/../Src/main.c:103:(.text.main+0xd4): undefined reference to `I2C_Init'
/opt/st/stm32cubeide_2.0.0/plugins/com.st.stm32cube.ide.mcu.externaltools.gnu-tools-for-stm32.13.3.rel1.linux64_1.0.100.202509120712/tools/bin/../lib/gcc/arm-none-eabi/13.3.1/../../../../arm-none-eabi/bin/ld: /home/justjhst/바탕화면/self-balancing-robot/Buzz_Rover/Debug/../Src/main.c:105:(.text.main+0xde): undefined reference to `GPIO_IRQConfig'
/opt/st/stm32cubeide_2.0.0/plugins/com.st.stm32cube.ide.mcu.externaltools.gnu-tools-for-stm32.13.3.rel1.linux64_1.0.100.202509120712/tools/bin/../lib/gcc/arm-none-eabi/13.3.1/../../../../arm-none-eabi/bin/ld: /home/justjhst/바탕화면/self-balancing-robot/Buzz_Rover/Debug/../Src/main.c:107:(.text.main+0xe6): undefined reference to `I2C_PeripheralControl'
/opt/st/stm32cubeide_2.0.0/plugins/com.st.stm32cube.ide.mcu.externaltools.gnu-tools-for-stm32.13.3.rel1.linux64_1.0.100.202509120712/tools/bin/../lib/gcc/arm-none-eabi/13.3.1/../../../../arm-none-eabi/bin/ld: /home/justjhst/바탕화면/self-balancing-robot/Buzz_Rover/Debug/../Src/main.c:109:(.text.main+0xec): undefined reference to `I2C_AddressScan'
collect2: error: ld returned 1 exit status
make: *** [makefile:63: Buzz_Rover.elf] Error 1
"make -j4 all" terminated with exit code 2. Build might be incomplete.
19:11:01 **** Incremental Build of configuration Debug for project Buzz_Rover ****
make -j4 all 
arm-none-eabi-gcc -o "Buzz_Rover.elf" @"objects.list"   -mcpu=cortex-m4 -T"/home/justjhst/바탕화면/self-balancing-robot/Buzz_Rover/STM32F446RETX_FLASH.ld" --specs=nosys.specs -Wl,-Map="Buzz_Rover.map" -Wl,--gc-sections -static --specs=nano.specs -mfpu=fpv4-sp-d16 -mfloat-abi=hard -mthumb -Wl,--start-group -lc -lm -Wl,--end-group
/opt/st/stm32cubeide_2.0.0/plugins/com.st.stm32cube.ide.mcu.externaltools.gnu-tools-for-stm32.13.3.rel1.linux64_1.0.100.202509120712/tools/bin/../lib/gcc/arm-none-eabi/13.3.1/../../../../arm-none-eabi/bin/ld: ./Src/main.o: in function `I2C1_ER_IRQHandler':
/home/justjhst/바탕화면/self-balancing-robot/Buzz_Rover/Debug/../Src/main.c:55:(.text.I2C1_ER_IRQHandler+0x6): undefined reference to `I2C_ER_IRQHandling'
/opt/st/stm32cubeide_2.0.0/plugins/com.st.stm32cube.ide.mcu.externaltools.gnu-tools-for-stm32.13.3.rel1.linux64_1.0.100.202509120712/tools/bin/../lib/gcc/arm-none-eabi/13.3.1/../../../../arm-none-eabi/bin/ld: ./Src/main.o: in function `main':
/home/justjhst/바탕화면/self-balancing-robot/Buzz_Rover/Debug/../Src/main.c:64:(.text.main+0x24): undefined reference to `SysTick_Init'
/opt/st/stm32cubeide_2.0.0/plugins/com.st.stm32cube.ide.mcu.externaltools.gnu-tools-for-stm32.13.3.rel1.linux64_1.0.100.202509120712/tools/bin/../lib/gcc/arm-none-eabi/13.3.1/../../../../arm-none-eabi/bin/ld: /home/justjhst/바탕화면/self-balancing-robot/Buzz_Rover/Debug/../Src/main.c:66:(.text.main+0x2c): undefined reference to `GPIO_PeriClockControl'
/opt/st/stm32cubeide_2.0.0/plugins/com.st.stm32cube.ide.mcu.externaltools.gnu-tools-for-stm32.13.3.rel1.linux64_1.0.100.202509120712/tools/bin/../lib/gcc/arm-none-eabi/13.3.1/../../../../arm-none-eabi/bin/ld: /home/justjhst/바탕화면/self-balancing-robot/Buzz_Rover/Debug/../Src/main.c:77:(.text.main+0x58): undefined reference to `GPIO_Init'
/opt/st/stm32cubeide_2.0.0/plugins/com.st.stm32cube.ide.mcu.externaltools.gnu-tools-for-stm32.13.3.rel1.linux64_1.0.100.202509120712/tools/bin/../lib/gcc/arm-none-eabi/13.3.1/../../../../arm-none-eabi/bin/ld: /home/justjhst/바탕화면/self-balancing-robot/Buzz_Rover/Debug/../Src/main.c:79:(.text.main+0x60): undefined reference to `GPIO_PeriClockControl'
/opt/st/stm32cubeide_2.0.0/plugins/com.st.stm32cube.ide.mcu.externaltools.gnu-tools-for-stm32.13.3.rel1.linux64_1.0.100.202509120712/tools/bin/../lib/gcc/arm-none-eabi/13.3.1/../../../../arm-none-eabi/bin/ld: /home/justjhst/바탕화면/self-balancing-robot/Buzz_Rover/Debug/../Src/main.c:90:(.text.main+0x92): undefined reference to `GPIO_Init'
/opt/st/stm32cubeide_2.0.0/plugins/com.st.stm32cube.ide.mcu.externaltools.gnu-tools-for-stm32.13.3.rel1.linux64_1.0.100.202509120712/tools/bin/../lib/gcc/arm-none-eabi/13.3.1/../../../../arm-none-eabi/bin/ld: /home/justjhst/바탕화면/self-balancing-robot/Buzz_Rover/Debug/../Src/main.c:93:(.text.main+0xa2): undefined reference to `GPIO_Init'
/opt/st/stm32cubeide_2.0.0/plugins/com.st.stm32cube.ide.mcu.externaltools.gnu-tools-for-stm32.13.3.rel1.linux64_1.0.100.202509120712/tools/bin/../lib/gcc/arm-none-eabi/13.3.1/../../../../arm-none-eabi/bin/ld: /home/justjhst/바탕화면/self-balancing-robot/Buzz_Rover/Debug/../Src/main.c:103:(.text.main+0xd4): undefined reference to `I2C_Init'
/opt/st/stm32cubeide_2.0.0/plugins/com.st.stm32cube.ide.mcu.externaltools.gnu-tools-for-stm32.13.3.rel1.linux64_1.0.100.202509120712/tools/bin/../lib/gcc/arm-none-eabi/13.3.1/../../../../arm-none-eabi/bin/ld: /home/justjhst/바탕화면/self-balancing-robot/Buzz_Rover/Debug/../Src/main.c:105:(.text.main+0xde): undefined reference to `GPIO_IRQConfig'
/opt/st/stm32cubeide_2.0.0/plugins/com.st.stm32cube.ide.mcu.externaltools.gnu-tools-for-stm32.13.3.rel1.linux64_1.0.100.202509120712/tools/bin/../lib/gcc/arm-none-eabi/13.3.1/../../../../arm-none-eabi/bin/ld: /home/justjhst/바탕화면/self-balancing-robot/Buzz_Rover/Debug/../Src/main.c:107:(.text.main+0xe6): undefined reference to `I2C_PeripheralControl'
/opt/st/stm32cubeide_2.0.0/plugins/com.st.stm32cube.ide.mcu.externaltools.gnu-tools-for-stm32.13.3.rel1.linux64_1.0.100.202509120712/tools/bin/../lib/gcc/arm-none-eabi/13.3.1/../../../../arm-none-eabi/bin/ld: /home/justjhst/바탕화면/self-balancing-robot/Buzz_Rover/Debug/../Src/main.c:109:(.text.main+0xec): undefined reference to `I2C_AddressScan'
collect2: error: ld returned 1 exit status
make: *** [makefile:63: Buzz_Rover.elf] Error 1
"make -j4 all" terminated with exit code 2. Build might be incomplete.
19:13:14 **** Incremental Build of configuration Debug for project Buzz_Rover ****
make -j4 all 
arm-none-eabi-gcc "../Src/main.c" -mcpu=cortex-m4 -std=gnu11 -g3 -DDEBUG -DSTM32 -DSTM32F4 -DSTM32F446RETx -DNUCLEO_F446RE -c -I../Inc -I"/home/justjhst/바탕화면/self-balancing-robot/Buzz_Rover/bsp" -I"/home/justjhst/바탕화면/self-balancing-robot/Buzz_Rover/drivers/Inc" -I"/home/justjhst/바탕화면/self-balancing-robot/Buzz_Rover/app/Inc" -I"/home/justjhst/바탕화면/self-balancing-robot/Buzz_Rover/debug_app/Inc" -O0 -ffunction-sections -fdata-sections -Wall -fstack-usage -fcyclomatic-complexity -MMD -MP -MF"Src/main.d" -MT"Src/main.o" --specs=nano.specs -mfpu=fpv4-sp-d16 -mfloat-abi=hard -mthumb -o "Src/main.o"
arm-none-eabi-gcc -o "Buzz_Rover.elf" @"objects.list"   -mcpu=cortex-m4 -T"/home/justjhst/바탕화면/self-balancing-robot/Buzz_Rover/STM32F446RETX_FLASH.ld" --specs=nosys.specs -Wl,-Map="Buzz_Rover.map" -Wl,--gc-sections -static --specs=nano.specs -mfpu=fpv4-sp-d16 -mfloat-abi=hard -mthumb -Wl,--start-group -lc -lm -Wl,--end-group
/opt/st/stm32cubeide_2.0.0/plugins/com.st.stm32cube.ide.mcu.externaltools.gnu-tools-for-stm32.13.3.rel1.linux64_1.0.100.202509120712/tools/bin/../lib/gcc/arm-none-eabi/13.3.1/../../../../arm-none-eabi/bin/ld: ./Src/main.o: in function `I2C1_ER_IRQHandler':
/home/justjhst/바탕화면/self-balancing-robot/Buzz_Rover/Debug/../Src/main.c:56:(.text.I2C1_ER_IRQHandler+0x6): undefined reference to `I2C_ER_IRQHandling'
/opt/st/stm32cubeide_2.0.0/plugins/com.st.stm32cube.ide.mcu.externaltools.gnu-tools-for-stm32.13.3.rel1.linux64_1.0.100.202509120712/tools/bin/../lib/gcc/arm-none-eabi/13.3.1/../../../../arm-none-eabi/bin/ld: ./Src/main.o: in function `main':
/home/justjhst/바탕화면/self-balancing-robot/Buzz_Rover/Debug/../Src/main.c:65:(.text.main+0x24): undefined reference to `SysTick_Init'
/opt/st/stm32cubeide_2.0.0/plugins/com.st.stm32cube.ide.mcu.externaltools.gnu-tools-for-stm32.13.3.rel1.linux64_1.0.100.202509120712/tools/bin/../lib/gcc/arm-none-eabi/13.3.1/../../../../arm-none-eabi/bin/ld: /home/justjhst/바탕화면/self-balancing-robot/Buzz_Rover/Debug/../Src/main.c:67:(.text.main+0x2c): undefined reference to `GPIO_PeriClockControl'
/opt/st/stm32cubeide_2.0.0/plugins/com.st.stm32cube.ide.mcu.externaltools.gnu-tools-for-stm32.13.3.rel1.linux64_1.0.100.202509120712/tools/bin/../lib/gcc/arm-none-eabi/13.3.1/../../../../arm-none-eabi/bin/ld: /home/justjhst/바탕화면/self-balancing-robot/Buzz_Rover/Debug/../Src/main.c:78:(.text.main+0x58): undefined reference to `GPIO_Init'
/opt/st/stm32cubeide_2.0.0/plugins/com.st.stm32cube.ide.mcu.externaltools.gnu-tools-for-stm32.13.3.rel1.linux64_1.0.100.202509120712/tools/bin/../lib/gcc/arm-none-eabi/13.3.1/../../../../arm-none-eabi/bin/ld: /home/justjhst/바탕화면/self-balancing-robot/Buzz_Rover/Debug/../Src/main.c:80:(.text.main+0x60): undefined reference to `GPIO_PeriClockControl'
/opt/st/stm32cubeide_2.0.0/plugins/com.st.stm32cube.ide.mcu.externaltools.gnu-tools-for-stm32.13.3.rel1.linux64_1.0.100.202509120712/tools/bin/../lib/gcc/arm-none-eabi/13.3.1/../../../../arm-none-eabi/bin/ld: /home/justjhst/바탕화면/self-balancing-robot/Buzz_Rover/Debug/../Src/main.c:91:(.text.main+0x92): undefined reference to `GPIO_Init'
/opt/st/stm32cubeide_2.0.0/plugins/com.st.stm32cube.ide.mcu.externaltools.gnu-tools-for-stm32.13.3.rel1.linux64_1.0.100.202509120712/tools/bin/../lib/gcc/arm-none-eabi/13.3.1/../../../../arm-none-eabi/bin/ld: /home/justjhst/바탕화면/self-balancing-robot/Buzz_Rover/Debug/../Src/main.c:94:(.text.main+0xa2): undefined reference to `GPIO_Init'
/opt/st/stm32cubeide_2.0.0/plugins/com.st.stm32cube.ide.mcu.externaltools.gnu-tools-for-stm32.13.3.rel1.linux64_1.0.100.202509120712/tools/bin/../lib/gcc/arm-none-eabi/13.3.1/../../../../arm-none-eabi/bin/ld: /home/justjhst/바탕화면/self-balancing-robot/Buzz_Rover/Debug/../Src/main.c:104:(.text.main+0xd4): undefined reference to `I2C_Init'
/opt/st/stm32cubeide_2.0.0/plugins/com.st.stm32cube.ide.mcu.externaltools.gnu-tools-for-stm32.13.3.rel1.linux64_1.0.100.202509120712/tools/bin/../lib/gcc/arm-none-eabi/13.3.1/../../../../arm-none-eabi/bin/ld: /home/justjhst/바탕화면/self-balancing-robot/Buzz_Rover/Debug/../Src/main.c:106:(.text.main+0xde): undefined reference to `GPIO_IRQConfig'
/opt/st/stm32cubeide_2.0.0/plugins/com.st.stm32cube.ide.mcu.externaltools.gnu-tools-for-stm32.13.3.rel1.linux64_1.0.100.202509120712/tools/bin/../lib/gcc/arm-none-eabi/13.3.1/../../../../arm-none-eabi/bin/ld: /home/justjhst/바탕화면/self-balancing-robot/Buzz_Rover/Debug/../Src/main.c:108:(.text.main+0xe6): undefined reference to `I2C_PeripheralControl'
/opt/st/stm32cubeide_2.0.0/plugins/com.st.stm32cube.ide.mcu.externaltools.gnu-tools-for-stm32.13.3.rel1.linux64_1.0.100.202509120712/tools/bin/../lib/gcc/arm-none-eabi/13.3.1/../../../../arm-none-eabi/bin/ld: /home/justjhst/바탕화면/self-balancing-robot/Buzz_Rover/Debug/../Src/main.c:110:(.text.main+0xec): undefined reference to `I2C_AddressScan'
collect2: error: ld returned 1 exit status
make: *** [makefile:63: Buzz_Rover.elf] Error 1
"make -j4 all" terminated with exit code 2. Build might be incomplete.
19:18:06 **** Clean-only build of configuration Debug for project Buzz_Rover ****
make -j4 clean 
rm -rf ./Startup/startup_stm32f446retx.d ./Startup/startup_stm32f446retx.o
rm -rf ./Src/main.cyclo ./Src/main.d ./Src/main.o ./Src/main.su ./Src/syscalls.cyclo ./Src/syscalls.d ./Src/syscalls.o ./Src/syscalls.su ./Src/sysmem.cyclo ./Src/sysmem.d ./Src/sysmem.o ./Src/sysmem.su
rm -rf Buzz_Rover.elf Buzz_Rover.list Buzz_Rover.map default.size.stdout
 
19:18:06 **** Incremental Build of configuration Debug for project Buzz_Rover ****
make -j4 all 
arm-none-eabi-gcc "../drivers/Src/buzz_gpio.c" -mcpu=cortex-m4 -std=gnu11 -g3 -DDEBUG -DSTM32 -DSTM32F4 -DSTM32F446RETx -DNUCLEO_F446RE -c -I../Inc -I"/home/justjhst/바탕화면/self-balancing-robot/Buzz_Rover/bsp" -I"/home/justjhst/바탕화면/self-balancing-robot/Buzz_Rover/drivers/Inc" -I"/home/justjhst/바탕화면/self-balancing-robot/Buzz_Rover/app/Inc" -I"/home/justjhst/바탕화면/self-balancing-robot/Buzz_Rover/debug_app/Inc" -O0 -ffunction-sections -fdata-sections -Wall -fstack-usage -fcyclomatic-complexity -MMD -MP -MF"drivers/Src/buzz_gpio.d" -MT"drivers/Src/buzz_gpio.o" --specs=nano.specs -mfpu=fpv4-sp-d16 -mfloat-abi=hard -mthumb -o "drivers/Src/buzz_gpio.o"
arm-none-eabi-gcc "../drivers/Src/buzz_i2c.c" -mcpu=cortex-m4 -std=gnu11 -g3 -DDEBUG -DSTM32 -DSTM32F4 -DSTM32F446RETx -DNUCLEO_F446RE -c -I../Inc -I"/home/justjhst/바탕화면/self-balancing-robot/Buzz_Rover/bsp" -I"/home/justjhst/바탕화면/self-balancing-robot/Buzz_Rover/drivers/Inc" -I"/home/justjhst/바탕화면/self-balancing-robot/Buzz_Rover/app/Inc" -I"/home/justjhst/바탕화면/self-balancing-robot/Buzz_Rover/debug_app/Inc" -O0 -ffunction-sections -fdata-sections -Wall -fstack-usage -fcyclomatic-complexity -MMD -MP -MF"drivers/Src/buzz_i2c.d" -MT"drivers/Src/buzz_i2c.o" --specs=nano.specs -mfpu=fpv4-sp-d16 -mfloat-abi=hard -mthumb -o "drivers/Src/buzz_i2c.o"
arm-none-eabi-gcc "../drivers/Src/buzz_rcc.c" -mcpu=cortex-m4 -std=gnu11 -g3 -DDEBUG -DSTM32 -DSTM32F4 -DSTM32F446RETx -DNUCLEO_F446RE -c -I../Inc -I"/home/justjhst/바탕화면/self-balancing-robot/Buzz_Rover/bsp" -I"/home/justjhst/바탕화면/self-balancing-robot/Buzz_Rover/drivers/Inc" -I"/home/justjhst/바탕화면/self-balancing-robot/Buzz_Rover/app/Inc" -I"/home/justjhst/바탕화면/self-balancing-robot/Buzz_Rover/debug_app/Inc" -O0 -ffunction-sections -fdata-sections -Wall -fstack-usage -fcyclomatic-complexity -MMD -MP -MF"drivers/Src/buzz_rcc.d" -MT"drivers/Src/buzz_rcc.o" --specs=nano.specs -mfpu=fpv4-sp-d16 -mfloat-abi=hard -mthumb -o "drivers/Src/buzz_rcc.o"
arm-none-eabi-gcc "../drivers/Src/buzz_systick.c" -mcpu=cortex-m4 -std=gnu11 -g3 -DDEBUG -DSTM32 -DSTM32F4 -DSTM32F446RETx -DNUCLEO_F446RE -c -I../Inc -I"/home/justjhst/바탕화면/self-balancing-robot/Buzz_Rover/bsp" -I"/home/justjhst/바탕화면/self-balancing-robot/Buzz_Rover/drivers/Inc" -I"/home/justjhst/바탕화면/self-balancing-robot/Buzz_Rover/app/Inc" -I"/home/justjhst/바탕화면/self-balancing-robot/Buzz_Rover/debug_app/Inc" -O0 -ffunction-sections -fdata-sections -Wall -fstack-usage -fcyclomatic-complexity -MMD -MP -MF"drivers/Src/buzz_systick.d" -MT"drivers/Src/buzz_systick.o" --specs=nano.specs -mfpu=fpv4-sp-d16 -mfloat-abi=hard -mthumb -o "drivers/Src/buzz_systick.o"
arm-none-eabi-gcc "../drivers/Src/buzz_usart.c" -mcpu=cortex-m4 -std=gnu11 -g3 -DDEBUG -DSTM32 -DSTM32F4 -DSTM32F446RETx -DNUCLEO_F446RE -c -I../Inc -I"/home/justjhst/바탕화면/self-balancing-robot/Buzz_Rover/bsp" -I"/home/justjhst/바탕화면/self-balancing-robot/Buzz_Rover/drivers/Inc" -I"/home/justjhst/바탕화면/self-balancing-robot/Buzz_Rover/app/Inc" -I"/home/justjhst/바탕화면/self-balancing-robot/Buzz_Rover/debug_app/Inc" -O0 -ffunction-sections -fdata-sections -Wall -fstack-usage -fcyclomatic-complexity -MMD -MP -MF"drivers/Src/buzz_usart.d" -MT"drivers/Src/buzz_usart.o" --specs=nano.specs -mfpu=fpv4-sp-d16 -mfloat-abi=hard -mthumb -o "drivers/Src/buzz_usart.o"
arm-none-eabi-gcc "../debug_app/Src/i2c_scanner.c" -mcpu=cortex-m4 -std=gnu11 -g3 -DDEBUG -DSTM32 -DSTM32F4 -DSTM32F446RETx -DNUCLEO_F446RE -c -I../Inc -I"/home/justjhst/바탕화면/self-balancing-robot/Buzz_Rover/bsp" -I"/home/justjhst/바탕화면/self-balancing-robot/Buzz_Rover/drivers/Inc" -I"/home/justjhst/바탕화면/self-balancing-robot/Buzz_Rover/app/Inc" -I"/home/justjhst/바탕화면/self-balancing-robot/Buzz_Rover/debug_app/Inc" -O0 -ffunction-sections -fdata-sections -Wall -fstack-usage -fcyclomatic-complexity -MMD -MP -MF"debug_app/Src/i2c_scanner.d" -MT"debug_app/Src/i2c_scanner.o" --specs=nano.specs -mfpu=fpv4-sp-d16 -mfloat-abi=hard -mthumb -o "debug_app/Src/i2c_scanner.o"
In file included from /home/justjhst/바탕화면/self-balancing-robot/Buzz_Rover/bsp/stm32f446xx.h:39,
                 from /home/justjhst/바탕화면/self-balancing-robot/Buzz_Rover/drivers/Inc/buzz_usart.h:4,
                 from ../drivers/Src/buzz_usart.c:1:
../drivers/Src/buzz_usart.c: In function 'USART_PeriClockControl':
/home/justjhst/바탕화면/self-balancing-robot/Buzz_Rover/bsp/stm32f446xx_usart.h:24:52: error: 'USART2_BASEADDR' undeclared (first use in this function); did you mean 'USART6_BASEADDR'?
   24 | #define USART2                  ((USART_RegMap_t*) USART2_BASEADDR)
      |                                                    ^~~~~~~~~~~~~~~
../drivers/Src/buzz_usart.c:143:38: note: in expansion of macro 'USART2'
  143 |                 }else if (pUSARTx == USART2)
      |                                      ^~~~~~
arm-none-eabi-gcc -mcpu=cortex-m4 -g3 -DDEBUG -c -x assembler-with-cpp -MMD -MP -MF"Startup/startup_stm32f446retx.d" -MT"Startup/startup_stm32f446retx.o" --specs=nano.specs -mfpu=fpv4-sp-d16 -mfloat-abi=hard -mthumb -o "Startup/startup_stm32f446retx.o" "../Startup/startup_stm32f446retx.s"
/home/justjhst/바탕화면/self-balancing-robot/Buzz_Rover/bsp/stm32f446xx_usart.h:24:52: note: each undeclared identifier is reported only once for each function it appears in
   24 | #define USART2                  ((USART_RegMap_t*) USART2_BASEADDR)
      |                                                    ^~~~~~~~~~~~~~~
../drivers/Src/buzz_usart.c:143:38: note: in expansion of macro 'USART2'
  143 |                 }else if (pUSARTx == USART2)
      |                                      ^~~~~~
make: *** [drivers/Src/subdir.mk:31: drivers/Src/buzz_usart.o] Error 1
make: *** Waiting for unfinished jobs....
"make -j4 all" terminated with exit code 2. Build might be incomplete.
19:23:26 **** Incremental Build of configuration Debug for project Buzz_Rover ****
make -j4 all 
arm-none-eabi-gcc "../drivers/Src/buzz_gpio.c" -mcpu=cortex-m4 -std=gnu11 -g3 -DDEBUG -DSTM32 -DSTM32F4 -DSTM32F446RETx -DNUCLEO_F446RE -c -I../Inc -I"/home/justjhst/바탕화면/self-balancing-robot/Buzz_Rover/bsp" -I"/home/justjhst/바탕화면/self-balancing-robot/Buzz_Rover/drivers/Inc" -I"/home/justjhst/바탕화면/self-balancing-robot/Buzz_Rover/app/Inc" -I"/home/justjhst/바탕화면/self-balancing-robot/Buzz_Rover/debug_app/Inc" -O0 -ffunction-sections -fdata-sections -Wall -fstack-usage -fcyclomatic-complexity -MMD -MP -MF"drivers/Src/buzz_gpio.d" -MT"drivers/Src/buzz_gpio.o" --specs=nano.specs -mfpu=fpv4-sp-d16 -mfloat-abi=hard -mthumb -o "drivers/Src/buzz_gpio.o"
arm-none-eabi-gcc "../drivers/Src/buzz_i2c.c" -mcpu=cortex-m4 -std=gnu11 -g3 -DDEBUG -DSTM32 -DSTM32F4 -DSTM32F446RETx -DNUCLEO_F446RE -c -I../Inc -I"/home/justjhst/바탕화면/self-balancing-robot/Buzz_Rover/bsp" -I"/home/justjhst/바탕화면/self-balancing-robot/Buzz_Rover/drivers/Inc" -I"/home/justjhst/바탕화면/self-balancing-robot/Buzz_Rover/app/Inc" -I"/home/justjhst/바탕화면/self-balancing-robot/Buzz_Rover/debug_app/Inc" -O0 -ffunction-sections -fdata-sections -Wall -fstack-usage -fcyclomatic-complexity -MMD -MP -MF"drivers/Src/buzz_i2c.d" -MT"drivers/Src/buzz_i2c.o" --specs=nano.specs -mfpu=fpv4-sp-d16 -mfloat-abi=hard -mthumb -o "drivers/Src/buzz_i2c.o"
arm-none-eabi-gcc "../drivers/Src/buzz_rcc.c" -mcpu=cortex-m4 -std=gnu11 -g3 -DDEBUG -DSTM32 -DSTM32F4 -DSTM32F446RETx -DNUCLEO_F446RE -c -I../Inc -I"/home/justjhst/바탕화면/self-balancing-robot/Buzz_Rover/bsp" -I"/home/justjhst/바탕화면/self-balancing-robot/Buzz_Rover/drivers/Inc" -I"/home/justjhst/바탕화면/self-balancing-robot/Buzz_Rover/app/Inc" -I"/home/justjhst/바탕화면/self-balancing-robot/Buzz_Rover/debug_app/Inc" -O0 -ffunction-sections -fdata-sections -Wall -fstack-usage -fcyclomatic-complexity -MMD -MP -MF"drivers/Src/buzz_rcc.d" -MT"drivers/Src/buzz_rcc.o" --specs=nano.specs -mfpu=fpv4-sp-d16 -mfloat-abi=hard -mthumb -o "drivers/Src/buzz_rcc.o"
arm-none-eabi-gcc "../drivers/Src/buzz_usart.c" -mcpu=cortex-m4 -std=gnu11 -g3 -DDEBUG -DSTM32 -DSTM32F4 -DSTM32F446RETx -DNUCLEO_F446RE -c -I../Inc -I"/home/justjhst/바탕화면/self-balancing-robot/Buzz_Rover/bsp" -I"/home/justjhst/바탕화면/self-balancing-robot/Buzz_Rover/drivers/Inc" -I"/home/justjhst/바탕화면/self-balancing-robot/Buzz_Rover/app/Inc" -I"/home/justjhst/바탕화면/self-balancing-robot/Buzz_Rover/debug_app/Inc" -O0 -ffunction-sections -fdata-sections -Wall -fstack-usage -fcyclomatic-complexity -MMD -MP -MF"drivers/Src/buzz_usart.d" -MT"drivers/Src/buzz_usart.o" --specs=nano.specs -mfpu=fpv4-sp-d16 -mfloat-abi=hard -mthumb -o "drivers/Src/buzz_usart.o"
arm-none-eabi-gcc "../debug_app/Src/i2c_scanner.c" -mcpu=cortex-m4 -std=gnu11 -g3 -DDEBUG -DSTM32 -DSTM32F4 -DSTM32F446RETx -DNUCLEO_F446RE -c -I../Inc -I"/home/justjhst/바탕화면/self-balancing-robot/Buzz_Rover/bsp" -I"/home/justjhst/바탕화면/self-balancing-robot/Buzz_Rover/drivers/Inc" -I"/home/justjhst/바탕화면/self-balancing-robot/Buzz_Rover/app/Inc" -I"/home/justjhst/바탕화면/self-balancing-robot/Buzz_Rover/debug_app/Inc" -O0 -ffunction-sections -fdata-sections -Wall -fstack-usage -fcyclomatic-complexity -MMD -MP -MF"debug_app/Src/i2c_scanner.d" -MT"debug_app/Src/i2c_scanner.o" --specs=nano.specs -mfpu=fpv4-sp-d16 -mfloat-abi=hard -mthumb -o "debug_app/Src/i2c_scanner.o"
In file included from /home/justjhst/바탕화면/self-balancing-robot/Buzz_Rover/bsp/stm32f446xx.h:39,
                 from /home/justjhst/바탕화면/self-balancing-robot/Buzz_Rover/drivers/Inc/buzz_usart.h:4,
                 from ../drivers/Src/buzz_usart.c:1:
../drivers/Src/buzz_usart.c: In function 'USART_PeriClockControl':
/home/justjhst/바탕화면/self-balancing-robot/Buzz_Rover/bsp/stm32f446xx_usart.h:25:52: error: 'USART2_BASEADDR' undeclared (first use in this function); did you mean 'USART6_BASEADDR'?
   25 | #define USART2                  ((USART_RegMap_t*) USART2_BASEADDR)
      |                                                    ^~~~~~~~~~~~~~~
../drivers/Src/buzz_usart.c:143:38: note: in expansion of macro 'USART2'
  143 |                 }else if (pUSARTx == USART2)
      |                                      ^~~~~~
/home/justjhst/바탕화면/self-balancing-robot/Buzz_Rover/bsp/stm32f446xx_usart.h:25:52: note: each undeclared identifier is reported only once for each function it appears in
   25 | #define USART2                  ((USART_RegMap_t*) USART2_BASEADDR)
      |                                                    ^~~~~~~~~~~~~~~
../drivers/Src/buzz_usart.c:143:38: note: in expansion of macro 'USART2'
  143 |                 }else if (pUSARTx == USART2)
      |                                      ^~~~~~
make: *** [drivers/Src/subdir.mk:31: drivers/Src/buzz_usart.o] Error 1
make: *** Waiting for unfinished jobs....
"make -j4 all" terminated with exit code 2. Build might be incomplete.
19:24:38 **** Incremental Build of configuration Debug for project Buzz_Rover ****
make -j4 all 
arm-none-eabi-gcc "../drivers/Src/buzz_gpio.c" -mcpu=cortex-m4 -std=gnu11 -g3 -DDEBUG -DSTM32 -DSTM32F4 -DSTM32F446RETx -DNUCLEO_F446RE -c -I../Inc -I"/home/justjhst/바탕화면/self-balancing-robot/Buzz_Rover/bsp" -I"/home/justjhst/바탕화면/self-balancing-robot/Buzz_Rover/drivers/Inc" -I"/home/justjhst/바탕화면/self-balancing-robot/Buzz_Rover/app/Inc" -I"/home/justjhst/바탕화면/self-balancing-robot/Buzz_Rover/debug_app/Inc" -O0 -ffunction-sections -fdata-sections -Wall -fstack-usage -fcyclomatic-complexity -MMD -MP -MF"drivers/Src/buzz_gpio.d" -MT"drivers/Src/buzz_gpio.o" --specs=nano.specs -mfpu=fpv4-sp-d16 -mfloat-abi=hard -mthumb -o "drivers/Src/buzz_gpio.o"
arm-none-eabi-gcc "../drivers/Src/buzz_i2c.c" -mcpu=cortex-m4 -std=gnu11 -g3 -DDEBUG -DSTM32 -DSTM32F4 -DSTM32F446RETx -DNUCLEO_F446RE -c -I../Inc -I"/home/justjhst/바탕화면/self-balancing-robot/Buzz_Rover/bsp" -I"/home/justjhst/바탕화면/self-balancing-robot/Buzz_Rover/drivers/Inc" -I"/home/justjhst/바탕화면/self-balancing-robot/Buzz_Rover/app/Inc" -I"/home/justjhst/바탕화면/self-balancing-robot/Buzz_Rover/debug_app/Inc" -O0 -ffunction-sections -fdata-sections -Wall -fstack-usage -fcyclomatic-complexity -MMD -MP -MF"drivers/Src/buzz_i2c.d" -MT"drivers/Src/buzz_i2c.o" --specs=nano.specs -mfpu=fpv4-sp-d16 -mfloat-abi=hard -mthumb -o "drivers/Src/buzz_i2c.o"
arm-none-eabi-gcc "../drivers/Src/buzz_rcc.c" -mcpu=cortex-m4 -std=gnu11 -g3 -DDEBUG -DSTM32 -DSTM32F4 -DSTM32F446RETx -DNUCLEO_F446RE -c -I../Inc -I"/home/justjhst/바탕화면/self-balancing-robot/Buzz_Rover/bsp" -I"/home/justjhst/바탕화면/self-balancing-robot/Buzz_Rover/drivers/Inc" -I"/home/justjhst/바탕화면/self-balancing-robot/Buzz_Rover/app/Inc" -I"/home/justjhst/바탕화면/self-balancing-robot/Buzz_Rover/debug_app/Inc" -O0 -ffunction-sections -fdata-sections -Wall -fstack-usage -fcyclomatic-complexity -MMD -MP -MF"drivers/Src/buzz_rcc.d" -MT"drivers/Src/buzz_rcc.o" --specs=nano.specs -mfpu=fpv4-sp-d16 -mfloat-abi=hard -mthumb -o "drivers/Src/buzz_rcc.o"
arm-none-eabi-gcc "../drivers/Src/buzz_usart.c" -mcpu=cortex-m4 -std=gnu11 -g3 -DDEBUG -DSTM32 -DSTM32F4 -DSTM32F446RETx -DNUCLEO_F446RE -c -I../Inc -I"/home/justjhst/바탕화면/self-balancing-robot/Buzz_Rover/bsp" -I"/home/justjhst/바탕화면/self-balancing-robot/Buzz_Rover/drivers/Inc" -I"/home/justjhst/바탕화면/self-balancing-robot/Buzz_Rover/app/Inc" -I"/home/justjhst/바탕화면/self-balancing-robot/Buzz_Rover/debug_app/Inc" -O0 -ffunction-sections -fdata-sections -Wall -fstack-usage -fcyclomatic-complexity -MMD -MP -MF"drivers/Src/buzz_usart.d" -MT"drivers/Src/buzz_usart.o" --specs=nano.specs -mfpu=fpv4-sp-d16 -mfloat-abi=hard -mthumb -o "drivers/Src/buzz_usart.o"
arm-none-eabi-gcc "../debug_app/Src/i2c_scanner.c" -mcpu=cortex-m4 -std=gnu11 -g3 -DDEBUG -DSTM32 -DSTM32F4 -DSTM32F446RETx -DNUCLEO_F446RE -c -I../Inc -I"/home/justjhst/바탕화면/self-balancing-robot/Buzz_Rover/bsp" -I"/home/justjhst/바탕화면/self-balancing-robot/Buzz_Rover/drivers/Inc" -I"/home/justjhst/바탕화면/self-balancing-robot/Buzz_Rover/app/Inc" -I"/home/justjhst/바탕화면/self-balancing-robot/Buzz_Rover/debug_app/Inc" -O0 -ffunction-sections -fdata-sections -Wall -fstack-usage -fcyclomatic-complexity -MMD -MP -MF"debug_app/Src/i2c_scanner.d" -MT"debug_app/Src/i2c_scanner.o" --specs=nano.specs -mfpu=fpv4-sp-d16 -mfloat-abi=hard -mthumb -o "debug_app/Src/i2c_scanner.o"
arm-none-eabi-gcc "../Src/main.c" -mcpu=cortex-m4 -std=gnu11 -g3 -DDEBUG -DSTM32 -DSTM32F4 -DSTM32F446RETx -DNUCLEO_F446RE -c -I../Inc -I"/home/justjhst/바탕화면/self-balancing-robot/Buzz_Rover/bsp" -I"/home/justjhst/바탕화면/self-balancing-robot/Buzz_Rover/drivers/Inc" -I"/home/justjhst/바탕화면/self-balancing-robot/Buzz_Rover/app/Inc" -I"/home/justjhst/바탕화면/self-balancing-robot/Buzz_Rover/debug_app/Inc" -O0 -ffunction-sections -fdata-sections -Wall -fstack-usage -fcyclomatic-complexity -MMD -MP -MF"Src/main.d" -MT"Src/main.o" --specs=nano.specs -mfpu=fpv4-sp-d16 -mfloat-abi=hard -mthumb -o "Src/main.o"
arm-none-eabi-gcc "../Src/syscalls.c" -mcpu=cortex-m4 -std=gnu11 -g3 -DDEBUG -DSTM32 -DSTM32F4 -DSTM32F446RETx -DNUCLEO_F446RE -c -I../Inc -I"/home/justjhst/바탕화면/self-balancing-robot/Buzz_Rover/bsp" -I"/home/justjhst/바탕화면/self-balancing-robot/Buzz_Rover/drivers/Inc" -I"/home/justjhst/바탕화면/self-balancing-robot/Buzz_Rover/app/Inc" -I"/home/justjhst/바탕화면/self-balancing-robot/Buzz_Rover/debug_app/Inc" -O0 -ffunction-sections -fdata-sections -Wall -fstack-usage -fcyclomatic-complexity -MMD -MP -MF"Src/syscalls.d" -MT"Src/syscalls.o" --specs=nano.specs -mfpu=fpv4-sp-d16 -mfloat-abi=hard -mthumb -o "Src/syscalls.o"
arm-none-eabi-gcc "../Src/sysmem.c" -mcpu=cortex-m4 -std=gnu11 -g3 -DDEBUG -DSTM32 -DSTM32F4 -DSTM32F446RETx -DNUCLEO_F446RE -c -I../Inc -I"/home/justjhst/바탕화면/self-balancing-robot/Buzz_Rover/bsp" -I"/home/justjhst/바탕화면/self-balancing-robot/Buzz_Rover/drivers/Inc" -I"/home/justjhst/바탕화면/self-balancing-robot/Buzz_Rover/app/Inc" -I"/home/justjhst/바탕화면/self-balancing-robot/Buzz_Rover/debug_app/Inc" -O0 -ffunction-sections -fdata-sections -Wall -fstack-usage -fcyclomatic-complexity -MMD -MP -MF"Src/sysmem.d" -MT"Src/sysmem.o" --specs=nano.specs -mfpu=fpv4-sp-d16 -mfloat-abi=hard -mthumb -o "Src/sysmem.o"
arm-none-eabi-gcc -o "Buzz_Rover.elf" @"objects.list"   -mcpu=cortex-m4 -T"/home/justjhst/바탕화면/self-balancing-robot/Buzz_Rover/STM32F446RETX_FLASH.ld" --specs=nosys.specs -Wl,-Map="Buzz_Rover.map" -Wl,--gc-sections -static --specs=nano.specs -mfpu=fpv4-sp-d16 -mfloat-abi=hard -mthumb -Wl,--start-group -lc -lm -Wl,--end-group
/opt/st/stm32cubeide_2.0.0/plugins/com.st.stm32cube.ide.mcu.externaltools.gnu-tools-for-stm32.13.3.rel1.linux64_1.0.100.202509120712/tools/bin/../lib/gcc/arm-none-eabi/13.3.1/../../../../arm-none-eabi/bin/ld: ./drivers/Src/buzz_systick.o: in function `SysTick_Init':
/home/justjhst/바탕화면/self-balancing-robot/Buzz_Rover/Debug/../drivers/Src/buzz_systick.c:14:(.text.SysTick_Init+0x38): undefined reference to `SystemCoreClock'
collect2: error: ld returned 1 exit status
make: *** [makefile:65: Buzz_Rover.elf] Error 1
"make -j4 all" terminated with exit code 2. Build might be incomplete.
19:27:39 **** Incremental Build of configuration Debug for project Buzz_Rover ****
make -j4 all 
arm-none-eabi-gcc "../drivers/Src/buzz_gpio.c" -mcpu=cortex-m4 -std=gnu11 -g3 -DDEBUG -DSTM32 -DSTM32F4 -DSTM32F446RETx -DNUCLEO_F446RE -c -I../Inc -I"/home/justjhst/바탕화면/self-balancing-robot/Buzz_Rover/bsp" -I"/home/justjhst/바탕화면/self-balancing-robot/Buzz_Rover/drivers/Inc" -I"/home/justjhst/바탕화면/self-balancing-robot/Buzz_Rover/app/Inc" -I"/home/justjhst/바탕화면/self-balancing-robot/Buzz_Rover/debug_app/Inc" -O0 -ffunction-sections -fdata-sections -Wall -fstack-usage -fcyclomatic-complexity -MMD -MP -MF"drivers/Src/buzz_gpio.d" -MT"drivers/Src/buzz_gpio.o" --specs=nano.specs -mfpu=fpv4-sp-d16 -mfloat-abi=hard -mthumb -o "drivers/Src/buzz_gpio.o"
arm-none-eabi-gcc "../drivers/Src/buzz_i2c.c" -mcpu=cortex-m4 -std=gnu11 -g3 -DDEBUG -DSTM32 -DSTM32F4 -DSTM32F446RETx -DNUCLEO_F446RE -c -I../Inc -I"/home/justjhst/바탕화면/self-balancing-robot/Buzz_Rover/bsp" -I"/home/justjhst/바탕화면/self-balancing-robot/Buzz_Rover/drivers/Inc" -I"/home/justjhst/바탕화면/self-balancing-robot/Buzz_Rover/app/Inc" -I"/home/justjhst/바탕화면/self-balancing-robot/Buzz_Rover/debug_app/Inc" -O0 -ffunction-sections -fdata-sections -Wall -fstack-usage -fcyclomatic-complexity -MMD -MP -MF"drivers/Src/buzz_i2c.d" -MT"drivers/Src/buzz_i2c.o" --specs=nano.specs -mfpu=fpv4-sp-d16 -mfloat-abi=hard -mthumb -o "drivers/Src/buzz_i2c.o"
arm-none-eabi-gcc "../drivers/Src/buzz_rcc.c" -mcpu=cortex-m4 -std=gnu11 -g3 -DDEBUG -DSTM32 -DSTM32F4 -DSTM32F446RETx -DNUCLEO_F446RE -c -I../Inc -I"/home/justjhst/바탕화면/self-balancing-robot/Buzz_Rover/bsp" -I"/home/justjhst/바탕화면/self-balancing-robot/Buzz_Rover/drivers/Inc" -I"/home/justjhst/바탕화면/self-balancing-robot/Buzz_Rover/app/Inc" -I"/home/justjhst/바탕화면/self-balancing-robot/Buzz_Rover/debug_app/Inc" -O0 -ffunction-sections -fdata-sections -Wall -fstack-usage -fcyclomatic-complexity -MMD -MP -MF"drivers/Src/buzz_rcc.d" -MT"drivers/Src/buzz_rcc.o" --specs=nano.specs -mfpu=fpv4-sp-d16 -mfloat-abi=hard -mthumb -o "drivers/Src/buzz_rcc.o"
arm-none-eabi-gcc "../drivers/Src/buzz_usart.c" -mcpu=cortex-m4 -std=gnu11 -g3 -DDEBUG -DSTM32 -DSTM32F4 -DSTM32F446RETx -DNUCLEO_F446RE -c -I../Inc -I"/home/justjhst/바탕화면/self-balancing-robot/Buzz_Rover/bsp" -I"/home/justjhst/바탕화면/self-balancing-robot/Buzz_Rover/drivers/Inc" -I"/home/justjhst/바탕화면/self-balancing-robot/Buzz_Rover/app/Inc" -I"/home/justjhst/바탕화면/self-balancing-robot/Buzz_Rover/debug_app/Inc" -O0 -ffunction-sections -fdata-sections -Wall -fstack-usage -fcyclomatic-complexity -MMD -MP -MF"drivers/Src/buzz_usart.d" -MT"drivers/Src/buzz_usart.o" --specs=nano.specs -mfpu=fpv4-sp-d16 -mfloat-abi=hard -mthumb -o "drivers/Src/buzz_usart.o"
arm-none-eabi-gcc "../debug_app/Src/i2c_scanner.c" -mcpu=cortex-m4 -std=gnu11 -g3 -DDEBUG -DSTM32 -DSTM32F4 -DSTM32F446RETx -DNUCLEO_F446RE -c -I../Inc -I"/home/justjhst/바탕화면/self-balancing-robot/Buzz_Rover/bsp" -I"/home/justjhst/바탕화면/self-balancing-robot/Buzz_Rover/drivers/Inc" -I"/home/justjhst/바탕화면/self-balancing-robot/Buzz_Rover/app/Inc" -I"/home/justjhst/바탕화면/self-balancing-robot/Buzz_Rover/debug_app/Inc" -O0 -ffunction-sections -fdata-sections -Wall -fstack-usage -fcyclomatic-complexity -MMD -MP -MF"debug_app/Src/i2c_scanner.d" -MT"debug_app/Src/i2c_scanner.o" --specs=nano.specs -mfpu=fpv4-sp-d16 -mfloat-abi=hard -mthumb -o "debug_app/Src/i2c_scanner.o"
arm-none-eabi-gcc "../Src/main.c" -mcpu=cortex-m4 -std=gnu11 -g3 -DDEBUG -DSTM32 -DSTM32F4 -DSTM32F446RETx -DNUCLEO_F446RE -c -I../Inc -I"/home/justjhst/바탕화면/self-balancing-robot/Buzz_Rover/bsp" -I"/home/justjhst/바탕화면/self-balancing-robot/Buzz_Rover/drivers/Inc" -I"/home/justjhst/바탕화면/self-balancing-robot/Buzz_Rover/app/Inc" -I"/home/justjhst/바탕화면/self-balancing-robot/Buzz_Rover/debug_app/Inc" -O0 -ffunction-sections -fdata-sections -Wall -fstack-usage -fcyclomatic-complexity -MMD -MP -MF"Src/main.d" -MT"Src/main.o" --specs=nano.specs -mfpu=fpv4-sp-d16 -mfloat-abi=hard -mthumb -o "Src/main.o"
arm-none-eabi-gcc -o "Buzz_Rover.elf" @"objects.list"   -mcpu=cortex-m4 -T"/home/justjhst/바탕화면/self-balancing-robot/Buzz_Rover/STM32F446RETX_FLASH.ld" --specs=nosys.specs -Wl,-Map="Buzz_Rover.map" -Wl,--gc-sections -static --specs=nano.specs -mfpu=fpv4-sp-d16 -mfloat-abi=hard -mthumb -Wl,--start-group -lc -lm -Wl,--end-group
/opt/st/stm32cubeide_2.0.0/plugins/com.st.stm32cube.ide.mcu.externaltools.gnu-tools-for-stm32.13.3.rel1.linux64_1.0.100.202509120712/tools/bin/../lib/gcc/arm-none-eabi/13.3.1/../../../../arm-none-eabi/bin/ld: ./drivers/Src/buzz_systick.o: in function `SysTick_Init':
/home/justjhst/바탕화면/self-balancing-robot/Buzz_Rover/Debug/../drivers/Src/buzz_systick.c:14:(.text.SysTick_Init+0x38): undefined reference to `SystemCoreClock'
collect2: error: ld returned 1 exit status
make: *** [makefile:65: Buzz_Rover.elf] Error 1
"make -j4 all" terminated with exit code 2. Build might be incomplete.
19:36:09 **** Incremental Build of configuration Debug for project Buzz_Rover ****
make -j4 all 
arm-none-eabi-gcc "../Src/main.c" -mcpu=cortex-m4 -std=gnu11 -g3 -DDEBUG -DSTM32 -DSTM32F4 -DSTM32F446RETx -DNUCLEO_F446RE -c -I../Inc -I"/home/justjhst/바탕화면/self-balancing-robot/Buzz_Rover/bsp" -I"/home/justjhst/바탕화면/self-balancing-robot/Buzz_Rover/drivers/Inc" -I"/home/justjhst/바탕화면/self-balancing-robot/Buzz_Rover/app/Inc" -I"/home/justjhst/바탕화면/self-balancing-robot/Buzz_Rover/debug_app/Inc" -O0 -ffunction-sections -fdata-sections -Wall -fstack-usage -fcyclomatic-complexity -MMD -MP -MF"Src/main.d" -MT"Src/main.o" --specs=nano.specs -mfpu=fpv4-sp-d16 -mfloat-abi=hard -mthumb -o "Src/main.o"
arm-none-eabi-gcc "../Src/syscalls.c" -mcpu=cortex-m4 -std=gnu11 -g3 -DDEBUG -DSTM32 -DSTM32F4 -DSTM32F446RETx -DNUCLEO_F446RE -c -I../Inc -I"/home/justjhst/바탕화면/self-balancing-robot/Buzz_Rover/bsp" -I"/home/justjhst/바탕화면/self-balancing-robot/Buzz_Rover/drivers/Inc" -I"/home/justjhst/바탕화면/self-balancing-robot/Buzz_Rover/app/Inc" -I"/home/justjhst/바탕화면/self-balancing-robot/Buzz_Rover/debug_app/Inc" -O0 -ffunction-sections -fdata-sections -Wall -fstack-usage -fcyclomatic-complexity -MMD -MP -MF"Src/syscalls.d" -MT"Src/syscalls.o" --specs=nano.specs -mfpu=fpv4-sp-d16 -mfloat-abi=hard -mthumb -o "Src/syscalls.o"
arm-none-eabi-gcc "../Src/sysmem.c" -mcpu=cortex-m4 -std=gnu11 -g3 -DDEBUG -DSTM32 -DSTM32F4 -DSTM32F446RETx -DNUCLEO_F446RE -c -I../Inc -I"/home/justjhst/바탕화면/self-balancing-robot/Buzz_Rover/bsp" -I"/home/justjhst/바탕화면/self-balancing-robot/Buzz_Rover/drivers/Inc" -I"/home/justjhst/바탕화면/self-balancing-robot/Buzz_Rover/app/Inc" -I"/home/justjhst/바탕화면/self-balancing-robot/Buzz_Rover/debug_app/Inc" -O0 -ffunction-sections -fdata-sections -Wall -fstack-usage -fcyclomatic-complexity -MMD -MP -MF"Src/sysmem.d" -MT"Src/sysmem.o" --specs=nano.specs -mfpu=fpv4-sp-d16 -mfloat-abi=hard -mthumb -o "Src/sysmem.o"
arm-none-eabi-gcc "../Src/system_stm32f4xx.c" -mcpu=cortex-m4 -std=gnu11 -g3 -DDEBUG -DSTM32 -DSTM32F4 -DSTM32F446RETx -DNUCLEO_F446RE -c -I../Inc -I"/home/justjhst/바탕화면/self-balancing-robot/Buzz_Rover/bsp" -I"/home/justjhst/바탕화면/self-balancing-robot/Buzz_Rover/drivers/Inc" -I"/home/justjhst/바탕화면/self-balancing-robot/Buzz_Rover/app/Inc" -I"/home/justjhst/바탕화면/self-balancing-robot/Buzz_Rover/debug_app/Inc" -O0 -ffunction-sections -fdata-sections -Wall -fstack-usage -fcyclomatic-complexity -MMD -MP -MF"Src/system_stm32f4xx.d" -MT"Src/system_stm32f4xx.o" --specs=nano.specs -mfpu=fpv4-sp-d16 -mfloat-abi=hard -mthumb -o "Src/system_stm32f4xx.o"
arm-none-eabi-gcc -o "Buzz_Rover.elf" @"objects.list"   -mcpu=cortex-m4 -T"/home/justjhst/바탕화면/self-balancing-robot/Buzz_Rover/STM32F446RETX_FLASH.ld" --specs=nosys.specs -Wl,-Map="Buzz_Rover.map" -Wl,--gc-sections -static --specs=nano.specs -mfpu=fpv4-sp-d16 -mfloat-abi=hard -mthumb -Wl,--start-group -lc -lm -Wl,--end-group
Finished building target: Buzz_Rover.elf
 
arm-none-eabi-size  Buzz_Rover.elf 
arm-none-eabi-objdump -h -S Buzz_Rover.elf  > "Buzz_Rover.list"
   text	   data	    bss	    dec	    hex	filename
   8244	    100	   1948	  10292	   2834	Buzz_Rover.elf
Finished building: default.size.stdout
 
Finished building: Buzz_Rover.list
 
19:36:37 **** Incremental Build of configuration Debug for project Buzz_Rover ****
make -j4 all 
arm-none-eabi-size  Buzz_Rover.elf 
   text	   data	    bss	    dec	    hex	filename
   8244	    100	   1948	  10292	   2834	Buzz_Rover.elf
Finished building: default.size.stdout
 
19:36:49 **** Incremental Build of configuration Debug for project Buzz_Rover ****
make -j4 all 
arm-none-eabi-size  Buzz_Rover.elf 
   text	   data	    bss	    dec	    hex	filename
   8244	    100	   1948	  10292	   2834	Buzz_Rover.elf
Finished building: default.size.stdout
 
19:39:25 **** Incremental Build of configuration Debug for project Buzz_Rover ****
make -j4 all 
arm-none-eabi-gcc "../Src/main.c" -mcpu=cortex-m4 -std=gnu11 -g3 -DDEBUG -DSTM32 -DSTM32F4 -DSTM32F446RETx -DNUCLEO_F446RE -c -I../Inc -I"/home/justjhst/바탕화면/self-balancing-robot/Buzz_Rover/bsp" -I"/home/justjhst/바탕화면/self-balancing-robot/Buzz_Rover/drivers/Inc" -I"/home/justjhst/바탕화면/self-balancing-robot/Buzz_Rover/app/Inc" -I"/home/justjhst/바탕화면/self-balancing-robot/Buzz_Rover/debug_app/Inc" -O0 -ffunction-sections -fdata-sections -Wall -fstack-usage -fcyclomatic-complexity -MMD -MP -MF"Src/main.d" -MT"Src/main.o" --specs=nano.specs -mfpu=fpv4-sp-d16 -mfloat-abi=hard -mthumb -o "Src/main.o"
arm-none-eabi-gcc -o "Buzz_Rover.elf" @"objects.list"   -mcpu=cortex-m4 -T"/home/justjhst/바탕화면/self-balancing-robot/Buzz_Rover/STM32F446RETX_FLASH.ld" --specs=nosys.specs -Wl,-Map="Buzz_Rover.map" -Wl,--gc-sections -static --specs=nano.specs -mfpu=fpv4-sp-d16 -mfloat-abi=hard -mthumb -Wl,--start-group -lc -lm -Wl,--end-group
Finished building target: Buzz_Rover.elf
 
arm-none-eabi-size  Buzz_Rover.elf 
arm-none-eabi-objdump -h -S Buzz_Rover.elf  > "Buzz_Rover.list"
   text	   data	    bss	    dec	    hex	filename
   9004	    100	   1948	  11052	   2b2c	Buzz_Rover.elf
Finished building: default.size.stdout
 
Finished building: Buzz_Rover.list
 
19:40:08 **** Incremental Build of configuration Debug for project Buzz_Rover ****
make -j4 all 
arm-none-eabi-gcc "../Src/syscalls.c" -mcpu=cortex-m4 -std=gnu11 -g3 -DDEBUG -DSTM32 -DSTM32F4 -DSTM32F446RETx -DNUCLEO_F446RE -c -I../Inc -I"/home/justjhst/바탕화면/self-balancing-robot/Buzz_Rover/bsp" -I"/home/justjhst/바탕화면/self-balancing-robot/Buzz_Rover/drivers/Inc" -I"/home/justjhst/바탕화면/self-balancing-robot/Buzz_Rover/app/Inc" -I"/home/justjhst/바탕화면/self-balancing-robot/Buzz_Rover/debug_app/Inc" -O0 -ffunction-sections -fdata-sections -Wall -fstack-usage -fcyclomatic-complexity -MMD -MP -MF"Src/syscalls.d" -MT"Src/syscalls.o" --specs=nano.specs -mfpu=fpv4-sp-d16 -mfloat-abi=hard -mthumb -o "Src/syscalls.o"
arm-none-eabi-gcc -o "Buzz_Rover.elf" @"objects.list"   -mcpu=cortex-m4 -T"/home/justjhst/바탕화면/self-balancing-robot/Buzz_Rover/STM32F446RETX_FLASH.ld" --specs=nosys.specs -Wl,-Map="Buzz_Rover.map" -Wl,--gc-sections -static --specs=nano.specs -mfpu=fpv4-sp-d16 -mfloat-abi=hard -mthumb -Wl,--start-group -lc -lm -Wl,--end-group
Finished building target: Buzz_Rover.elf
 
arm-none-eabi-size  Buzz_Rover.elf 
arm-none-eabi-objdump -h -S Buzz_Rover.elf  > "Buzz_Rover.list"
   text	   data	    bss	    dec	    hex	filename
   9084	    100	   1948	  11132	   2b7c	Buzz_Rover.elf
Finished building: default.size.stdout
 
Finished building: Buzz_Rover.list
 
19:40:10 **** Incremental Build of configuration Debug for project Buzz_Rover ****
make -j4 all 
arm-none-eabi-size  Buzz_Rover.elf 
   text	   data	    bss	    dec	    hex	filename
   9084	    100	   1948	  11132	   2b7c	Buzz_Rover.elf
Finished building: default.size.stdout
 
