00:54:08 **** Clean-only build of configuration Debug for project Buzz_Rover ****
make -j4 clean 
rm -rf ./drivers/Src/buzz_gpio.cyclo ./drivers/Src/buzz_gpio.d ./drivers/Src/buzz_gpio.o ./drivers/Src/buzz_gpio.su ./drivers/Src/buzz_i2c.cyclo ./drivers/Src/buzz_i2c.d ./drivers/Src/buzz_i2c.o ./drivers/Src/buzz_i2c.su ./drivers/Src/buzz_rcc.cyclo ./drivers/Src/buzz_rcc.d ./drivers/Src/buzz_rcc.o ./drivers/Src/buzz_rcc.su ./drivers/Src/buzz_systick.cyclo ./drivers/Src/buzz_systick.d ./drivers/Src/buzz_systick.o ./drivers/Src/buzz_systick.su ./drivers/Src/buzz_tim.cyclo ./drivers/Src/buzz_tim.d ./drivers/Src/buzz_tim.o ./drivers/Src/buzz_tim.su ./drivers/Src/buzz_usart.cyclo ./drivers/Src/buzz_usart.d ./drivers/Src/buzz_usart.o ./drivers/Src/buzz_usart.su
rm -rf ./debug_app/Src/i2c_scanner.cyclo ./debug_app/Src/i2c_scanner.d ./debug_app/Src/i2c_scanner.o ./debug_app/Src/i2c_scanner.su ./debug_app/Src/tim_profiling.cyclo ./debug_app/Src/tim_profiling.d ./debug_app/Src/tim_profiling.o ./debug_app/Src/tim_profiling.su
rm -rf ./app/Src/mpu6050.cyclo ./app/Src/mpu6050.d ./app/Src/mpu6050.o ./app/Src/mpu6050.su
rm -rf ./Startup/startup_stm32f446retx.d ./Startup/startup_stm32f446retx.o
rm -rf ./Src/main.cyclo ./Src/main.d ./Src/main.o ./Src/main.su ./Src/syscalls.cyclo ./Src/syscalls.d ./Src/syscalls.o ./Src/syscalls.su ./Src/sysmem.cyclo ./Src/sysmem.d ./Src/sysmem.o ./Src/sysmem.su ./Src/system_stm32f4xx.cyclo ./Src/system_stm32f4xx.d ./Src/system_stm32f4xx.o ./Src/system_stm32f4xx.su
rm -rf Buzz_Rover.elf Buzz_Rover.list Buzz_Rover.map default.size.stdout
 
00:54:14 **** Build of configuration Debug for project Buzz_Rover ****
make -j4 all 
arm-none-eabi-gcc "../drivers/Src/buzz_gpio.c" -mcpu=cortex-m4 -std=gnu11 -g3 -DDEBUG -DSTM32 -DSTM32F4 -DSTM32F446RETx -DNUCLEO_F446RE -c -I../Inc -I"/home/justjhst/바탕화면/self-balancing-robot/Buzz_Rover/bsp" -I"/home/justjhst/바탕화면/self-balancing-robot/Buzz_Rover/drivers/Inc" -I"/home/justjhst/바탕화면/self-balancing-robot/Buzz_Rover/app/Inc" -I"/home/justjhst/바탕화면/self-balancing-robot/Buzz_Rover/debug_app/Inc" -O0 -ffunction-sections -fdata-sections -Wall -fstack-usage -fcyclomatic-complexity -MMD -MP -MF"drivers/Src/buzz_gpio.d" -MT"drivers/Src/buzz_gpio.o" --specs=nano.specs -mfpu=fpv4-sp-d16 -mfloat-abi=hard -mthumb -o "drivers/Src/buzz_gpio.o"
arm-none-eabi-gcc "../drivers/Src/buzz_i2c.c" -mcpu=cortex-m4 -std=gnu11 -g3 -DDEBUG -DSTM32 -DSTM32F4 -DSTM32F446RETx -DNUCLEO_F446RE -c -I../Inc -I"/home/justjhst/바탕화면/self-balancing-robot/Buzz_Rover/bsp" -I"/home/justjhst/바탕화면/self-balancing-robot/Buzz_Rover/drivers/Inc" -I"/home/justjhst/바탕화면/self-balancing-robot/Buzz_Rover/app/Inc" -I"/home/justjhst/바탕화면/self-balancing-robot/Buzz_Rover/debug_app/Inc" -O0 -ffunction-sections -fdata-sections -Wall -fstack-usage -fcyclomatic-complexity -MMD -MP -MF"drivers/Src/buzz_i2c.d" -MT"drivers/Src/buzz_i2c.o" --specs=nano.specs -mfpu=fpv4-sp-d16 -mfloat-abi=hard -mthumb -o "drivers/Src/buzz_i2c.o"
arm-none-eabi-gcc "../drivers/Src/buzz_rcc.c" -mcpu=cortex-m4 -std=gnu11 -g3 -DDEBUG -DSTM32 -DSTM32F4 -DSTM32F446RETx -DNUCLEO_F446RE -c -I../Inc -I"/home/justjhst/바탕화면/self-balancing-robot/Buzz_Rover/bsp" -I"/home/justjhst/바탕화면/self-balancing-robot/Buzz_Rover/drivers/Inc" -I"/home/justjhst/바탕화면/self-balancing-robot/Buzz_Rover/app/Inc" -I"/home/justjhst/바탕화면/self-balancing-robot/Buzz_Rover/debug_app/Inc" -O0 -ffunction-sections -fdata-sections -Wall -fstack-usage -fcyclomatic-complexity -MMD -MP -MF"drivers/Src/buzz_rcc.d" -MT"drivers/Src/buzz_rcc.o" --specs=nano.specs -mfpu=fpv4-sp-d16 -mfloat-abi=hard -mthumb -o "drivers/Src/buzz_rcc.o"
arm-none-eabi-gcc "../drivers/Src/buzz_systick.c" -mcpu=cortex-m4 -std=gnu11 -g3 -DDEBUG -DSTM32 -DSTM32F4 -DSTM32F446RETx -DNUCLEO_F446RE -c -I../Inc -I"/home/justjhst/바탕화면/self-balancing-robot/Buzz_Rover/bsp" -I"/home/justjhst/바탕화면/self-balancing-robot/Buzz_Rover/drivers/Inc" -I"/home/justjhst/바탕화면/self-balancing-robot/Buzz_Rover/app/Inc" -I"/home/justjhst/바탕화면/self-balancing-robot/Buzz_Rover/debug_app/Inc" -O0 -ffunction-sections -fdata-sections -Wall -fstack-usage -fcyclomatic-complexity -MMD -MP -MF"drivers/Src/buzz_systick.d" -MT"drivers/Src/buzz_systick.o" --specs=nano.specs -mfpu=fpv4-sp-d16 -mfloat-abi=hard -mthumb -o "drivers/Src/buzz_systick.o"
arm-none-eabi-gcc "../drivers/Src/buzz_tim.c" -mcpu=cortex-m4 -std=gnu11 -g3 -DDEBUG -DSTM32 -DSTM32F4 -DSTM32F446RETx -DNUCLEO_F446RE -c -I../Inc -I"/home/justjhst/바탕화면/self-balancing-robot/Buzz_Rover/bsp" -I"/home/justjhst/바탕화면/self-balancing-robot/Buzz_Rover/drivers/Inc" -I"/home/justjhst/바탕화면/self-balancing-robot/Buzz_Rover/app/Inc" -I"/home/justjhst/바탕화면/self-balancing-robot/Buzz_Rover/debug_app/Inc" -O0 -ffunction-sections -fdata-sections -Wall -fstack-usage -fcyclomatic-complexity -MMD -MP -MF"drivers/Src/buzz_tim.d" -MT"drivers/Src/buzz_tim.o" --specs=nano.specs -mfpu=fpv4-sp-d16 -mfloat-abi=hard -mthumb -o "drivers/Src/buzz_tim.o"
arm-none-eabi-gcc "../drivers/Src/buzz_usart.c" -mcpu=cortex-m4 -std=gnu11 -g3 -DDEBUG -DSTM32 -DSTM32F4 -DSTM32F446RETx -DNUCLEO_F446RE -c -I../Inc -I"/home/justjhst/바탕화면/self-balancing-robot/Buzz_Rover/bsp" -I"/home/justjhst/바탕화면/self-balancing-robot/Buzz_Rover/drivers/Inc" -I"/home/justjhst/바탕화면/self-balancing-robot/Buzz_Rover/app/Inc" -I"/home/justjhst/바탕화면/self-balancing-robot/Buzz_Rover/debug_app/Inc" -O0 -ffunction-sections -fdata-sections -Wall -fstack-usage -fcyclomatic-complexity -MMD -MP -MF"drivers/Src/buzz_usart.d" -MT"drivers/Src/buzz_usart.o" --specs=nano.specs -mfpu=fpv4-sp-d16 -mfloat-abi=hard -mthumb -o "drivers/Src/buzz_usart.o"
arm-none-eabi-gcc "../debug_app/Src/i2c_scanner.c" -mcpu=cortex-m4 -std=gnu11 -g3 -DDEBUG -DSTM32 -DSTM32F4 -DSTM32F446RETx -DNUCLEO_F446RE -c -I../Inc -I"/home/justjhst/바탕화면/self-balancing-robot/Buzz_Rover/bsp" -I"/home/justjhst/바탕화면/self-balancing-robot/Buzz_Rover/drivers/Inc" -I"/home/justjhst/바탕화면/self-balancing-robot/Buzz_Rover/app/Inc" -I"/home/justjhst/바탕화면/self-balancing-robot/Buzz_Rover/debug_app/Inc" -O0 -ffunction-sections -fdata-sections -Wall -fstack-usage -fcyclomatic-complexity -MMD -MP -MF"debug_app/Src/i2c_scanner.d" -MT"debug_app/Src/i2c_scanner.o" --specs=nano.specs -mfpu=fpv4-sp-d16 -mfloat-abi=hard -mthumb -o "debug_app/Src/i2c_scanner.o"
arm-none-eabi-gcc "../debug_app/Src/tim_profiling.c" -mcpu=cortex-m4 -std=gnu11 -g3 -DDEBUG -DSTM32 -DSTM32F4 -DSTM32F446RETx -DNUCLEO_F446RE -c -I../Inc -I"/home/justjhst/바탕화면/self-balancing-robot/Buzz_Rover/bsp" -I"/home/justjhst/바탕화면/self-balancing-robot/Buzz_Rover/drivers/Inc" -I"/home/justjhst/바탕화면/self-balancing-robot/Buzz_Rover/app/Inc" -I"/home/justjhst/바탕화면/self-balancing-robot/Buzz_Rover/debug_app/Inc" -O0 -ffunction-sections -fdata-sections -Wall -fstack-usage -fcyclomatic-complexity -MMD -MP -MF"debug_app/Src/tim_profiling.d" -MT"debug_app/Src/tim_profiling.o" --specs=nano.specs -mfpu=fpv4-sp-d16 -mfloat-abi=hard -mthumb -o "debug_app/Src/tim_profiling.o"
arm-none-eabi-gcc "../app/Src/mpu6050.c" -mcpu=cortex-m4 -std=gnu11 -g3 -DDEBUG -DSTM32 -DSTM32F4 -DSTM32F446RETx -DNUCLEO_F446RE -c -I../Inc -I"/home/justjhst/바탕화면/self-balancing-robot/Buzz_Rover/bsp" -I"/home/justjhst/바탕화면/self-balancing-robot/Buzz_Rover/drivers/Inc" -I"/home/justjhst/바탕화면/self-balancing-robot/Buzz_Rover/app/Inc" -I"/home/justjhst/바탕화면/self-balancing-robot/Buzz_Rover/debug_app/Inc" -O0 -ffunction-sections -fdata-sections -Wall -fstack-usage -fcyclomatic-complexity -MMD -MP -MF"app/Src/mpu6050.d" -MT"app/Src/mpu6050.o" --specs=nano.specs -mfpu=fpv4-sp-d16 -mfloat-abi=hard -mthumb -o "app/Src/mpu6050.o"
arm-none-eabi-gcc -mcpu=cortex-m4 -g3 -DDEBUG -c -x assembler-with-cpp -MMD -MP -MF"Startup/startup_stm32f446retx.d" -MT"Startup/startup_stm32f446retx.o" --specs=nano.specs -mfpu=fpv4-sp-d16 -mfloat-abi=hard -mthumb -o "Startup/startup_stm32f446retx.o" "../Startup/startup_stm32f446retx.s"
arm-none-eabi-gcc "../Src/main.c" -mcpu=cortex-m4 -std=gnu11 -g3 -DDEBUG -DSTM32 -DSTM32F4 -DSTM32F446RETx -DNUCLEO_F446RE -c -I../Inc -I"/home/justjhst/바탕화면/self-balancing-robot/Buzz_Rover/bsp" -I"/home/justjhst/바탕화면/self-balancing-robot/Buzz_Rover/drivers/Inc" -I"/home/justjhst/바탕화면/self-balancing-robot/Buzz_Rover/app/Inc" -I"/home/justjhst/바탕화면/self-balancing-robot/Buzz_Rover/debug_app/Inc" -O0 -ffunction-sections -fdata-sections -Wall -fstack-usage -fcyclomatic-complexity -MMD -MP -MF"Src/main.d" -MT"Src/main.o" --specs=nano.specs -mfpu=fpv4-sp-d16 -mfloat-abi=hard -mthumb -o "Src/main.o"
../app/Src/mpu6050.c: In function 'MPU6050_SendPacket':
../app/Src/mpu6050.c:79:65: warning: format '%d' expects argument of type 'int', but argument 10 has type 'long int' [-Wformat=]
arm-none-eabi-gcc "../Src/syscalls.c" -mcpu=cortex-m4 -std=gnu11 -g3 -DDEBUG -DSTM32 -DSTM32F4 -DSTM32F446RETx -DNUCLEO_F446RE -c -I../Inc -I"/home/justjhst/바탕화면/self-balancing-robot/Buzz_Rover/bsp" -I"/home/justjhst/바탕화면/self-balancing-robot/Buzz_Rover/drivers/Inc" -I"/home/justjhst/바탕화면/self-balancing-robot/Buzz_Rover/app/Inc" -I"/home/justjhst/바탕화면/self-balancing-robot/Buzz_Rover/debug_app/Inc" -O0 -ffunction-sections -fdata-sections -Wall -fstack-usage -fcyclomatic-complexity -MMD -MP -MF"Src/syscalls.d" -MT"Src/syscalls.o" --specs=nano.specs -mfpu=fpv4-sp-d16 -mfloat-abi=hard -mthumb -o "Src/syscalls.o"
   79 |                         "AX:%d,AY:%d,AZ:%d,GX:%d,GY:%d,GZ:%d,T:%d\r\n",
      |                                                                ~^
      |                                                                 |
      |                                                                 int
      |                                                                %ld
   80 |                         raw.ax,raw.ay,raw.az,raw.gx,raw.gy,raw.gz,(int32_t)(raw.temp_raw / 340) + 36) + 1; // included \0
      |                                                                   ~~~~~~~~~~~~~~~~~~~~~~~~~~~~~~~~~~
      |                                                                                                 |
      |                                                                                                 long int
arm-none-eabi-gcc "../Src/sysmem.c" -mcpu=cortex-m4 -std=gnu11 -g3 -DDEBUG -DSTM32 -DSTM32F4 -DSTM32F446RETx -DNUCLEO_F446RE -c -I../Inc -I"/home/justjhst/바탕화면/self-balancing-robot/Buzz_Rover/bsp" -I"/home/justjhst/바탕화면/self-balancing-robot/Buzz_Rover/drivers/Inc" -I"/home/justjhst/바탕화면/self-balancing-robot/Buzz_Rover/app/Inc" -I"/home/justjhst/바탕화면/self-balancing-robot/Buzz_Rover/debug_app/Inc" -O0 -ffunction-sections -fdata-sections -Wall -fstack-usage -fcyclomatic-complexity -MMD -MP -MF"Src/sysmem.d" -MT"Src/sysmem.o" --specs=nano.specs -mfpu=fpv4-sp-d16 -mfloat-abi=hard -mthumb -o "Src/sysmem.o"
arm-none-eabi-gcc "../Src/system_stm32f4xx.c" -mcpu=cortex-m4 -std=gnu11 -g3 -DDEBUG -DSTM32 -DSTM32F4 -DSTM32F446RETx -DNUCLEO_F446RE -c -I../Inc -I"/home/justjhst/바탕화면/self-balancing-robot/Buzz_Rover/bsp" -I"/home/justjhst/바탕화면/self-balancing-robot/Buzz_Rover/drivers/Inc" -I"/home/justjhst/바탕화면/self-balancing-robot/Buzz_Rover/app/Inc" -I"/home/justjhst/바탕화면/self-balancing-robot/Buzz_Rover/debug_app/Inc" -O0 -ffunction-sections -fdata-sections -Wall -fstack-usage -fcyclomatic-complexity -MMD -MP -MF"Src/system_stm32f4xx.d" -MT"Src/system_stm32f4xx.o" --specs=nano.specs -mfpu=fpv4-sp-d16 -mfloat-abi=hard -mthumb -o "Src/system_stm32f4xx.o"
arm-none-eabi-gcc -o "Buzz_Rover.elf" @"objects.list"   -mcpu=cortex-m4 -T"/home/justjhst/바탕화면/self-balancing-robot/Buzz_Rover/STM32F446RETX_FLASH.ld" --specs=nosys.specs -Wl,-Map="Buzz_Rover.map" -Wl,--gc-sections -static --specs=nano.specs -mfpu=fpv4-sp-d16 -mfloat-abi=hard -mthumb -Wl,--start-group -lc -lm -Wl,--end-group
Finished building target: Buzz_Rover.elf
 
arm-none-eabi-size  Buzz_Rover.elf 
arm-none-eabi-objdump -h -S Buzz_Rover.elf  > "Buzz_Rover.list"
   text	   data	    bss	    dec	    hex	filename
   2824	      4	   1580	   4408	   1138	Buzz_Rover.elf
Finished building: default.size.stdout
 
Finished building: Buzz_Rover.list
 
00:54:34 **** Incremental Build of configuration Debug for project Buzz_Rover ****
make -j4 all 
arm-none-eabi-size  Buzz_Rover.elf 
   text	   data	    bss	    dec	    hex	filename
   2824	      4	   1580	   4408	   1138	Buzz_Rover.elf
Finished building: default.size.stdout
 
00:56:43 **** Incremental Build of configuration Debug for project Buzz_Rover ****
make -j4 all 
arm-none-eabi-size  Buzz_Rover.elf 
   text	   data	    bss	    dec	    hex	filename
   2824	      4	   1580	   4408	   1138	Buzz_Rover.elf
Finished building: default.size.stdout
 
00:58:55 **** Incremental Build of configuration Debug for project Buzz_Rover ****
make -j4 all 
arm-none-eabi-size  Buzz_Rover.elf 
   text	   data	    bss	    dec	    hex	filename
   2824	      4	   1580	   4408	   1138	Buzz_Rover.elf
Finished building: default.size.stdout
 
01:04:12 **** Incremental Build of configuration Debug for project Buzz_Rover ****
make -j4 all 
arm-none-eabi-size  Buzz_Rover.elf 
   text	   data	    bss	    dec	    hex	filename
   2824	      4	   1580	   4408	   1138	Buzz_Rover.elf
Finished building: default.size.stdout
 
01:06:46 **** Incremental Build of configuration Debug for project Buzz_Rover ****
make -j4 all 
arm-none-eabi-size  Buzz_Rover.elf 
   text	   data	    bss	    dec	    hex	filename
   2824	      4	   1580	   4408	   1138	Buzz_Rover.elf
Finished building: default.size.stdout
 
01:10:12 **** Incremental Build of configuration Debug for project Buzz_Rover ****
make -j4 all 
arm-none-eabi-gcc "../Src/main.c" -mcpu=cortex-m4 -std=gnu11 -g3 -DDEBUG -DSTM32 -DSTM32F4 -DSTM32F446RETx -DNUCLEO_F446RE -c -I../Inc -I"/home/justjhst/바탕화면/self-balancing-robot/Buzz_Rover/bsp" -I"/home/justjhst/바탕화면/self-balancing-robot/Buzz_Rover/drivers/Inc" -I"/home/justjhst/바탕화면/self-balancing-robot/Buzz_Rover/app/Inc" -I"/home/justjhst/바탕화면/self-balancing-robot/Buzz_Rover/debug_app/Inc" -O0 -ffunction-sections -fdata-sections -Wall -fstack-usage -fcyclomatic-complexity -MMD -MP -MF"Src/main.d" -MT"Src/main.o" --specs=nano.specs -mfpu=fpv4-sp-d16 -mfloat-abi=hard -mthumb -o "Src/main.o"
arm-none-eabi-gcc -o "Buzz_Rover.elf" @"objects.list"   -mcpu=cortex-m4 -T"/home/justjhst/바탕화면/self-balancing-robot/Buzz_Rover/STM32F446RETX_FLASH.ld" --specs=nosys.specs -Wl,-Map="Buzz_Rover.map" -Wl,--gc-sections -static --specs=nano.specs -mfpu=fpv4-sp-d16 -mfloat-abi=hard -mthumb -Wl,--start-group -lc -lm -Wl,--end-group
Finished building target: Buzz_Rover.elf
 
arm-none-eabi-size  Buzz_Rover.elf 
arm-none-eabi-objdump -h -S Buzz_Rover.elf  > "Buzz_Rover.list"
   text	   data	    bss	    dec	    hex	filename
   2900	      8	   1576	   4484	   1184	Buzz_Rover.elf
Finished building: default.size.stdout
 
Finished building: Buzz_Rover.list
 
01:10:18 **** Incremental Build of configuration Debug for project Buzz_Rover ****
make -j4 all 
arm-none-eabi-size  Buzz_Rover.elf 
   text	   data	    bss	    dec	    hex	filename
   2900	      8	   1576	   4484	   1184	Buzz_Rover.elf
Finished building: default.size.stdout
 
01:15:49 **** Incremental Build of configuration Debug for project Buzz_Rover ****
make -j4 all 
arm-none-eabi-gcc "../Src/main.c" -mcpu=cortex-m4 -std=gnu11 -g3 -DDEBUG -DSTM32 -DSTM32F4 -DSTM32F446RETx -DNUCLEO_F446RE -c -I../Inc -I"/home/justjhst/바탕화면/self-balancing-robot/Buzz_Rover/bsp" -I"/home/justjhst/바탕화면/self-balancing-robot/Buzz_Rover/drivers/Inc" -I"/home/justjhst/바탕화면/self-balancing-robot/Buzz_Rover/app/Inc" -I"/home/justjhst/바탕화면/self-balancing-robot/Buzz_Rover/debug_app/Inc" -O0 -ffunction-sections -fdata-sections -Wall -fstack-usage -fcyclomatic-complexity -MMD -MP -MF"Src/main.d" -MT"Src/main.o" --specs=nano.specs -mfpu=fpv4-sp-d16 -mfloat-abi=hard -mthumb -o "Src/main.o"
arm-none-eabi-gcc -o "Buzz_Rover.elf" @"objects.list"   -mcpu=cortex-m4 -T"/home/justjhst/바탕화면/self-balancing-robot/Buzz_Rover/STM32F446RETX_FLASH.ld" --specs=nosys.specs -Wl,-Map="Buzz_Rover.map" -Wl,--gc-sections -static --specs=nano.specs -mfpu=fpv4-sp-d16 -mfloat-abi=hard -mthumb -Wl,--start-group -lc -lm -Wl,--end-group
Finished building target: Buzz_Rover.elf
 
arm-none-eabi-size  Buzz_Rover.elf 
arm-none-eabi-objdump -h -S Buzz_Rover.elf  > "Buzz_Rover.list"
   text	   data	    bss	    dec	    hex	filename
   2900	      8	   1576	   4484	   1184	Buzz_Rover.elf
Finished building: default.size.stdout
 
Finished building: Buzz_Rover.list
 
01:15:52 **** Incremental Build of configuration Debug for project Buzz_Rover ****
make -j4 all 
arm-none-eabi-size  Buzz_Rover.elf 
   text	   data	    bss	    dec	    hex	filename
   2900	      8	   1576	   4484	   1184	Buzz_Rover.elf
Finished building: default.size.stdout
 
01:23:15 **** Incremental Build of configuration Debug for project Buzz_Rover ****
make -j4 all 
arm-none-eabi-gcc "../Src/main.c" -mcpu=cortex-m4 -std=gnu11 -g3 -DDEBUG -DSTM32 -DSTM32F4 -DSTM32F446RETx -DNUCLEO_F446RE -c -I../Inc -I"/home/justjhst/바탕화면/self-balancing-robot/Buzz_Rover/bsp" -I"/home/justjhst/바탕화면/self-balancing-robot/Buzz_Rover/drivers/Inc" -I"/home/justjhst/바탕화면/self-balancing-robot/Buzz_Rover/app/Inc" -I"/home/justjhst/바탕화면/self-balancing-robot/Buzz_Rover/debug_app/Inc" -O0 -ffunction-sections -fdata-sections -Wall -fstack-usage -fcyclomatic-complexity -MMD -MP -MF"Src/main.d" -MT"Src/main.o" --specs=nano.specs -mfpu=fpv4-sp-d16 -mfloat-abi=hard -mthumb -o "Src/main.o"
arm-none-eabi-gcc -o "Buzz_Rover.elf" @"objects.list"   -mcpu=cortex-m4 -T"/home/justjhst/바탕화면/self-balancing-robot/Buzz_Rover/STM32F446RETX_FLASH.ld" --specs=nosys.specs -Wl,-Map="Buzz_Rover.map" -Wl,--gc-sections -static --specs=nano.specs -mfpu=fpv4-sp-d16 -mfloat-abi=hard -mthumb -Wl,--start-group -lc -lm -Wl,--end-group
Finished building target: Buzz_Rover.elf
 
arm-none-eabi-size  Buzz_Rover.elf 
arm-none-eabi-objdump -h -S Buzz_Rover.elf  > "Buzz_Rover.list"
   text	   data	    bss	    dec	    hex	filename
   2916	      8	   1576	   4500	   1194	Buzz_Rover.elf
Finished building: default.size.stdout
 
Finished building: Buzz_Rover.list
 
01:23:20 **** Incremental Build of configuration Debug for project Buzz_Rover ****
make -j4 all 
arm-none-eabi-size  Buzz_Rover.elf 
   text	   data	    bss	    dec	    hex	filename
   2916	      8	   1576	   4500	   1194	Buzz_Rover.elf
Finished building: default.size.stdout
 
01:29:29 **** Incremental Build of configuration Debug for project Buzz_Rover ****
make -j4 all 
arm-none-eabi-gcc "../Src/main.c" -mcpu=cortex-m4 -std=gnu11 -g3 -DDEBUG -DSTM32 -DSTM32F4 -DSTM32F446RETx -DNUCLEO_F446RE -c -I../Inc -I"/home/justjhst/바탕화면/self-balancing-robot/Buzz_Rover/bsp" -I"/home/justjhst/바탕화면/self-balancing-robot/Buzz_Rover/drivers/Inc" -I"/home/justjhst/바탕화면/self-balancing-robot/Buzz_Rover/app/Inc" -I"/home/justjhst/바탕화면/self-balancing-robot/Buzz_Rover/debug_app/Inc" -O0 -ffunction-sections -fdata-sections -Wall -fstack-usage -fcyclomatic-complexity -MMD -MP -MF"Src/main.d" -MT"Src/main.o" --specs=nano.specs -mfpu=fpv4-sp-d16 -mfloat-abi=hard -mthumb -o "Src/main.o"
arm-none-eabi-gcc -o "Buzz_Rover.elf" @"objects.list"   -mcpu=cortex-m4 -T"/home/justjhst/바탕화면/self-balancing-robot/Buzz_Rover/STM32F446RETX_FLASH.ld" --specs=nosys.specs -Wl,-Map="Buzz_Rover.map" -Wl,--gc-sections -static --specs=nano.specs -mfpu=fpv4-sp-d16 -mfloat-abi=hard -mthumb -Wl,--start-group -lc -lm -Wl,--end-group
Finished building target: Buzz_Rover.elf
 
arm-none-eabi-size  Buzz_Rover.elf 
arm-none-eabi-objdump -h -S Buzz_Rover.elf  > "Buzz_Rover.list"
   text	   data	    bss	    dec	    hex	filename
   2916	      8	   1576	   4500	   1194	Buzz_Rover.elf
Finished building: default.size.stdout
 
Finished building: Buzz_Rover.list
 
01:29:36 **** Incremental Build of configuration Debug for project Buzz_Rover ****
make -j4 all 
arm-none-eabi-size  Buzz_Rover.elf 
   text	   data	    bss	    dec	    hex	filename
   2916	      8	   1576	   4500	   1194	Buzz_Rover.elf
Finished building: default.size.stdout
 
23:28:25 **** Incremental Build of configuration Debug for project Buzz_Rover ****
make -j4 all 
arm-none-eabi-gcc "../Src/main.c" -mcpu=cortex-m4 -std=gnu11 -g3 -DDEBUG -DSTM32 -DSTM32F4 -DSTM32F446RETx -DNUCLEO_F446RE -c -I../Inc -I"/home/justjhst/바탕화면/self-balancing-robot/Buzz_Rover/bsp" -I"/home/justjhst/바탕화면/self-balancing-robot/Buzz_Rover/drivers/Inc" -I"/home/justjhst/바탕화면/self-balancing-robot/Buzz_Rover/app/Inc" -I"/home/justjhst/바탕화면/self-balancing-robot/Buzz_Rover/debug_app/Inc" -O0 -ffunction-sections -fdata-sections -Wall -fstack-usage -fcyclomatic-complexity -MMD -MP -MF"Src/main.d" -MT"Src/main.o" --specs=nano.specs -mfpu=fpv4-sp-d16 -mfloat-abi=hard -mthumb -o "Src/main.o"
arm-none-eabi-gcc -o "Buzz_Rover.elf" @"objects.list"   -mcpu=cortex-m4 -T"/home/justjhst/바탕화면/self-balancing-robot/Buzz_Rover/STM32F446RETX_FLASH.ld" --specs=nosys.specs -Wl,-Map="Buzz_Rover.map" -Wl,--gc-sections -static --specs=nano.specs -mfpu=fpv4-sp-d16 -mfloat-abi=hard -mthumb -Wl,--start-group -lc -lm -Wl,--end-group
Finished building target: Buzz_Rover.elf
 
arm-none-eabi-size  Buzz_Rover.elf 
arm-none-eabi-objdump -h -S Buzz_Rover.elf  > "Buzz_Rover.list"
   text	   data	    bss	    dec	    hex	filename
   2820	      8	   1576	   4404	   1134	Buzz_Rover.elf
Finished building: default.size.stdout
 
Finished building: Buzz_Rover.list
 
23:31:14 **** Incremental Build of configuration Debug for project Buzz_Rover ****
make -j4 all 
arm-none-eabi-size  Buzz_Rover.elf 
   text	   data	    bss	    dec	    hex	filename
   2820	      8	   1576	   4404	   1134	Buzz_Rover.elf
Finished building: default.size.stdout
 
23:31:24 **** Incremental Build of configuration Debug for project Buzz_Rover ****
make -j4 all 
arm-none-eabi-size  Buzz_Rover.elf 
   text	   data	    bss	    dec	    hex	filename
   2820	      8	   1576	   4404	   1134	Buzz_Rover.elf
Finished building: default.size.stdout
 
23:34:06 **** Incremental Build of configuration Debug for project Buzz_Rover ****
make -j4 all 
arm-none-eabi-gcc "../Src/main.c" -mcpu=cortex-m4 -std=gnu11 -g3 -DDEBUG -DSTM32 -DSTM32F4 -DSTM32F446RETx -DNUCLEO_F446RE -c -I../Inc -I"/home/justjhst/바탕화면/self-balancing-robot/Buzz_Rover/bsp" -I"/home/justjhst/바탕화면/self-balancing-robot/Buzz_Rover/drivers/Inc" -I"/home/justjhst/바탕화면/self-balancing-robot/Buzz_Rover/app/Inc" -I"/home/justjhst/바탕화면/self-balancing-robot/Buzz_Rover/debug_app/Inc" -O0 -ffunction-sections -fdata-sections -Wall -fstack-usage -fcyclomatic-complexity -MMD -MP -MF"Src/main.d" -MT"Src/main.o" --specs=nano.specs -mfpu=fpv4-sp-d16 -mfloat-abi=hard -mthumb -o "Src/main.o"
arm-none-eabi-gcc -o "Buzz_Rover.elf" @"objects.list"   -mcpu=cortex-m4 -T"/home/justjhst/바탕화면/self-balancing-robot/Buzz_Rover/STM32F446RETX_FLASH.ld" --specs=nosys.specs -Wl,-Map="Buzz_Rover.map" -Wl,--gc-sections -static --specs=nano.specs -mfpu=fpv4-sp-d16 -mfloat-abi=hard -mthumb -Wl,--start-group -lc -lm -Wl,--end-group
Finished building target: Buzz_Rover.elf
 
arm-none-eabi-size  Buzz_Rover.elf 
arm-none-eabi-objdump -h -S Buzz_Rover.elf  > "Buzz_Rover.list"
   text	   data	    bss	    dec	    hex	filename
   2820	      8	   1576	   4404	   1134	Buzz_Rover.elf
Finished building: default.size.stdout
 
Finished building: Buzz_Rover.list
 
23:34:15 **** Incremental Build of configuration Debug for project Buzz_Rover ****
make -j4 all 
arm-none-eabi-size  Buzz_Rover.elf 
   text	   data	    bss	    dec	    hex	filename
   2820	      8	   1576	   4404	   1134	Buzz_Rover.elf
Finished building: default.size.stdout
 
00:15:56 **** Incremental Build of configuration Debug for project Buzz_Rover ****
make -j4 all 
arm-none-eabi-gcc "../drivers/Src/buzz_tim.c" -mcpu=cortex-m4 -std=gnu11 -g3 -DDEBUG -DSTM32 -DSTM32F4 -DSTM32F446RETx -DNUCLEO_F446RE -c -I../Inc -I"/home/justjhst/바탕화면/self-balancing-robot/Buzz_Rover/bsp" -I"/home/justjhst/바탕화면/self-balancing-robot/Buzz_Rover/drivers/Inc" -I"/home/justjhst/바탕화면/self-balancing-robot/Buzz_Rover/app/Inc" -I"/home/justjhst/바탕화면/self-balancing-robot/Buzz_Rover/debug_app/Inc" -O0 -ffunction-sections -fdata-sections -Wall -fstack-usage -fcyclomatic-complexity -MMD -MP -MF"drivers/Src/buzz_tim.d" -MT"drivers/Src/buzz_tim.o" --specs=nano.specs -mfpu=fpv4-sp-d16 -mfloat-abi=hard -mthumb -o "drivers/Src/buzz_tim.o"
arm-none-eabi-gcc -o "Buzz_Rover.elf" @"objects.list"   -mcpu=cortex-m4 -T"/home/justjhst/바탕화면/self-balancing-robot/Buzz_Rover/STM32F446RETX_FLASH.ld" --specs=nosys.specs -Wl,-Map="Buzz_Rover.map" -Wl,--gc-sections -static --specs=nano.specs -mfpu=fpv4-sp-d16 -mfloat-abi=hard -mthumb -Wl,--start-group -lc -lm -Wl,--end-group
Finished building target: Buzz_Rover.elf
 
arm-none-eabi-size  Buzz_Rover.elf 
arm-none-eabi-objdump -h -S Buzz_Rover.elf  > "Buzz_Rover.list"
   text	   data	    bss	    dec	    hex	filename
   2792	      8	   1576	   4376	   1118	Buzz_Rover.elf
Finished building: default.size.stdout
 
Finished building: Buzz_Rover.list
 
00:51:43 **** Incremental Build of configuration Debug for project Buzz_Rover ****
make -j4 all 
arm-none-eabi-gcc "../Src/main.c" -mcpu=cortex-m4 -std=gnu11 -g3 -DDEBUG -DSTM32 -DSTM32F4 -DSTM32F446RETx -DNUCLEO_F446RE -c -I../Inc -I"/home/justjhst/바탕화면/self-balancing-robot/Buzz_Rover/bsp" -I"/home/justjhst/바탕화면/self-balancing-robot/Buzz_Rover/drivers/Inc" -I"/home/justjhst/바탕화면/self-balancing-robot/Buzz_Rover/app/Inc" -I"/home/justjhst/바탕화면/self-balancing-robot/Buzz_Rover/debug_app/Inc" -O0 -ffunction-sections -fdata-sections -Wall -fstack-usage -fcyclomatic-complexity -MMD -MP -MF"Src/main.d" -MT"Src/main.o" --specs=nano.specs -mfpu=fpv4-sp-d16 -mfloat-abi=hard -mthumb -o "Src/main.o"
arm-none-eabi-gcc -o "Buzz_Rover.elf" @"objects.list"   -mcpu=cortex-m4 -T"/home/justjhst/바탕화면/self-balancing-robot/Buzz_Rover/STM32F446RETX_FLASH.ld" --specs=nosys.specs -Wl,-Map="Buzz_Rover.map" -Wl,--gc-sections -static --specs=nano.specs -mfpu=fpv4-sp-d16 -mfloat-abi=hard -mthumb -Wl,--start-group -lc -lm -Wl,--end-group
Finished building target: Buzz_Rover.elf
 
arm-none-eabi-size  Buzz_Rover.elf 
arm-none-eabi-objdump -h -S Buzz_Rover.elf  > "Buzz_Rover.list"
   text	   data	    bss	    dec	    hex	filename
   2888	      8	   1576	   4472	   1178	Buzz_Rover.elf
Finished building: default.size.stdout
 
Finished building: Buzz_Rover.list
 
00:51:46 **** Incremental Build of configuration Debug for project Buzz_Rover ****
make -j4 all 
arm-none-eabi-size  Buzz_Rover.elf 
   text	   data	    bss	    dec	    hex	filename
   2888	      8	   1576	   4472	   1178	Buzz_Rover.elf
Finished building: default.size.stdout
 
01:09:07 **** Incremental Build of configuration Debug for project Buzz_Rover ****
make -j4 all 
arm-none-eabi-gcc "../drivers/Src/buzz_tim.c" -mcpu=cortex-m4 -std=gnu11 -g3 -DDEBUG -DSTM32 -DSTM32F4 -DSTM32F446RETx -DNUCLEO_F446RE -c -I../Inc -I"/home/justjhst/바탕화면/self-balancing-robot/Buzz_Rover/bsp" -I"/home/justjhst/바탕화면/self-balancing-robot/Buzz_Rover/drivers/Inc" -I"/home/justjhst/바탕화면/self-balancing-robot/Buzz_Rover/app/Inc" -I"/home/justjhst/바탕화면/self-balancing-robot/Buzz_Rover/debug_app/Inc" -O0 -ffunction-sections -fdata-sections -Wall -fstack-usage -fcyclomatic-complexity -MMD -MP -MF"drivers/Src/buzz_tim.d" -MT"drivers/Src/buzz_tim.o" --specs=nano.specs -mfpu=fpv4-sp-d16 -mfloat-abi=hard -mthumb -o "drivers/Src/buzz_tim.o"
arm-none-eabi-gcc -o "Buzz_Rover.elf" @"objects.list"   -mcpu=cortex-m4 -T"/home/justjhst/바탕화면/self-balancing-robot/Buzz_Rover/STM32F446RETX_FLASH.ld" --specs=nosys.specs -Wl,-Map="Buzz_Rover.map" -Wl,--gc-sections -static --specs=nano.specs -mfpu=fpv4-sp-d16 -mfloat-abi=hard -mthumb -Wl,--start-group -lc -lm -Wl,--end-group
Finished building target: Buzz_Rover.elf
 
arm-none-eabi-size  Buzz_Rover.elf 
arm-none-eabi-objdump -h -S Buzz_Rover.elf  > "Buzz_Rover.list"
   text	   data	    bss	    dec	    hex	filename
   2920	      8	   1576	   4504	   1198	Buzz_Rover.elf
Finished building: default.size.stdout
 
Finished building: Buzz_Rover.list
 
01:09:36 **** Incremental Build of configuration Debug for project Buzz_Rover ****
make -j4 all 
arm-none-eabi-size  Buzz_Rover.elf 
   text	   data	    bss	    dec	    hex	filename
   2920	      8	   1576	   4504	   1198	Buzz_Rover.elf
Finished building: default.size.stdout
 
01:09:39 **** Incremental Build of configuration Debug for project Buzz_Rover ****
make -j4 all 
arm-none-eabi-size  Buzz_Rover.elf 
   text	   data	    bss	    dec	    hex	filename
   2920	      8	   1576	   4504	   1198	Buzz_Rover.elf
Finished building: default.size.stdout
 
17:13:51 **** Build of configuration Debug for project Buzz_Rover ****
make -j4 all 
arm-none-eabi-gcc "../Src/main.c" -mcpu=cortex-m4 -std=gnu11 -g3 -DDEBUG -DSTM32 -DSTM32F4 -DSTM32F446RETx -DNUCLEO_F446RE -c -I../Inc -I"/home/justjhst/바탕화면/self-balancing-robot/Buzz_Rover/bsp" -I"/home/justjhst/바탕화면/self-balancing-robot/Buzz_Rover/drivers/Inc" -I"/home/justjhst/바탕화면/self-balancing-robot/Buzz_Rover/app/Inc" -I"/home/justjhst/바탕화면/self-balancing-robot/Buzz_Rover/debug_app/Inc" -O0 -ffunction-sections -fdata-sections -Wall -fstack-usage -fcyclomatic-complexity -MMD -MP -MF"Src/main.d" -MT"Src/main.o" --specs=nano.specs -mfpu=fpv4-sp-d16 -mfloat-abi=hard -mthumb -o "Src/main.o"
arm-none-eabi-gcc -o "Buzz_Rover.elf" @"objects.list"   -mcpu=cortex-m4 -T"/home/justjhst/바탕화면/self-balancing-robot/Buzz_Rover/STM32F446RETX_FLASH.ld" --specs=nosys.specs -Wl,-Map="Buzz_Rover.map" -Wl,--gc-sections -static --specs=nano.specs -mfpu=fpv4-sp-d16 -mfloat-abi=hard -mthumb -Wl,--start-group -lc -lm -Wl,--end-group
Finished building target: Buzz_Rover.elf
 
arm-none-eabi-size  Buzz_Rover.elf 
arm-none-eabi-objdump -h -S Buzz_Rover.elf  > "Buzz_Rover.list"
   text	   data	    bss	    dec	    hex	filename
   2484	      8	   1576	   4068	    fe4	Buzz_Rover.elf
Finished building: default.size.stdout
 
Finished building: Buzz_Rover.list
 
17:27:31 **** Incremental Build of configuration Debug for project Buzz_Rover ****
make -j4 all 
arm-none-eabi-size  Buzz_Rover.elf 
   text	   data	    bss	    dec	    hex	filename
   2484	      8	   1576	   4068	    fe4	Buzz_Rover.elf
Finished building: default.size.stdout
 
17:27:49 **** Incremental Build of configuration Debug for project Buzz_Rover ****
make -j4 all 
arm-none-eabi-gcc "../Src/main.c" -mcpu=cortex-m4 -std=gnu11 -g3 -DDEBUG -DSTM32 -DSTM32F4 -DSTM32F446RETx -DNUCLEO_F446RE -c -I../Inc -I"/home/justjhst/바탕화면/self-balancing-robot/Buzz_Rover/bsp" -I"/home/justjhst/바탕화면/self-balancing-robot/Buzz_Rover/drivers/Inc" -I"/home/justjhst/바탕화면/self-balancing-robot/Buzz_Rover/app/Inc" -I"/home/justjhst/바탕화면/self-balancing-robot/Buzz_Rover/debug_app/Inc" -O0 -ffunction-sections -fdata-sections -Wall -fstack-usage -fcyclomatic-complexity -MMD -MP -MF"Src/main.d" -MT"Src/main.o" --specs=nano.specs -mfpu=fpv4-sp-d16 -mfloat-abi=hard -mthumb -o "Src/main.o"
arm-none-eabi-gcc -o "Buzz_Rover.elf" @"objects.list"   -mcpu=cortex-m4 -T"/home/justjhst/바탕화면/self-balancing-robot/Buzz_Rover/STM32F446RETX_FLASH.ld" --specs=nosys.specs -Wl,-Map="Buzz_Rover.map" -Wl,--gc-sections -static --specs=nano.specs -mfpu=fpv4-sp-d16 -mfloat-abi=hard -mthumb -Wl,--start-group -lc -lm -Wl,--end-group
Finished building target: Buzz_Rover.elf
 
arm-none-eabi-size  Buzz_Rover.elf 
arm-none-eabi-objdump -h -S Buzz_Rover.elf  > "Buzz_Rover.list"
   text	   data	    bss	    dec	    hex	filename
   2492	      8	   1576	   4076	    fec	Buzz_Rover.elf
Finished building: default.size.stdout
 
Finished building: Buzz_Rover.list
 
17:28:06 **** Incremental Build of configuration Debug for project Buzz_Rover ****
make -j4 all 
arm-none-eabi-gcc "../Src/main.c" -mcpu=cortex-m4 -std=gnu11 -g3 -DDEBUG -DSTM32 -DSTM32F4 -DSTM32F446RETx -DNUCLEO_F446RE -c -I../Inc -I"/home/justjhst/바탕화면/self-balancing-robot/Buzz_Rover/bsp" -I"/home/justjhst/바탕화면/self-balancing-robot/Buzz_Rover/drivers/Inc" -I"/home/justjhst/바탕화면/self-balancing-robot/Buzz_Rover/app/Inc" -I"/home/justjhst/바탕화면/self-balancing-robot/Buzz_Rover/debug_app/Inc" -O0 -ffunction-sections -fdata-sections -Wall -fstack-usage -fcyclomatic-complexity -MMD -MP -MF"Src/main.d" -MT"Src/main.o" --specs=nano.specs -mfpu=fpv4-sp-d16 -mfloat-abi=hard -mthumb -o "Src/main.o"
arm-none-eabi-gcc -o "Buzz_Rover.elf" @"objects.list"   -mcpu=cortex-m4 -T"/home/justjhst/바탕화면/self-balancing-robot/Buzz_Rover/STM32F446RETX_FLASH.ld" --specs=nosys.specs -Wl,-Map="Buzz_Rover.map" -Wl,--gc-sections -static --specs=nano.specs -mfpu=fpv4-sp-d16 -mfloat-abi=hard -mthumb -Wl,--start-group -lc -lm -Wl,--end-group
Finished building target: Buzz_Rover.elf
 
arm-none-eabi-size  Buzz_Rover.elf 
arm-none-eabi-objdump -h -S Buzz_Rover.elf  > "Buzz_Rover.list"
   text	   data	    bss	    dec	    hex	filename
   2492	      8	   1576	   4076	    fec	Buzz_Rover.elf
Finished building: default.size.stdout
 
Finished building: Buzz_Rover.list
 
17:37:15 **** Incremental Build of configuration Debug for project Buzz_Rover ****
make -j4 all 
arm-none-eabi-size  Buzz_Rover.elf 
   text	   data	    bss	    dec	    hex	filename
   2492	      8	   1576	   4076	    fec	Buzz_Rover.elf
Finished building: default.size.stdout
 
17:45:57 **** Incremental Build of configuration Debug for project Buzz_Rover ****
make -j4 all 
arm-none-eabi-gcc "../Src/main.c" -mcpu=cortex-m4 -std=gnu11 -g3 -DDEBUG -DSTM32 -DSTM32F4 -DSTM32F446RETx -DNUCLEO_F446RE -c -I../Inc -I"/home/justjhst/바탕화면/self-balancing-robot/Buzz_Rover/bsp" -I"/home/justjhst/바탕화면/self-balancing-robot/Buzz_Rover/drivers/Inc" -I"/home/justjhst/바탕화면/self-balancing-robot/Buzz_Rover/app/Inc" -I"/home/justjhst/바탕화면/self-balancing-robot/Buzz_Rover/debug_app/Inc" -O0 -ffunction-sections -fdata-sections -Wall -fstack-usage -fcyclomatic-complexity -MMD -MP -MF"Src/main.d" -MT"Src/main.o" --specs=nano.specs -mfpu=fpv4-sp-d16 -mfloat-abi=hard -mthumb -o "Src/main.o"
arm-none-eabi-gcc -o "Buzz_Rover.elf" @"objects.list"   -mcpu=cortex-m4 -T"/home/justjhst/바탕화면/self-balancing-robot/Buzz_Rover/STM32F446RETX_FLASH.ld" --specs=nosys.specs -Wl,-Map="Buzz_Rover.map" -Wl,--gc-sections -static --specs=nano.specs -mfpu=fpv4-sp-d16 -mfloat-abi=hard -mthumb -Wl,--start-group -lc -lm -Wl,--end-group
Finished building target: Buzz_Rover.elf
 
arm-none-eabi-size  Buzz_Rover.elf 
arm-none-eabi-objdump -h -S Buzz_Rover.elf  > "Buzz_Rover.list"
   text	   data	    bss	    dec	    hex	filename
   6768	    100	   1916	   8784	   2250	Buzz_Rover.elf
Finished building: default.size.stdout
 
Finished building: Buzz_Rover.list
 
18:29:48 **** Incremental Build of configuration Debug for project Buzz_Rover ****
make -j4 all 
arm-none-eabi-gcc "../drivers/Src/buzz_tim.c" -mcpu=cortex-m4 -std=gnu11 -g3 -DDEBUG -DSTM32 -DSTM32F4 -DSTM32F446RETx -DNUCLEO_F446RE -c -I../Inc -I"/home/justjhst/바탕화면/self-balancing-robot/Buzz_Rover/bsp" -I"/home/justjhst/바탕화면/self-balancing-robot/Buzz_Rover/drivers/Inc" -I"/home/justjhst/바탕화면/self-balancing-robot/Buzz_Rover/app/Inc" -I"/home/justjhst/바탕화면/self-balancing-robot/Buzz_Rover/debug_app/Inc" -O0 -ffunction-sections -fdata-sections -Wall -fstack-usage -fcyclomatic-complexity -MMD -MP -MF"drivers/Src/buzz_tim.d" -MT"drivers/Src/buzz_tim.o" --specs=nano.specs -mfpu=fpv4-sp-d16 -mfloat-abi=hard -mthumb -o "drivers/Src/buzz_tim.o"
arm-none-eabi-gcc -o "Buzz_Rover.elf" @"objects.list"   -mcpu=cortex-m4 -T"/home/justjhst/바탕화면/self-balancing-robot/Buzz_Rover/STM32F446RETX_FLASH.ld" --specs=nosys.specs -Wl,-Map="Buzz_Rover.map" -Wl,--gc-sections -static --specs=nano.specs -mfpu=fpv4-sp-d16 -mfloat-abi=hard -mthumb -Wl,--start-group -lc -lm -Wl,--end-group
Finished building target: Buzz_Rover.elf
 
arm-none-eabi-size  Buzz_Rover.elf 
arm-none-eabi-objdump -h -S Buzz_Rover.elf  > "Buzz_Rover.list"
   text	   data	    bss	    dec	    hex	filename
   6768	    100	   1916	   8784	   2250	Buzz_Rover.elf
Finished building: default.size.stdout
 
Finished building: Buzz_Rover.list
 
18:30:21 **** Incremental Build of configuration Debug for project Buzz_Rover ****
make -j4 all 
arm-none-eabi-gcc "../drivers/Src/buzz_tim.c" -mcpu=cortex-m4 -std=gnu11 -g3 -DDEBUG -DSTM32 -DSTM32F4 -DSTM32F446RETx -DNUCLEO_F446RE -c -I../Inc -I"/home/justjhst/바탕화면/self-balancing-robot/Buzz_Rover/bsp" -I"/home/justjhst/바탕화면/self-balancing-robot/Buzz_Rover/drivers/Inc" -I"/home/justjhst/바탕화면/self-balancing-robot/Buzz_Rover/app/Inc" -I"/home/justjhst/바탕화면/self-balancing-robot/Buzz_Rover/debug_app/Inc" -O0 -ffunction-sections -fdata-sections -Wall -fstack-usage -fcyclomatic-complexity -MMD -MP -MF"drivers/Src/buzz_tim.d" -MT"drivers/Src/buzz_tim.o" --specs=nano.specs -mfpu=fpv4-sp-d16 -mfloat-abi=hard -mthumb -o "drivers/Src/buzz_tim.o"
../drivers/Src/buzz_tim.c:32:15: warning: 'pwm_direction' defined but not used [-Wunused-variable]
   32 | static int8_t pwm_direction = 1;
      |               ^~~~~~~~~~~~~
../drivers/Src/buzz_tim.c:31:17: warning: 'pwm_duty' defined but not used [-Wunused-variable]
   31 | static uint16_t pwm_duty = 999;
      |                 ^~~~~~~~
arm-none-eabi-gcc -o "Buzz_Rover.elf" @"objects.list"   -mcpu=cortex-m4 -T"/home/justjhst/바탕화면/self-balancing-robot/Buzz_Rover/STM32F446RETX_FLASH.ld" --specs=nosys.specs -Wl,-Map="Buzz_Rover.map" -Wl,--gc-sections -static --specs=nano.specs -mfpu=fpv4-sp-d16 -mfloat-abi=hard -mthumb -Wl,--start-group -lc -lm -Wl,--end-group
Finished building target: Buzz_Rover.elf
 
arm-none-eabi-size  Buzz_Rover.elf 
arm-none-eabi-objdump -h -S Buzz_Rover.elf  > "Buzz_Rover.list"
   text	   data	    bss	    dec	    hex	filename
   6692	     96	   1912	   8700	   21fc	Buzz_Rover.elf
Finished building: default.size.stdout
 
Finished building: Buzz_Rover.list
 
18:36:02 **** Incremental Build of configuration Debug for project Buzz_Rover ****
make -j4 all 
arm-none-eabi-gcc "../drivers/Src/buzz_tim.c" -mcpu=cortex-m4 -std=gnu11 -g3 -DDEBUG -DSTM32 -DSTM32F4 -DSTM32F446RETx -DNUCLEO_F446RE -c -I../Inc -I"/home/justjhst/바탕화면/self-balancing-robot/Buzz_Rover/bsp" -I"/home/justjhst/바탕화면/self-balancing-robot/Buzz_Rover/drivers/Inc" -I"/home/justjhst/바탕화면/self-balancing-robot/Buzz_Rover/app/Inc" -I"/home/justjhst/바탕화면/self-balancing-robot/Buzz_Rover/debug_app/Inc" -O0 -ffunction-sections -fdata-sections -Wall -fstack-usage -fcyclomatic-complexity -MMD -MP -MF"drivers/Src/buzz_tim.d" -MT"drivers/Src/buzz_tim.o" --specs=nano.specs -mfpu=fpv4-sp-d16 -mfloat-abi=hard -mthumb -o "drivers/Src/buzz_tim.o"
arm-none-eabi-gcc "../app/Src/motor_ctrl.c" -mcpu=cortex-m4 -std=gnu11 -g3 -DDEBUG -DSTM32 -DSTM32F4 -DSTM32F446RETx -DNUCLEO_F446RE -c -I../Inc -I"/home/justjhst/바탕화면/self-balancing-robot/Buzz_Rover/bsp" -I"/home/justjhst/바탕화면/self-balancing-robot/Buzz_Rover/drivers/Inc" -I"/home/justjhst/바탕화면/self-balancing-robot/Buzz_Rover/app/Inc" -I"/home/justjhst/바탕화면/self-balancing-robot/Buzz_Rover/debug_app/Inc" -O0 -ffunction-sections -fdata-sections -Wall -fstack-usage -fcyclomatic-complexity -MMD -MP -MF"app/Src/motor_ctrl.d" -MT"app/Src/motor_ctrl.o" --specs=nano.specs -mfpu=fpv4-sp-d16 -mfloat-abi=hard -mthumb -o "app/Src/motor_ctrl.o"
arm-none-eabi-gcc "../app/Src/mpu6050.c" -mcpu=cortex-m4 -std=gnu11 -g3 -DDEBUG -DSTM32 -DSTM32F4 -DSTM32F446RETx -DNUCLEO_F446RE -c -I../Inc -I"/home/justjhst/바탕화면/self-balancing-robot/Buzz_Rover/bsp" -I"/home/justjhst/바탕화면/self-balancing-robot/Buzz_Rover/drivers/Inc" -I"/home/justjhst/바탕화면/self-balancing-robot/Buzz_Rover/app/Inc" -I"/home/justjhst/바탕화면/self-balancing-robot/Buzz_Rover/debug_app/Inc" -O0 -ffunction-sections -fdata-sections -Wall -fstack-usage -fcyclomatic-complexity -MMD -MP -MF"app/Src/mpu6050.d" -MT"app/Src/mpu6050.o" --specs=nano.specs -mfpu=fpv4-sp-d16 -mfloat-abi=hard -mthumb -o "app/Src/mpu6050.o"
../app/Src/mpu6050.c: In function 'MPU6050_SendPacket':
../app/Src/mpu6050.c:79:65: warning: format '%d' expects argument of type 'int', but argument 10 has type 'long int' [-Wformat=]
   79 |                         "AX:%d,AY:%d,AZ:%d,GX:%d,GY:%d,GZ:%d,T:%d\r\n",
      |                                                                ~^
      |                                                                 |
      |                                                                 int
      |                                                                %ld
   80 |                         raw.ax,raw.ay,raw.az,raw.gx,raw.gy,raw.gz,(int32_t)(raw.temp_raw / 340) + 36) + 1; // included \0
      |                                                                   ~~~~~~~~~~~~~~~~~~~~~~~~~~~~~~~~~~
      |                                                                                                 |
      |                                                                                                 long int
arm-none-eabi-gcc -o "Buzz_Rover.elf" @"objects.list"   -mcpu=cortex-m4 -T"/home/justjhst/바탕화면/self-balancing-robot/Buzz_Rover/STM32F446RETX_FLASH.ld" --specs=nosys.specs -Wl,-Map="Buzz_Rover.map" -Wl,--gc-sections -static --specs=nano.specs -mfpu=fpv4-sp-d16 -mfloat-abi=hard -mthumb -Wl,--start-group -lc -lm -Wl,--end-group
Finished building target: Buzz_Rover.elf
 
arm-none-eabi-size  Buzz_Rover.elf 
arm-none-eabi-objdump -h -S Buzz_Rover.elf  > "Buzz_Rover.list"
   text	   data	    bss	    dec	    hex	filename
   6692	     96	   1912	   8700	   21fc	Buzz_Rover.elf
Finished building: default.size.stdout
 
Finished building: Buzz_Rover.list
 
18:49:36 **** Incremental Build of configuration Debug for project Buzz_Rover ****
make -j4 all 
arm-none-eabi-size  Buzz_Rover.elf 
   text	   data	    bss	    dec	    hex	filename
   6692	     96	   1912	   8700	   21fc	Buzz_Rover.elf
Finished building: default.size.stdout
 
19:16:38 **** Incremental Build of configuration Debug for project Buzz_Rover ****
make -j4 all 
arm-none-eabi-size  Buzz_Rover.elf 
   text	   data	    bss	    dec	    hex	filename
   6692	     96	   1912	   8700	   21fc	Buzz_Rover.elf
Finished building: default.size.stdout
 
19:29:16 **** Incremental Build of configuration Debug for project Buzz_Rover ****
make -j4 all 
arm-none-eabi-gcc "../app/Src/motor_ctrl.c" -mcpu=cortex-m4 -std=gnu11 -g3 -DDEBUG -DSTM32 -DSTM32F4 -DSTM32F446RETx -DNUCLEO_F446RE -c -I../Inc -I"/home/justjhst/바탕화면/self-balancing-robot/Buzz_Rover/bsp" -I"/home/justjhst/바탕화면/self-balancing-robot/Buzz_Rover/drivers/Inc" -I"/home/justjhst/바탕화면/self-balancing-robot/Buzz_Rover/app/Inc" -I"/home/justjhst/바탕화면/self-balancing-robot/Buzz_Rover/debug_app/Inc" -O0 -ffunction-sections -fdata-sections -Wall -fstack-usage -fcyclomatic-complexity -MMD -MP -MF"app/Src/motor_ctrl.d" -MT"app/Src/motor_ctrl.o" --specs=nano.specs -mfpu=fpv4-sp-d16 -mfloat-abi=hard -mthumb -o "app/Src/motor_ctrl.o"
../app/Src/motor_ctrl.c: In function 'Motor_SetSpeed':
../app/Src/motor_ctrl.c:39:9: warning: implicit declaration of function 'TIM_SetDutyCycle' [-Wimplicit-function-declaration]
   39 |         TIM_SetDutyCycle(pMotorHandle->pPWM_Handle, duty_percent);
      |         ^~~~~~~~~~~~~~~~
arm-none-eabi-gcc -o "Buzz_Rover.elf" @"objects.list"   -mcpu=cortex-m4 -T"/home/justjhst/바탕화면/self-balancing-robot/Buzz_Rover/STM32F446RETX_FLASH.ld" --specs=nosys.specs -Wl,-Map="Buzz_Rover.map" -Wl,--gc-sections -static --specs=nano.specs -mfpu=fpv4-sp-d16 -mfloat-abi=hard -mthumb -Wl,--start-group -lc -lm -Wl,--end-group
Finished building target: Buzz_Rover.elf
 
arm-none-eabi-size  Buzz_Rover.elf 
arm-none-eabi-objdump -h -S Buzz_Rover.elf  > "Buzz_Rover.list"
   text	   data	    bss	    dec	    hex	filename
   6692	     96	   1912	   8700	   21fc	Buzz_Rover.elf
Finished building: default.size.stdout
 
Finished building: Buzz_Rover.list
 
19:29:48 **** Incremental Build of configuration Debug for project Buzz_Rover ****
make -j4 all 
arm-none-eabi-gcc "../app/Src/motor_ctrl.c" -mcpu=cortex-m4 -std=gnu11 -g3 -DDEBUG -DSTM32 -DSTM32F4 -DSTM32F446RETx -DNUCLEO_F446RE -c -I../Inc -I"/home/justjhst/바탕화면/self-balancing-robot/Buzz_Rover/bsp" -I"/home/justjhst/바탕화면/self-balancing-robot/Buzz_Rover/drivers/Inc" -I"/home/justjhst/바탕화면/self-balancing-robot/Buzz_Rover/app/Inc" -I"/home/justjhst/바탕화면/self-balancing-robot/Buzz_Rover/debug_app/Inc" -O0 -ffunction-sections -fdata-sections -Wall -fstack-usage -fcyclomatic-complexity -MMD -MP -MF"app/Src/motor_ctrl.d" -MT"app/Src/motor_ctrl.o" --specs=nano.specs -mfpu=fpv4-sp-d16 -mfloat-abi=hard -mthumb -o "app/Src/motor_ctrl.o"
../app/Src/motor_ctrl.c: In function 'Motor_SetSpeed':
../app/Src/motor_ctrl.c:40:9: warning: implicit declaration of function 'TIM_SetDutyCycle' [-Wimplicit-function-declaration]
   40 |         TIM_SetDutyCycle(pMotorHandle->pPWM_Handle, duty_percent);
      |         ^~~~~~~~~~~~~~~~
arm-none-eabi-gcc -o "Buzz_Rover.elf" @"objects.list"   -mcpu=cortex-m4 -T"/home/justjhst/바탕화면/self-balancing-robot/Buzz_Rover/STM32F446RETX_FLASH.ld" --specs=nosys.specs -Wl,-Map="Buzz_Rover.map" -Wl,--gc-sections -static --specs=nano.specs -mfpu=fpv4-sp-d16 -mfloat-abi=hard -mthumb -Wl,--start-group -lc -lm -Wl,--end-group
Finished building target: Buzz_Rover.elf
 
arm-none-eabi-size  Buzz_Rover.elf 
arm-none-eabi-objdump -h -S Buzz_Rover.elf  > "Buzz_Rover.list"
   text	   data	    bss	    dec	    hex	filename
   6692	     96	   1912	   8700	   21fc	Buzz_Rover.elf
Finished building: default.size.stdout
 
Finished building: Buzz_Rover.list
 
19:30:40 **** Incremental Build of configuration Debug for project Buzz_Rover ****
make -j4 all 
arm-none-eabi-gcc "../app/Src/motor_ctrl.c" -mcpu=cortex-m4 -std=gnu11 -g3 -DDEBUG -DSTM32 -DSTM32F4 -DSTM32F446RETx -DNUCLEO_F446RE -c -I../Inc -I"/home/justjhst/바탕화면/self-balancing-robot/Buzz_Rover/bsp" -I"/home/justjhst/바탕화면/self-balancing-robot/Buzz_Rover/drivers/Inc" -I"/home/justjhst/바탕화면/self-balancing-robot/Buzz_Rover/app/Inc" -I"/home/justjhst/바탕화면/self-balancing-robot/Buzz_Rover/debug_app/Inc" -O0 -ffunction-sections -fdata-sections -Wall -fstack-usage -fcyclomatic-complexity -MMD -MP -MF"app/Src/motor_ctrl.d" -MT"app/Src/motor_ctrl.o" --specs=nano.specs -mfpu=fpv4-sp-d16 -mfloat-abi=hard -mthumb -o "app/Src/motor_ctrl.o"
../app/Src/motor_ctrl.c: In function 'Motor_SetSpeed':
../app/Src/motor_ctrl.c:40:9: warning: implicit declaration of function 'TIM_SetDutyCycle' [-Wimplicit-function-declaration]
   40 |         TIM_SetDutyCycle(pMotorHandle->pPWM_Handle, duty_percent);
      |         ^~~~~~~~~~~~~~~~
arm-none-eabi-gcc -o "Buzz_Rover.elf" @"objects.list"   -mcpu=cortex-m4 -T"/home/justjhst/바탕화면/self-balancing-robot/Buzz_Rover/STM32F446RETX_FLASH.ld" --specs=nosys.specs -Wl,-Map="Buzz_Rover.map" -Wl,--gc-sections -static --specs=nano.specs -mfpu=fpv4-sp-d16 -mfloat-abi=hard -mthumb -Wl,--start-group -lc -lm -Wl,--end-group
Finished building target: Buzz_Rover.elf
 
arm-none-eabi-size  Buzz_Rover.elf 
arm-none-eabi-objdump -h -S Buzz_Rover.elf  > "Buzz_Rover.list"
   text	   data	    bss	    dec	    hex	filename
   6692	     96	   1912	   8700	   21fc	Buzz_Rover.elf
Finished building: default.size.stdout
 
Finished building: Buzz_Rover.list
 
19:31:27 **** Incremental Build of configuration Debug for project Buzz_Rover ****
make -j4 all 
arm-none-eabi-gcc "../drivers/Src/buzz_tim.c" -mcpu=cortex-m4 -std=gnu11 -g3 -DDEBUG -DSTM32 -DSTM32F4 -DSTM32F446RETx -DNUCLEO_F446RE -c -I../Inc -I"/home/justjhst/바탕화면/self-balancing-robot/Buzz_Rover/bsp" -I"/home/justjhst/바탕화면/self-balancing-robot/Buzz_Rover/drivers/Inc" -I"/home/justjhst/바탕화면/self-balancing-robot/Buzz_Rover/app/Inc" -I"/home/justjhst/바탕화면/self-balancing-robot/Buzz_Rover/debug_app/Inc" -O0 -ffunction-sections -fdata-sections -Wall -fstack-usage -fcyclomatic-complexity -MMD -MP -MF"drivers/Src/buzz_tim.d" -MT"drivers/Src/buzz_tim.o" --specs=nano.specs -mfpu=fpv4-sp-d16 -mfloat-abi=hard -mthumb -o "drivers/Src/buzz_tim.o"
arm-none-eabi-gcc "../debug_app/Src/tim_profiling.c" -mcpu=cortex-m4 -std=gnu11 -g3 -DDEBUG -DSTM32 -DSTM32F4 -DSTM32F446RETx -DNUCLEO_F446RE -c -I../Inc -I"/home/justjhst/바탕화면/self-balancing-robot/Buzz_Rover/bsp" -I"/home/justjhst/바탕화면/self-balancing-robot/Buzz_Rover/drivers/Inc" -I"/home/justjhst/바탕화면/self-balancing-robot/Buzz_Rover/app/Inc" -I"/home/justjhst/바탕화면/self-balancing-robot/Buzz_Rover/debug_app/Inc" -O0 -ffunction-sections -fdata-sections -Wall -fstack-usage -fcyclomatic-complexity -MMD -MP -MF"debug_app/Src/tim_profiling.d" -MT"debug_app/Src/tim_profiling.o" --specs=nano.specs -mfpu=fpv4-sp-d16 -mfloat-abi=hard -mthumb -o "debug_app/Src/tim_profiling.o"
arm-none-eabi-gcc "../app/Src/motor_ctrl.c" -mcpu=cortex-m4 -std=gnu11 -g3 -DDEBUG -DSTM32 -DSTM32F4 -DSTM32F446RETx -DNUCLEO_F446RE -c -I../Inc -I"/home/justjhst/바탕화면/self-balancing-robot/Buzz_Rover/bsp" -I"/home/justjhst/바탕화면/self-balancing-robot/Buzz_Rover/drivers/Inc" -I"/home/justjhst/바탕화면/self-balancing-robot/Buzz_Rover/app/Inc" -I"/home/justjhst/바탕화면/self-balancing-robot/Buzz_Rover/debug_app/Inc" -O0 -ffunction-sections -fdata-sections -Wall -fstack-usage -fcyclomatic-complexity -MMD -MP -MF"app/Src/motor_ctrl.d" -MT"app/Src/motor_ctrl.o" --specs=nano.specs -mfpu=fpv4-sp-d16 -mfloat-abi=hard -mthumb -o "app/Src/motor_ctrl.o"
arm-none-eabi-gcc "../Src/main.c" -mcpu=cortex-m4 -std=gnu11 -g3 -DDEBUG -DSTM32 -DSTM32F4 -DSTM32F446RETx -DNUCLEO_F446RE -c -I../Inc -I"/home/justjhst/바탕화면/self-balancing-robot/Buzz_Rover/bsp" -I"/home/justjhst/바탕화면/self-balancing-robot/Buzz_Rover/drivers/Inc" -I"/home/justjhst/바탕화면/self-balancing-robot/Buzz_Rover/app/Inc" -I"/home/justjhst/바탕화면/self-balancing-robot/Buzz_Rover/debug_app/Inc" -O0 -ffunction-sections -fdata-sections -Wall -fstack-usage -fcyclomatic-complexity -MMD -MP -MF"Src/main.d" -MT"Src/main.o" --specs=nano.specs -mfpu=fpv4-sp-d16 -mfloat-abi=hard -mthumb -o "Src/main.o"
arm-none-eabi-gcc -o "Buzz_Rover.elf" @"objects.list"   -mcpu=cortex-m4 -T"/home/justjhst/바탕화면/self-balancing-robot/Buzz_Rover/STM32F446RETX_FLASH.ld" --specs=nosys.specs -Wl,-Map="Buzz_Rover.map" -Wl,--gc-sections -static --specs=nano.specs -mfpu=fpv4-sp-d16 -mfloat-abi=hard -mthumb -Wl,--start-group -lc -lm -Wl,--end-group
Finished building target: Buzz_Rover.elf
 
arm-none-eabi-size  Buzz_Rover.elf 
arm-none-eabi-objdump -h -S Buzz_Rover.elf  > "Buzz_Rover.list"
   text	   data	    bss	    dec	    hex	filename
   6692	     96	   1912	   8700	   21fc	Buzz_Rover.elf
Finished building: default.size.stdout
 
Finished building: Buzz_Rover.list
 
19:31:36 **** Incremental Build of configuration Debug for project Buzz_Rover ****
make -j4 all 
arm-none-eabi-gcc "../app/Src/motor_ctrl.c" -mcpu=cortex-m4 -std=gnu11 -g3 -DDEBUG -DSTM32 -DSTM32F4 -DSTM32F446RETx -DNUCLEO_F446RE -c -I../Inc -I"/home/justjhst/바탕화면/self-balancing-robot/Buzz_Rover/bsp" -I"/home/justjhst/바탕화면/self-balancing-robot/Buzz_Rover/drivers/Inc" -I"/home/justjhst/바탕화면/self-balancing-robot/Buzz_Rover/app/Inc" -I"/home/justjhst/바탕화면/self-balancing-robot/Buzz_Rover/debug_app/Inc" -O0 -ffunction-sections -fdata-sections -Wall -fstack-usage -fcyclomatic-complexity -MMD -MP -MF"app/Src/motor_ctrl.d" -MT"app/Src/motor_ctrl.o" --specs=nano.specs -mfpu=fpv4-sp-d16 -mfloat-abi=hard -mthumb -o "app/Src/motor_ctrl.o"
arm-none-eabi-gcc -o "Buzz_Rover.elf" @"objects.list"   -mcpu=cortex-m4 -T"/home/justjhst/바탕화면/self-balancing-robot/Buzz_Rover/STM32F446RETX_FLASH.ld" --specs=nosys.specs -Wl,-Map="Buzz_Rover.map" -Wl,--gc-sections -static --specs=nano.specs -mfpu=fpv4-sp-d16 -mfloat-abi=hard -mthumb -Wl,--start-group -lc -lm -Wl,--end-group
Finished building target: Buzz_Rover.elf
 
arm-none-eabi-size  Buzz_Rover.elf 
arm-none-eabi-objdump -h -S Buzz_Rover.elf  > "Buzz_Rover.list"
   text	   data	    bss	    dec	    hex	filename
   6692	     96	   1912	   8700	   21fc	Buzz_Rover.elf
Finished building: default.size.stdout
 
Finished building: Buzz_Rover.list
 
01:11:52 **** Incremental Build of configuration Debug for project Buzz_Rover ****
make -j4 all 
arm-none-eabi-gcc "../Src/main.c" -mcpu=cortex-m4 -std=gnu11 -g3 -DDEBUG -DSTM32 -DSTM32F4 -DSTM32F446RETx -DNUCLEO_F446RE -c -I../Inc -I"/home/justjhst/바탕화면/self-balancing-robot/Buzz_Rover/bsp" -I"/home/justjhst/바탕화면/self-balancing-robot/Buzz_Rover/drivers/Inc" -I"/home/justjhst/바탕화면/self-balancing-robot/Buzz_Rover/app/Inc" -I"/home/justjhst/바탕화면/self-balancing-robot/Buzz_Rover/debug_app/Inc" -O0 -ffunction-sections -fdata-sections -Wall -fstack-usage -fcyclomatic-complexity -MMD -MP -MF"Src/main.d" -MT"Src/main.o" --specs=nano.specs -mfpu=fpv4-sp-d16 -mfloat-abi=hard -mthumb -o "Src/main.o"
../Src/main.c: In function 'main':
../Src/main.c:117:9: error: unknown type name 'Motor_Handle_t'; did you mean 'TIM_Handle_t'?
  117 |         Motor_Handle_t PWMA;
      |         ^~~~~~~~~~~~~~
      |         TIM_Handle_t
../Src/main.c:118:13: error: request for member 'pIN1_Port' in something not a structure or union
  118 |         PWMA.pIN1_Port = GPIOB;
      |             ^
../Src/main.c:119:13: error: request for member 'IN1_Pin' in something not a structure or union
  119 |         PWMA.IN1_Pin = GPIO_PIN_NO_0;
      |             ^
../Src/main.c:120:13: error: request for member 'pIN2_Port' in something not a structure or union
  120 |         PWMA.pIN2_Port = GPIOB;
      |             ^
../Src/main.c:121:13: error: request for member 'IN2_Pin' in something not a structure or union
  121 |         PWMA.IN2_Pin = GPIO_PIN_NO_1;
      |             ^
../Src/main.c:122:13: error: request for member 'pPWM_Handle' in something not a structure or union
  122 |         PWMA.pPWM_Handle = &CH1PWMA;
      |             ^
../Src/main.c:124:9: error: unknown type name 'Motor_Handle_t'; did you mean 'TIM_Handle_t'?
  124 |         Motor_Handle_t PWMB;
      |         ^~~~~~~~~~~~~~
      |         TIM_Handle_t
../Src/main.c:125:13: error: request for member 'pIN1_Port' in something not a structure or union
  125 |         PWMB.pIN1_Port = GPIOB;
      |             ^
../Src/main.c:126:13: error: request for member 'IN1_Pin' in something not a structure or union
  126 |         PWMB.IN1_Pin = GPIO_PIN_NO_2;
      |             ^
../Src/main.c:127:13: error: request for member 'pIN2_Port' in something not a structure or union
  127 |         PWMB.pIN2_Port = GPIOB;
      |             ^
../Src/main.c:128:13: error: request for member 'IN2_Pin' in something not a structure or union
  128 |         PWMB.IN2_Pin = GPIO_PIN_NO_10;
      |             ^
../Src/main.c:129:13: error: request for member 'pPWM_Handle' in something not a structure or union
  129 |         PWMB.pPWM_Handle = &CH2PWMB;
      |             ^
../Src/main.c:131:9: warning: implicit declaration of function 'Motor_EnableDriver' [-Wimplicit-function-declaration]
  131 |         Motor_EnableDriver(GPIOB, GPIO_PIN_NO_4);
      |         ^~~~~~~~~~~~~~~~~~
../Src/main.c:133:9: warning: implicit declaration of function 'Motor_SetSpeed' [-Wimplicit-function-declaration]
  133 |         Motor_SetSpeed(&PWMA, 30);
      |         ^~~~~~~~~~~~~~
../Src/main.c:139:17: warning: implicit declaration of function 'Motor_SetDirection' [-Wimplicit-function-declaration]
  139 |                 Motor_SetDirection(&MotorA_Handle, MOTOR_DIR_FORWARD);
      |                 ^~~~~~~~~~~~~~~~~~
../Src/main.c:139:37: error: 'MotorA_Handle' undeclared (first use in this function)
  139 |                 Motor_SetDirection(&MotorA_Handle, MOTOR_DIR_FORWARD);
      |                                     ^~~~~~~~~~~~~
../Src/main.c:139:37: note: each undeclared identifier is reported only once for each function it appears in
../Src/main.c:139:52: error: 'MOTOR_DIR_FORWARD' undeclared (first use in this function)
  139 |                 Motor_SetDirection(&MotorA_Handle, MOTOR_DIR_FORWARD);
      |                                                    ^~~~~~~~~~~~~~~~~
../Src/main.c:140:37: error: 'MotorB_Handle' undeclared (first use in this function)
  140 |                 Motor_SetDirection(&MotorB_Handle, MOTOR_DIR_FORWARD);
      |                                     ^~~~~~~~~~~~~
../Src/main.c:143:52: error: 'MOTOR_DIR_REVERSE' undeclared (first use in this function)
  143 |                 Motor_SetDirection(&MotorA_Handle, MOTOR_DIR_REVERSE);
      |                                                    ^~~~~~~~~~~~~~~~~
../Src/main.c:147:52: error: 'MOTOR_DIR_BRAKE' undeclared (first use in this function)
  147 |                 Motor_SetDirection(&MotorA_Handle, MOTOR_DIR_BRAKE);
      |                                                    ^~~~~~~~~~~~~~~
../Src/main.c:151:52: error: 'MOTOR_DIR_COAST' undeclared (first use in this function)
  151 |                 Motor_SetDirection(&MotorA_Handle, MOTOR_DIR_COAST);
      |                                                    ^~~~~~~~~~~~~~~
make: *** [Src/subdir.mk:28: Src/main.o] Error 1
"make -j4 all" terminated with exit code 2. Build might be incomplete.
01:12:17 **** Incremental Build of configuration Debug for project Buzz_Rover ****
make -j4 all 
arm-none-eabi-gcc "../Src/main.c" -mcpu=cortex-m4 -std=gnu11 -g3 -DDEBUG -DSTM32 -DSTM32F4 -DSTM32F446RETx -DNUCLEO_F446RE -c -I../Inc -I"/home/justjhst/바탕화면/self-balancing-robot/Buzz_Rover/bsp" -I"/home/justjhst/바탕화면/self-balancing-robot/Buzz_Rover/drivers/Inc" -I"/home/justjhst/바탕화면/self-balancing-robot/Buzz_Rover/app/Inc" -I"/home/justjhst/바탕화면/self-balancing-robot/Buzz_Rover/debug_app/Inc" -O0 -ffunction-sections -fdata-sections -Wall -fstack-usage -fcyclomatic-complexity -MMD -MP -MF"Src/main.d" -MT"Src/main.o" --specs=nano.specs -mfpu=fpv4-sp-d16 -mfloat-abi=hard -mthumb -o "Src/main.o"
../Src/main.c: In function 'main':
../Src/main.c:140:37: error: 'MotorA_Handle' undeclared (first use in this function); did you mean 'Motor_Handle_t'?
  140 |                 Motor_SetDirection(&MotorA_Handle, MOTOR_DIR_FORWARD);
      |                                     ^~~~~~~~~~~~~
      |                                     Motor_Handle_t
../Src/main.c:140:37: note: each undeclared identifier is reported only once for each function it appears in
../Src/main.c:141:37: error: 'MotorB_Handle' undeclared (first use in this function); did you mean 'Motor_Handle_t'?
  141 |                 Motor_SetDirection(&MotorB_Handle, MOTOR_DIR_FORWARD);
      |                                     ^~~~~~~~~~~~~
      |                                     Motor_Handle_t
make: *** [Src/subdir.mk:28: Src/main.o] Error 1
"make -j4 all" terminated with exit code 2. Build might be incomplete.
01:13:11 **** Incremental Build of configuration Debug for project Buzz_Rover ****
make -j4 all 
arm-none-eabi-gcc "../Src/main.c" -mcpu=cortex-m4 -std=gnu11 -g3 -DDEBUG -DSTM32 -DSTM32F4 -DSTM32F446RETx -DNUCLEO_F446RE -c -I../Inc -I"/home/justjhst/바탕화면/self-balancing-robot/Buzz_Rover/bsp" -I"/home/justjhst/바탕화면/self-balancing-robot/Buzz_Rover/drivers/Inc" -I"/home/justjhst/바탕화면/self-balancing-robot/Buzz_Rover/app/Inc" -I"/home/justjhst/바탕화면/self-balancing-robot/Buzz_Rover/debug_app/Inc" -O0 -ffunction-sections -fdata-sections -Wall -fstack-usage -fcyclomatic-complexity -MMD -MP -MF"Src/main.d" -MT"Src/main.o" --specs=nano.specs -mfpu=fpv4-sp-d16 -mfloat-abi=hard -mthumb -o "Src/main.o"
arm-none-eabi-gcc -o "Buzz_Rover.elf" @"objects.list"   -mcpu=cortex-m4 -T"/home/justjhst/바탕화면/self-balancing-robot/Buzz_Rover/STM32F446RETX_FLASH.ld" --specs=nosys.specs -Wl,-Map="Buzz_Rover.map" -Wl,--gc-sections -static --specs=nano.specs -mfpu=fpv4-sp-d16 -mfloat-abi=hard -mthumb -Wl,--start-group -lc -lm -Wl,--end-group
Finished building target: Buzz_Rover.elf
 
arm-none-eabi-size  Buzz_Rover.elf 
arm-none-eabi-objdump -h -S Buzz_Rover.elf  > "Buzz_Rover.list"
   text	   data	    bss	    dec	    hex	filename
   3404	      4	   1580	   4988	   137c	Buzz_Rover.elf
Finished building: default.size.stdout
 
Finished building: Buzz_Rover.list
 
01:13:47 **** Incremental Build of configuration Debug for project Buzz_Rover ****
make -j4 all 
arm-none-eabi-gcc "../Src/main.c" -mcpu=cortex-m4 -std=gnu11 -g3 -DDEBUG -DSTM32 -DSTM32F4 -DSTM32F446RETx -DNUCLEO_F446RE -c -I../Inc -I"/home/justjhst/바탕화면/self-balancing-robot/Buzz_Rover/bsp" -I"/home/justjhst/바탕화면/self-balancing-robot/Buzz_Rover/drivers/Inc" -I"/home/justjhst/바탕화면/self-balancing-robot/Buzz_Rover/app/Inc" -I"/home/justjhst/바탕화면/self-balancing-robot/Buzz_Rover/debug_app/Inc" -O0 -ffunction-sections -fdata-sections -Wall -fstack-usage -fcyclomatic-complexity -MMD -MP -MF"Src/main.d" -MT"Src/main.o" --specs=nano.specs -mfpu=fpv4-sp-d16 -mfloat-abi=hard -mthumb -o "Src/main.o"
arm-none-eabi-gcc -o "Buzz_Rover.elf" @"objects.list"   -mcpu=cortex-m4 -T"/home/justjhst/바탕화면/self-balancing-robot/Buzz_Rover/STM32F446RETX_FLASH.ld" --specs=nosys.specs -Wl,-Map="Buzz_Rover.map" -Wl,--gc-sections -static --specs=nano.specs -mfpu=fpv4-sp-d16 -mfloat-abi=hard -mthumb -Wl,--start-group -lc -lm -Wl,--end-group
Finished building target: Buzz_Rover.elf
 
arm-none-eabi-size  Buzz_Rover.elf 
arm-none-eabi-objdump -h -S Buzz_Rover.elf  > "Buzz_Rover.list"
   text	   data	    bss	    dec	    hex	filename
   3404	      4	   1580	   4988	   137c	Buzz_Rover.elf
Finished building: default.size.stdout
 
Finished building: Buzz_Rover.list
 
01:14:31 **** Incremental Build of configuration Debug for project Buzz_Rover ****
make -j4 all 
arm-none-eabi-size  Buzz_Rover.elf 
   text	   data	    bss	    dec	    hex	filename
   3404	      4	   1580	   4988	   137c	Buzz_Rover.elf
Finished building: default.size.stdout
 
01:18:42 **** Incremental Build of configuration Debug for project Buzz_Rover ****
make -j4 all 
arm-none-eabi-size  Buzz_Rover.elf 
   text	   data	    bss	    dec	    hex	filename
   3404	      4	   1580	   4988	   137c	Buzz_Rover.elf
Finished building: default.size.stdout
 
01:33:08 **** Incremental Build of configuration Debug for project Buzz_Rover ****
make -j4 all 
arm-none-eabi-gcc "../Src/main.c" -mcpu=cortex-m4 -std=gnu11 -g3 -DDEBUG -DSTM32 -DSTM32F4 -DSTM32F446RETx -DNUCLEO_F446RE -c -I../Inc -I"/home/justjhst/바탕화면/self-balancing-robot/Buzz_Rover/bsp" -I"/home/justjhst/바탕화면/self-balancing-robot/Buzz_Rover/drivers/Inc" -I"/home/justjhst/바탕화면/self-balancing-robot/Buzz_Rover/app/Inc" -I"/home/justjhst/바탕화면/self-balancing-robot/Buzz_Rover/debug_app/Inc" -O0 -ffunction-sections -fdata-sections -Wall -fstack-usage -fcyclomatic-complexity -MMD -MP -MF"Src/main.d" -MT"Src/main.o" --specs=nano.specs -mfpu=fpv4-sp-d16 -mfloat-abi=hard -mthumb -o "Src/main.o"
arm-none-eabi-gcc -o "Buzz_Rover.elf" @"objects.list"   -mcpu=cortex-m4 -T"/home/justjhst/바탕화면/self-balancing-robot/Buzz_Rover/STM32F446RETX_FLASH.ld" --specs=nosys.specs -Wl,-Map="Buzz_Rover.map" -Wl,--gc-sections -static --specs=nano.specs -mfpu=fpv4-sp-d16 -mfloat-abi=hard -mthumb -Wl,--start-group -lc -lm -Wl,--end-group
Finished building target: Buzz_Rover.elf
 
arm-none-eabi-size  Buzz_Rover.elf 
arm-none-eabi-objdump -h -S Buzz_Rover.elf  > "Buzz_Rover.list"
   text	   data	    bss	    dec	    hex	filename
   3404	      4	   1580	   4988	   137c	Buzz_Rover.elf
Finished building: default.size.stdout
 
Finished building: Buzz_Rover.list
 
01:34:02 **** Incremental Build of configuration Debug for project Buzz_Rover ****
make -j4 all 
arm-none-eabi-size  Buzz_Rover.elf 
   text	   data	    bss	    dec	    hex	filename
   3404	      4	   1580	   4988	   137c	Buzz_Rover.elf
Finished building: default.size.stdout
 
02:16:24 **** Incremental Build of configuration Debug for project Buzz_Rover ****
make -j4 all 
arm-none-eabi-gcc "../Src/main.c" -mcpu=cortex-m4 -std=gnu11 -g3 -DDEBUG -DSTM32 -DSTM32F4 -DSTM32F446RETx -DNUCLEO_F446RE -c -I../Inc -I"/home/justjhst/바탕화면/self-balancing-robot/Buzz_Rover/bsp" -I"/home/justjhst/바탕화면/self-balancing-robot/Buzz_Rover/drivers/Inc" -I"/home/justjhst/바탕화면/self-balancing-robot/Buzz_Rover/app/Inc" -I"/home/justjhst/바탕화면/self-balancing-robot/Buzz_Rover/debug_app/Inc" -O0 -ffunction-sections -fdata-sections -Wall -fstack-usage -fcyclomatic-complexity -MMD -MP -MF"Src/main.d" -MT"Src/main.o" --specs=nano.specs -mfpu=fpv4-sp-d16 -mfloat-abi=hard -mthumb -o "Src/main.o"
arm-none-eabi-gcc -o "Buzz_Rover.elf" @"objects.list"   -mcpu=cortex-m4 -T"/home/justjhst/바탕화면/self-balancing-robot/Buzz_Rover/STM32F446RETX_FLASH.ld" --specs=nosys.specs -Wl,-Map="Buzz_Rover.map" -Wl,--gc-sections -static --specs=nano.specs -mfpu=fpv4-sp-d16 -mfloat-abi=hard -mthumb -Wl,--start-group -lc -lm -Wl,--end-group
Finished building target: Buzz_Rover.elf
 
arm-none-eabi-size  Buzz_Rover.elf 
arm-none-eabi-objdump -h -S Buzz_Rover.elf  > "Buzz_Rover.list"
   text	   data	    bss	    dec	    hex	filename
   7676	     96	   1920	   9692	   25dc	Buzz_Rover.elf
Finished building: default.size.stdout
 
Finished building: Buzz_Rover.list
 
02:16:27 **** Incremental Build of configuration Debug for project Buzz_Rover ****
make -j4 all 
arm-none-eabi-size  Buzz_Rover.elf 
   text	   data	    bss	    dec	    hex	filename
   7676	     96	   1920	   9692	   25dc	Buzz_Rover.elf
Finished building: default.size.stdout
 
02:34:31 **** Incremental Build of configuration Debug for project Buzz_Rover ****
make -j4 all 
arm-none-eabi-size  Buzz_Rover.elf 
   text	   data	    bss	    dec	    hex	filename
   7676	     96	   1920	   9692	   25dc	Buzz_Rover.elf
Finished building: default.size.stdout
 
02:59:08 **** Incremental Build of configuration Debug for project Buzz_Rover ****
make -j4 all 
arm-none-eabi-gcc "../Src/main.c" -mcpu=cortex-m4 -std=gnu11 -g3 -DDEBUG -DSTM32 -DSTM32F4 -DSTM32F446RETx -DNUCLEO_F446RE -c -I../Inc -I"/home/justjhst/바탕화면/self-balancing-robot/Buzz_Rover/bsp" -I"/home/justjhst/바탕화면/self-balancing-robot/Buzz_Rover/drivers/Inc" -I"/home/justjhst/바탕화면/self-balancing-robot/Buzz_Rover/app/Inc" -I"/home/justjhst/바탕화면/self-balancing-robot/Buzz_Rover/debug_app/Inc" -O0 -ffunction-sections -fdata-sections -Wall -fstack-usage -fcyclomatic-complexity -MMD -MP -MF"Src/main.d" -MT"Src/main.o" --specs=nano.specs -mfpu=fpv4-sp-d16 -mfloat-abi=hard -mthumb -o "Src/main.o"
arm-none-eabi-gcc -o "Buzz_Rover.elf" @"objects.list"   -mcpu=cortex-m4 -T"/home/justjhst/바탕화면/self-balancing-robot/Buzz_Rover/STM32F446RETX_FLASH.ld" --specs=nosys.specs -Wl,-Map="Buzz_Rover.map" -Wl,--gc-sections -static --specs=nano.specs -mfpu=fpv4-sp-d16 -mfloat-abi=hard -mthumb -Wl,--start-group -lc -lm -Wl,--end-group
Finished building target: Buzz_Rover.elf
 
arm-none-eabi-size  Buzz_Rover.elf 
arm-none-eabi-objdump -h -S Buzz_Rover.elf  > "Buzz_Rover.list"
   text	   data	    bss	    dec	    hex	filename
   7676	     96	   1920	   9692	   25dc	Buzz_Rover.elf
Finished building: default.size.stdout
 
Finished building: Buzz_Rover.list
 
02:59:14 **** Incremental Build of configuration Debug for project Buzz_Rover ****
make -j4 all 
arm-none-eabi-size  Buzz_Rover.elf 
   text	   data	    bss	    dec	    hex	filename
   7676	     96	   1920	   9692	   25dc	Buzz_Rover.elf
Finished building: default.size.stdout
 
03:04:34 **** Incremental Build of configuration Debug for project Buzz_Rover ****
make -j4 all 
arm-none-eabi-gcc "../Src/main.c" -mcpu=cortex-m4 -std=gnu11 -g3 -DDEBUG -DSTM32 -DSTM32F4 -DSTM32F446RETx -DNUCLEO_F446RE -c -I../Inc -I"/home/justjhst/바탕화면/self-balancing-robot/Buzz_Rover/bsp" -I"/home/justjhst/바탕화면/self-balancing-robot/Buzz_Rover/drivers/Inc" -I"/home/justjhst/바탕화면/self-balancing-robot/Buzz_Rover/app/Inc" -I"/home/justjhst/바탕화면/self-balancing-robot/Buzz_Rover/debug_app/Inc" -O0 -ffunction-sections -fdata-sections -Wall -fstack-usage -fcyclomatic-complexity -MMD -MP -MF"Src/main.d" -MT"Src/main.o" --specs=nano.specs -mfpu=fpv4-sp-d16 -mfloat-abi=hard -mthumb -o "Src/main.o"
arm-none-eabi-gcc -o "Buzz_Rover.elf" @"objects.list"   -mcpu=cortex-m4 -T"/home/justjhst/바탕화면/self-balancing-robot/Buzz_Rover/STM32F446RETX_FLASH.ld" --specs=nosys.specs -Wl,-Map="Buzz_Rover.map" -Wl,--gc-sections -static --specs=nano.specs -mfpu=fpv4-sp-d16 -mfloat-abi=hard -mthumb -Wl,--start-group -lc -lm -Wl,--end-group
Finished building target: Buzz_Rover.elf
 
arm-none-eabi-size  Buzz_Rover.elf 
arm-none-eabi-objdump -h -S Buzz_Rover.elf  > "Buzz_Rover.list"
   text	   data	    bss	    dec	    hex	filename
   7948	     96	   1920	   9964	   26ec	Buzz_Rover.elf
Finished building: default.size.stdout
 
Finished building: Buzz_Rover.list
 
03:04:38 **** Incremental Build of configuration Debug for project Buzz_Rover ****
make -j4 all 
arm-none-eabi-size  Buzz_Rover.elf 
   text	   data	    bss	    dec	    hex	filename
   7948	     96	   1920	   9964	   26ec	Buzz_Rover.elf
Finished building: default.size.stdout
 
03:08:44 **** Incremental Build of configuration Debug for project Buzz_Rover ****
make -j4 all 
arm-none-eabi-gcc "../Src/main.c" -mcpu=cortex-m4 -std=gnu11 -g3 -DDEBUG -DSTM32 -DSTM32F4 -DSTM32F446RETx -DNUCLEO_F446RE -c -I../Inc -I"/home/justjhst/바탕화면/self-balancing-robot/Buzz_Rover/bsp" -I"/home/justjhst/바탕화면/self-balancing-robot/Buzz_Rover/drivers/Inc" -I"/home/justjhst/바탕화면/self-balancing-robot/Buzz_Rover/app/Inc" -I"/home/justjhst/바탕화면/self-balancing-robot/Buzz_Rover/debug_app/Inc" -O0 -ffunction-sections -fdata-sections -Wall -fstack-usage -fcyclomatic-complexity -MMD -MP -MF"Src/main.d" -MT"Src/main.o" --specs=nano.specs -mfpu=fpv4-sp-d16 -mfloat-abi=hard -mthumb -o "Src/main.o"
arm-none-eabi-gcc -o "Buzz_Rover.elf" @"objects.list"   -mcpu=cortex-m4 -T"/home/justjhst/바탕화면/self-balancing-robot/Buzz_Rover/STM32F446RETX_FLASH.ld" --specs=nosys.specs -Wl,-Map="Buzz_Rover.map" -Wl,--gc-sections -static --specs=nano.specs -mfpu=fpv4-sp-d16 -mfloat-abi=hard -mthumb -Wl,--start-group -lc -lm -Wl,--end-group
Finished building target: Buzz_Rover.elf
 
arm-none-eabi-size  Buzz_Rover.elf 
arm-none-eabi-objdump -h -S Buzz_Rover.elf  > "Buzz_Rover.list"
   text	   data	    bss	    dec	    hex	filename
   7948	     96	   1920	   9964	   26ec	Buzz_Rover.elf
Finished building: default.size.stdout
 
Finished building: Buzz_Rover.list
 
03:08:47 **** Incremental Build of configuration Debug for project Buzz_Rover ****
make -j4 all 
arm-none-eabi-size  Buzz_Rover.elf 
   text	   data	    bss	    dec	    hex	filename
   7948	     96	   1920	   9964	   26ec	Buzz_Rover.elf
Finished building: default.size.stdout
 
03:11:04 **** Incremental Build of configuration Debug for project Buzz_Rover ****
make -j4 all 
arm-none-eabi-gcc "../Src/main.c" -mcpu=cortex-m4 -std=gnu11 -g3 -DDEBUG -DSTM32 -DSTM32F4 -DSTM32F446RETx -DNUCLEO_F446RE -c -I../Inc -I"/home/justjhst/바탕화면/self-balancing-robot/Buzz_Rover/bsp" -I"/home/justjhst/바탕화면/self-balancing-robot/Buzz_Rover/drivers/Inc" -I"/home/justjhst/바탕화면/self-balancing-robot/Buzz_Rover/app/Inc" -I"/home/justjhst/바탕화면/self-balancing-robot/Buzz_Rover/debug_app/Inc" -O0 -ffunction-sections -fdata-sections -Wall -fstack-usage -fcyclomatic-complexity -MMD -MP -MF"Src/main.d" -MT"Src/main.o" --specs=nano.specs -mfpu=fpv4-sp-d16 -mfloat-abi=hard -mthumb -o "Src/main.o"
arm-none-eabi-gcc -o "Buzz_Rover.elf" @"objects.list"   -mcpu=cortex-m4 -T"/home/justjhst/바탕화면/self-balancing-robot/Buzz_Rover/STM32F446RETX_FLASH.ld" --specs=nosys.specs -Wl,-Map="Buzz_Rover.map" -Wl,--gc-sections -static --specs=nano.specs -mfpu=fpv4-sp-d16 -mfloat-abi=hard -mthumb -Wl,--start-group -lc -lm -Wl,--end-group
Finished building target: Buzz_Rover.elf
 
arm-none-eabi-size  Buzz_Rover.elf 
arm-none-eabi-objdump -h -S Buzz_Rover.elf  > "Buzz_Rover.list"
   text	   data	    bss	    dec	    hex	filename
   7948	     96	   1920	   9964	   26ec	Buzz_Rover.elf
Finished building: default.size.stdout
 
Finished building: Buzz_Rover.list
 
03:11:07 **** Incremental Build of configuration Debug for project Buzz_Rover ****
make -j4 all 
arm-none-eabi-size  Buzz_Rover.elf 
   text	   data	    bss	    dec	    hex	filename
   7948	     96	   1920	   9964	   26ec	Buzz_Rover.elf
Finished building: default.size.stdout
 
03:11:39 **** Incremental Build of configuration Debug for project Buzz_Rover ****
make -j4 all 
arm-none-eabi-gcc "../Src/main.c" -mcpu=cortex-m4 -std=gnu11 -g3 -DDEBUG -DSTM32 -DSTM32F4 -DSTM32F446RETx -DNUCLEO_F446RE -c -I../Inc -I"/home/justjhst/바탕화면/self-balancing-robot/Buzz_Rover/bsp" -I"/home/justjhst/바탕화면/self-balancing-robot/Buzz_Rover/drivers/Inc" -I"/home/justjhst/바탕화면/self-balancing-robot/Buzz_Rover/app/Inc" -I"/home/justjhst/바탕화면/self-balancing-robot/Buzz_Rover/debug_app/Inc" -O0 -ffunction-sections -fdata-sections -Wall -fstack-usage -fcyclomatic-complexity -MMD -MP -MF"Src/main.d" -MT"Src/main.o" --specs=nano.specs -mfpu=fpv4-sp-d16 -mfloat-abi=hard -mthumb -o "Src/main.o"
arm-none-eabi-gcc -o "Buzz_Rover.elf" @"objects.list"   -mcpu=cortex-m4 -T"/home/justjhst/바탕화면/self-balancing-robot/Buzz_Rover/STM32F446RETX_FLASH.ld" --specs=nosys.specs -Wl,-Map="Buzz_Rover.map" -Wl,--gc-sections -static --specs=nano.specs -mfpu=fpv4-sp-d16 -mfloat-abi=hard -mthumb -Wl,--start-group -lc -lm -Wl,--end-group
Finished building target: Buzz_Rover.elf
 
arm-none-eabi-size  Buzz_Rover.elf 
arm-none-eabi-objdump -h -S Buzz_Rover.elf  > "Buzz_Rover.list"
   text	   data	    bss	    dec	    hex	filename
   7948	     96	   1920	   9964	   26ec	Buzz_Rover.elf
Finished building: default.size.stdout
 
Finished building: Buzz_Rover.list
 
03:11:42 **** Incremental Build of configuration Debug for project Buzz_Rover ****
make -j4 all 
arm-none-eabi-size  Buzz_Rover.elf 
   text	   data	    bss	    dec	    hex	filename
   7948	     96	   1920	   9964	   26ec	Buzz_Rover.elf
Finished building: default.size.stdout
 
03:14:36 **** Incremental Build of configuration Debug for project Buzz_Rover ****
make -j4 all 
arm-none-eabi-gcc "../Src/main.c" -mcpu=cortex-m4 -std=gnu11 -g3 -DDEBUG -DSTM32 -DSTM32F4 -DSTM32F446RETx -DNUCLEO_F446RE -c -I../Inc -I"/home/justjhst/바탕화면/self-balancing-robot/Buzz_Rover/bsp" -I"/home/justjhst/바탕화면/self-balancing-robot/Buzz_Rover/drivers/Inc" -I"/home/justjhst/바탕화면/self-balancing-robot/Buzz_Rover/app/Inc" -I"/home/justjhst/바탕화면/self-balancing-robot/Buzz_Rover/debug_app/Inc" -O0 -ffunction-sections -fdata-sections -Wall -fstack-usage -fcyclomatic-complexity -MMD -MP -MF"Src/main.d" -MT"Src/main.o" --specs=nano.specs -mfpu=fpv4-sp-d16 -mfloat-abi=hard -mthumb -o "Src/main.o"
arm-none-eabi-gcc -o "Buzz_Rover.elf" @"objects.list"   -mcpu=cortex-m4 -T"/home/justjhst/바탕화면/self-balancing-robot/Buzz_Rover/STM32F446RETX_FLASH.ld" --specs=nosys.specs -Wl,-Map="Buzz_Rover.map" -Wl,--gc-sections -static --specs=nano.specs -mfpu=fpv4-sp-d16 -mfloat-abi=hard -mthumb -Wl,--start-group -lc -lm -Wl,--end-group
Finished building target: Buzz_Rover.elf
 
arm-none-eabi-size  Buzz_Rover.elf 
arm-none-eabi-objdump -h -S Buzz_Rover.elf  > "Buzz_Rover.list"
   text	   data	    bss	    dec	    hex	filename
   7948	     96	   1920	   9964	   26ec	Buzz_Rover.elf
Finished building: default.size.stdout
 
Finished building: Buzz_Rover.list
 
03:14:37 **** Incremental Build of configuration Debug for project Buzz_Rover ****
make -j4 all 
arm-none-eabi-size  Buzz_Rover.elf 
   text	   data	    bss	    dec	    hex	filename
   7948	     96	   1920	   9964	   26ec	Buzz_Rover.elf
Finished building: default.size.stdout
 
03:22:39 **** Incremental Build of configuration Debug for project Buzz_Rover ****
make -j4 all 
arm-none-eabi-size  Buzz_Rover.elf 
   text	   data	    bss	    dec	    hex	filename
   7948	     96	   1920	   9964	   26ec	Buzz_Rover.elf
Finished building: default.size.stdout
 
23:43:22 **** Incremental Build of configuration Debug for project Buzz_Rover ****
make -j4 all 
arm-none-eabi-size  Buzz_Rover.elf 
   text	   data	    bss	    dec	    hex	filename
   7948	     96	   1920	   9964	   26ec	Buzz_Rover.elf
Finished building: default.size.stdout
 
23:54:59 **** Incremental Build of configuration Debug for project Buzz_Rover ****
make -j4 all 
arm-none-eabi-size  Buzz_Rover.elf 
   text	   data	    bss	    dec	    hex	filename
   7948	     96	   1920	   9964	   26ec	Buzz_Rover.elf
Finished building: default.size.stdout
 
10:27:10 **** Incremental Build of configuration Debug for project Buzz_Rover ****
make -j4 all 
arm-none-eabi-size  Buzz_Rover.elf 
   text	   data	    bss	    dec	    hex	filename
   7948	     96	   1920	   9964	   26ec	Buzz_Rover.elf
Finished building: default.size.stdout
 
10:27:12 **** Incremental Build of configuration Debug for project Buzz_Rover ****
make -j4 all 
arm-none-eabi-size  Buzz_Rover.elf 
   text	   data	    bss	    dec	    hex	filename
   7948	     96	   1920	   9964	   26ec	Buzz_Rover.elf
Finished building: default.size.stdout
 
10:27:41 **** Incremental Build of configuration Debug for project Buzz_Rover ****
make -j4 all 
arm-none-eabi-size  Buzz_Rover.elf 
   text	   data	    bss	    dec	    hex	filename
   7948	     96	   1920	   9964	   26ec	Buzz_Rover.elf
Finished building: default.size.stdout
 
10:27:55 **** Incremental Build of configuration Debug for project Buzz_Rover ****
make -j4 all 
arm-none-eabi-size  Buzz_Rover.elf 
   text	   data	    bss	    dec	    hex	filename
   7948	     96	   1920	   9964	   26ec	Buzz_Rover.elf
Finished building: default.size.stdout
 
